BL51 BANKED LINKER/LOCATER V6.22                                                        03/01/2016  13:30:42  PAGE 1


BL51 BANKED LINKER/LOCATER V6.22, INVOKED BY:
E:\KEIL_C51\C51\BIN\BL51.EXE .\output\main.obj, .\output\MeaPro.obj, .\output\SetPara.obj, .\output\HisRecord.obj, .\out
>> put\Uart.obj, .\output\I2C.obj, .\output\DSPs.obj, .\output\lcd.obj TO .\output\IR PRINT (.\listing\IR.m51) RAMSIZE (
>> 256)


MEMORY MODEL: LARGE WITH FLOATING POINT ARITHMETIC


INPUT MODULES INCLUDED:
  .\output\main.obj (MAIN)
  .\output\MeaPro.obj (MEAPRO)
  .\output\SetPara.obj (SETPARA)
  .\output\HisRecord.obj (HISRECORD)
  .\output\Uart.obj (UART)
  .\output\I2C.obj (I2C)
  .\output\DSPs.obj (DSPS)
  .\output\lcd.obj (LCD)
  E:\KEIL_C51\C51\LIB\C51FPL.LIB (?C?FPADD)
  E:\KEIL_C51\C51\LIB\C51FPL.LIB (?C?FPDIV)
  E:\KEIL_C51\C51\LIB\C51FPL.LIB (?C?FPCMP)
  E:\KEIL_C51\C51\LIB\C51FPL.LIB (?C?FCAST)
  E:\KEIL_C51\C51\LIB\C51FPL.LIB (?C?CASTF)
  E:\KEIL_C51\C51\LIB\C51FPL.LIB (PRINTF)
  E:\KEIL_C51\C51\LIB\C51FPL.LIB (SCANF)
  E:\KEIL_C51\C51\LIB\C51FPL.LIB (VSPRINTF)
  E:\KEIL_C51\C51\LIB\C51FPL.LIB (?C?FPGETOPN)
  E:\KEIL_C51\C51\LIB\C51FPL.LIB (?C?FPROUND)
  E:\KEIL_C51\C51\LIB\C51FPL.LIB (?C?FPCONVERT)
  E:\KEIL_C51\C51\LIB\C51FPL.LIB (?C?ATOF)
  E:\KEIL_C51\C51\LIB\C51FPL.LIB (?C?FPMUL)
  E:\KEIL_C51\C51\LIB\C51FPL.LIB (?C?FPNEG)
  E:\KEIL_C51\C51\LIB\C51FPL.LIB (?C?FTNPWR)
  E:\KEIL_C51\C51\LIB\C51L.LIB (?C_STARTUP)
  E:\KEIL_C51\C51\LIB\C51L.LIB (?C?CLDPTR)
  E:\KEIL_C51\C51\LIB\C51L.LIB (?C?CLDOPTR)
  E:\KEIL_C51\C51\LIB\C51L.LIB (?C?CILDPTR)
  E:\KEIL_C51\C51\LIB\C51L.LIB (?C?CSTPTR)
  E:\KEIL_C51\C51\LIB\C51L.LIB (?C?IMUL)
  E:\KEIL_C51\C51\LIB\C51L.LIB (?C?SIDIV)
  E:\KEIL_C51\C51\LIB\C51L.LIB (?C?IILDX)
  E:\KEIL_C51\C51\LIB\C51L.LIB (?C?ILDIX)
  E:\KEIL_C51\C51\LIB\C51L.LIB (?C?ILDPTR)
  E:\KEIL_C51\C51\LIB\C51L.LIB (?C?ISTPTR)
  E:\KEIL_C51\C51\LIB\C51L.LIB (?C?LMUL)
  E:\KEIL_C51\C51\LIB\C51L.LIB (?C?ULDIV)
  E:\KEIL_C51\C51\LIB\C51L.LIB (?C?LNEG)
  E:\KEIL_C51\C51\LIB\C51L.LIB (?C?ULCMP)
  E:\KEIL_C51\C51\LIB\C51L.LIB (?C?LSHL)
  E:\KEIL_C51\C51\LIB\C51L.LIB (?C?LSTPTR)
  E:\KEIL_C51\C51\LIB\C51L.LIB (?C?LSTXDATA)
  E:\KEIL_C51\C51\LIB\C51L.LIB (?C?LSTKXDATA)
  E:\KEIL_C51\C51\LIB\C51L.LIB (?C?PLDXDATA)
  E:\KEIL_C51\C51\LIB\C51L.LIB (?C?PLDIXDATA)
  E:\KEIL_C51\C51\LIB\C51L.LIB (?C?PILDXDATA)
  E:\KEIL_C51\C51\LIB\C51L.LIB (?C?PSTXDATA)
  E:\KEIL_C51\C51\LIB\C51L.LIB (?C?CCASE)
  E:\KEIL_C51\C51\LIB\C51L.LIB (?C?ICASE)
BL51 BANKED LINKER/LOCATER V6.22                                                      03/01/2016  13:30:42  PAGE 2


  E:\KEIL_C51\C51\LIB\C51L.LIB (PUTCHAR)
  E:\KEIL_C51\C51\LIB\C51L.LIB (GETCHAR)
  E:\KEIL_C51\C51\LIB\C51L.LIB (UNGETC)
  E:\KEIL_C51\C51\LIB\C51L.LIB (ISSPACE)
  E:\KEIL_C51\C51\LIB\C51L.LIB (?C_INIT)
  E:\KEIL_C51\C51\LIB\C51L.LIB (?C?UIDIV)
  E:\KEIL_C51\C51\LIB\C51L.LIB (?C?LSTIDATA)
  E:\KEIL_C51\C51\LIB\C51L.LIB (?C?LSTPDATA)
  E:\KEIL_C51\C51\LIB\C51L.LIB (_GETKEY)


LINK MAP OF MODULE:  .\output\IR (MAIN)


            TYPE    BASE      LENGTH    RELOCATION   SEGMENT NAME
            -----------------------------------------------------

            * * * * * * *   D A T A   M E M O R Y   * * * * * * *
            REG     0000H     0008H     ABSOLUTE     "REG BANK 0"
            DATA    0008H     000BH     UNIT         _DATA_GROUP_
                    0013H     000DH                  *** GAP ***
            BIT     0020H.0   0002H.1   UNIT         _BIT_GROUP_
            BIT     0022H.1   0001H.0   UNIT         ?BI?MAIN
            BIT     0023H.1   0000H.5   UNIT         ?BI?UART
            BIT     0023H.6   0000H.1   UNIT         ?BI?GETCHAR
                    0023H.7   0000H.1                *** GAP ***
            IDATA   0024H     0001H     UNIT         ?STACK

            * * * * * * *  X D A T A   M E M O R Y  * * * * * * *
            XDATA   0000H     010BH     UNIT         ?XD?MAIN
            XDATA   010BH     00A9H     UNIT         ?XD?UART
            XDATA   01B4H     0061H     UNIT         ?XD?_USART_DEBUG?UART
            XDATA   0215H     0051H     UNIT         _XDATA_GROUP_
            XDATA   0266H     0006H     UNIT         ?XD?_VSPRINTF?VSPRINTF
            XDATA   026CH     0004H     UNIT         ?XD?MEAPRO
            XDATA   0270H     0001H     UNIT         ?XD?HISRECORD
            XDATA   0271H     0001H     UNIT         ?XD?GETCHAR

            * * * * * * *   C O D E   M E M O R Y   * * * * * * *
            CODE    0000H     0003H     ABSOLUTE     
            CODE    0003H     001DH     UNIT         ?PR?ANSWER_I2C?I2C
                    0020H     0003H                  *** GAP ***
            CODE    0023H     0003H     ABSOLUTE     
            CODE    0026H     0014H     UNIT         ?PR?GETCHAR?GETCHAR
                    003AH     0001H                  *** GAP ***
            CODE    003BH     0003H     ABSOLUTE     
            CODE    003EH     14E5H     UNIT         ?CO?LCD
            CODE    1523H     0A99H     UNIT         ?PR?DATA_PRO?MAIN
            CODE    1FBCH     096BH     UNIT         ?C?LIB_CODE
            CODE    2927H     06DCH     UNIT         ?PR?_PARAPAGE?SETPARA
            CODE    3003H     06B2H     UNIT         ?PR?_PARPAGUPD?SETPARA
            CODE    36B5H     04A4H     UNIT         ?PR?_MEASUREPROPAGE?MEAPRO
            CODE    3B59H     0483H     UNIT         ?PR?PRINTF?PRINTF
            CODE    3FDCH     0408H     UNIT         ?PR?_SAVEDEAL?HISRECORD
            CODE    43E4H     0365H     UNIT         ?PR?_UPDHISREC?HISRECORD
            CODE    4749H     035AH     UNIT         ?PR?SCANF?SCANF
            CODE    4AA3H     02ECH     UNIT         ?PR?_HISTORYPRO?HISRECORD
BL51 BANKED LINKER/LOCATER V6.22                                                      03/01/2016  13:30:42  PAGE 3


            CODE    4D8FH     02D9H     UNIT         ?PR?_DRAW_LINE?LCD
            CODE    5068H     0225H     UNIT         ?PR?_DRAW_ARCFRAME?LCD
            CODE    528DH     020CH     UNIT         ?PR?_DELETREC?HISRECORD
            CODE    5499H     01DAH     UNIT         ?PR?_DRAW_ARC?LCD
            CODE    5673H     01C2H     UNIT         ?CO?MEAPRO
            CODE    5835H     01ABH     UNIT         ?PR?_LCD_DISPLAY_STRING?LCD
            CODE    59E0H     01A4H     UNIT         ?PR?_READRAM?HISRECORD
            CODE    5B84H     017AH     UNIT         ?PR?CHRECSUCCESS?UART
            CODE    5CFEH     016AH     UNIT         ?PR?_DATTYPDEF?HISRECORD
            CODE    5E68H     0169H     UNIT         ?PR?INTERFACEINIT?MAIN
            CODE    5FD1H     0165H     UNIT         ?PR?_MEAPRODEAL?MEAPRO
            CODE    6136H     0163H     UNIT         ?PR?HIS_RECORD?HISRECORD
            CODE    6299H     0156H     UNIT         ?PR?_DACAMPCOMMAND?DSPS
            CODE    63EFH     0156H     UNIT         ?PR?_DACCOMMAND?DSPS
            CODE    6545H     0150H     UNIT         ?CO?SETPARA
            CODE    6695H     0141H     UNIT         ?PR?STARTPARA?SETPARA
            CODE    67D6H     0135H     UNIT         ?PR?PCA_INT?MAIN
            CODE    690BH     0133H     UNIT         ?PR?_SHOW_CHAR?LCD
            CODE    6A3EH     0131H     UNIT         ?PR?_SHOW_STRING?LCD
            CODE    6B6FH     012AH     UNIT         ?PR?STARTBACMES?MEAPRO
            CODE    6C99H     0114H     UNIT         ?PR?_CHINESE_STRING?LCD
            CODE    6DADH     00FFH     UNIT         ?C_INITSEG
            CODE    6EACH     00F8H     UNIT         ?PR?RECDEAL?UART
            CODE    6FA4H     00F3H     UNIT         ?PR?_MEADETAIL?MEAPRO
            CODE    7097H     00E6H     UNIT         ?PR??C?ATOF??C?ATOF
            CODE    717DH     00E3H     UNIT         ?PR?_SHOW_CHINESE?LCD
            CODE    7260H     00CDH     UNIT         ?PR?_PREMEA?MAIN
            CODE    732DH     00CBH     UNIT         ?PR?MEAVALUEUPD?MEAPRO
            CODE    73F8H     00BAH     UNIT         ?CO?MAIN
            CODE    74B2H     00B9H     UNIT         ?PR?INTFACEPRO?MAIN
            CODE    756BH     00B5H     UNIT         ?PR?_DRAW_FILLRECT?LCD
            CODE    7620H     00ABH     UNIT         ?CO?HISRECORD
            CODE    76CBH     00A9H     UNIT         ?PR?_CLEAR_WINDOWS?LCD
            CODE    7774H     00A9H     UNIT         ?PR?_SHOW_POWER?LCD
            CODE    781DH     00A4H     UNIT         ?PR?PACKBAG?UART
            CODE    78C1H     00A2H     UNIT         ?PR?_USART_DEBUG?UART
            CODE    7963H     00A1H     UNIT         ?PR?_SHOW_LOGO?LCD
            CODE    7A04H     009DH     UNIT         ?PR?_DRAW_POINT?LCD
            CODE    7AA1H     009CH     UNIT         ?PR?MEASUREBUSYPAGE?MEAPRO
            CODE    7B3DH     009CH     UNIT         ?PR?_STARTLIQSOLMES?MEAPRO
            CODE    7BD9H     0098H     UNIT         ?PR?_DRAW_SCROLLBAR?LCD
            CODE    7C71H     0097H     UNIT         ?PR?LCDSYSTEM_INIT?LCD
            CODE    7D08H     0095H     UNIT         ?PR?MAIN?MAIN
            CODE    7D9DH     008FH     UNIT         ?PR?_HISTORYDEL?HISRECORD
            CODE    7E2CH     008CH     UNIT         ?C_C51STARTUP
            CODE    7EB8H     0085H     UNIT         ?PR?_CRC_CHECK?UART
            CODE    7F3DH     0085H     UNIT         ?PR?_CRC_CHECK2?UART
            CODE    7FC2H     007CH     UNIT         ?PR?_SHOWNUM?HISRECORD
            CODE    803EH     0074H     UNIT         ?PR?_SEARCH?LCD
            CODE    80B2H     0073H     UNIT         ?PR?_WRITE_EEPROM?I2C
            CODE    8125H     006FH     UNIT         ?PR?_LCD_CLEAR?LCD
            CODE    8194H     006DH     UNIT         ?PR?INITINTER?MAIN
            CODE    8201H     0067H     UNIT         ?PR?PARSETUPDPAGE?SETPARA
            CODE    8268H     0066H     UNIT         ?PR?UART?UART
            CODE    82CEH     0065H     UNIT         ?PR?_UPDATA_TIME?I2C
            CODE    8333H     0061H     UNIT         ?PR?_WRITE_EEPROM_ONE?I2C
            CODE    8394H     005EH     UNIT         ?PR?_MEARESDEAL?MEAPRO
BL51 BANKED LINKER/LOCATER V6.22                                                      03/01/2016  13:30:42  PAGE 4


            CODE    83F2H     0051H     UNIT         ?PR?_SCROLL_SET?LCD
            CODE    8443H     004FH     UNIT         ?PR?_READ_EEPROM?I2C
            CODE    8492H     004DH     UNIT         ?PR?_CSR_LOCATE?LCD
            CODE    84DFH     004CH     UNIT         ?PR?_RTC_INIT?I2C
            CODE    852BH     004AH     UNIT         ?PR?_VSPRINTF?VSPRINTF
            CODE    8575H     0048H     UNIT         ?PR?_SAVEVALUE?HISRECORD
            CODE    85BDH     0048H     UNIT         ?PR?_READ_EEPROM_ONE?I2C
            CODE    8605H     0044H     UNIT         ?PR?GET_KEYNUM?MAIN
            CODE    8649H     0042H     UNIT         ?PR?_WRITE_DAT?I2C
            CODE    868BH     003CH     UNIT         ?PR?STARTMES?MEAPRO
            CODE    86C7H     002FH     UNIT         ?PR?_WRITE_CMD?LCD
            CODE    86F6H     002AH     UNIT         ?PR?_MEADETAILDEAL?MEAPRO
            CODE    8720H     0029H     UNIT         ?PR?_WRITE_DATA?LCD
            CODE    8749H     0028H     UNIT         ?PR?_MAINMENU?MAIN
            CODE    8771H     0028H     UNIT         ?PR?_MEASUREBUSY?MEAPRO
            CODE    8799H     0027H     UNIT         ?PR?_OYLAY?LCD
            CODE    87C0H     0027H     UNIT         ?PR?PUTCHAR?PUTCHAR
            CODE    87E7H     0026H     UNIT         ?PR?MEAMODECOPY?MAIN
            CODE    880DH     0026H     UNIT         ?PR?MEAMODEPASTE?MAIN
            CODE    8833H     0025H     UNIT         ?PR?READ_DAT?I2C
            CODE    8858H     0025H     UNIT         ?PR?_LCD_ON?LCD
            CODE    887DH     0024H     UNIT         ?PR?INITPCA?MAIN
            CODE    88A1H     001DH     UNIT         ?PR?READ_DATA?LCD
            CODE    88BEH     001AH     UNIT         ?PR?CHECK_BUSY?I2C
            CODE    88D8H     001AH     UNIT         ?PR?_CSR_FORM?LCD
            CODE    88F2H     0017H     UNIT         ?PR?CHABANDONDATA?UART
            CODE    8909H     0014H     UNIT         ?PR?_ISSPACE?ISSPACE
            CODE    891DH     0010H     UNIT         ?PR?START_I2C?I2C
            CODE    892DH     000EH     UNIT         ?PR?__NOP?I2C
            CODE    893BH     000DH     UNIT         ?PR?STOP_I2C?I2C
            CODE    8948H     000DH     UNIT         ?PR?DACINITIALIZATION?DSPS
            CODE    8955H     000CH     UNIT         ?PR?DELAY1MS?LCD
            CODE    8961H     000AH     UNIT         ?CO?UART
            CODE    896BH     000AH     UNIT         ?PR?_GETKEY?_GETKEY
            CODE    8975H     0009H     UNIT         ?PR?DELAY200US?LCD
            CODE    897EH     0008H     UNIT         ?PR?GETCHAR?UNGETCHAR
            CODE    8986H     0005H     UNIT         ?PR?LCD_OFF?LCD



OVERLAY MAP OF MODULE:   .\output\IR (MAIN)


SEGMENT                                BIT_GROUP          DATA_GROUP          XDATA_GROUP
  +--> CALLED SEGMENT               START    LENGTH     START    LENGTH     START    LENGTH
-------------------------------------------------------------------------------------------
?PR?PCA_INT?MAIN                    -----    -----      -----    -----      -----    -----
  +--> ?PR?GET_KEYNUM?MAIN

*** NEW ROOT ***************************************************

?PR?UART?UART                       -----    -----      -----    -----      -----    -----
  +--> ?PR?RECDEAL?UART

?PR?RECDEAL?UART                    -----    -----      -----    -----      0215H    0002H
  +--> ?PR?CHABANDONDATA?UART
  +--> ?PR?_CRC_CHECK?UART
BL51 BANKED LINKER/LOCATER V6.22                                                      03/01/2016  13:30:42  PAGE 5



?PR?_CRC_CHECK?UART                 -----    -----      -----    -----      0217H    0007H

*** NEW ROOT ***************************************************

?C_C51STARTUP                       -----    -----      -----    -----      -----    -----
  +--> ?PR?MAIN?MAIN
  +--> ?C_INITSEG

?PR?MAIN?MAIN                       0020H.0  0000H.1    -----    -----      -----    -----
  +--> ?PR?INITINTER?MAIN
  +--> ?PR?_WRITE_EEPROM?I2C
  +--> ?PR?_READ_EEPROM?I2C
  +--> ?PR?LCDSYSTEM_INIT?LCD
  +--> ?PR?DACINITIALIZATION?DSPS
  +--> ?PR?_SHOW_LOGO?LCD
  +--> ?PR?INTERFACEINIT?MAIN
  +--> ?PR?INTFACEPRO?MAIN
  +--> ?PR?DATA_PRO?MAIN
  +--> ?PR?CHRECSUCCESS?UART
  +--> ?CO?MAIN
  +--> ?PR?_LCD_DISPLAY_STRING?LCD

?PR?INITINTER?MAIN                  -----    -----      -----    -----      -----    -----
  +--> ?PR?INITPCA?MAIN

?PR?_WRITE_EEPROM?I2C               -----    -----      -----    -----      0230H    0009H
  +--> ?PR?_WRITE_EEPROM_ONE?I2C
  +--> ?PR?__NOP?I2C
  +--> ?PR?STOP_I2C?I2C

?PR?_WRITE_EEPROM_ONE?I2C           -----    -----      -----    -----      0239H    0007H
  +--> ?PR?CHECK_BUSY?I2C
  +--> ?PR?START_I2C?I2C
  +--> ?PR?_WRITE_DAT?I2C
  +--> ?PR?STOP_I2C?I2C
  +--> ?PR?_READ_EEPROM_ONE?I2C

?PR?START_I2C?I2C                   -----    -----      -----    -----      -----    -----
  +--> ?PR?__NOP?I2C

?PR?_WRITE_DAT?I2C                  -----    -----      -----    -----      -----    -----
  +--> ?PR?__NOP?I2C
  +--> ?PR?ANSWER_I2C?I2C

?PR?ANSWER_I2C?I2C                  0020H.7  0000H.1    -----    -----      -----    -----
  +--> ?PR?__NOP?I2C

?PR?STOP_I2C?I2C                    -----    -----      -----    -----      -----    -----
  +--> ?PR?__NOP?I2C

?PR?_READ_EEPROM_ONE?I2C            -----    -----      -----    -----      0247H    0005H
  +--> ?PR?CHECK_BUSY?I2C
  +--> ?PR?START_I2C?I2C
  +--> ?PR?_WRITE_DAT?I2C
  +--> ?PR?READ_DAT?I2C
  +--> ?PR?STOP_I2C?I2C
BL51 BANKED LINKER/LOCATER V6.22                                                      03/01/2016  13:30:42  PAGE 6



?PR?READ_DAT?I2C                    -----    -----      -----    -----      -----    -----
  +--> ?PR?__NOP?I2C

?PR?_READ_EEPROM?I2C                -----    -----      -----    -----      0240H    0007H
  +--> ?PR?_READ_EEPROM_ONE?I2C
  +--> ?PR?STOP_I2C?I2C

?PR?LCDSYSTEM_INIT?LCD              -----    -----      -----    -----      -----    -----
  +--> ?PR?DELAY200US?LCD
  +--> ?PR?DELAY1MS?LCD
  +--> ?PR?_WRITE_CMD?LCD
  +--> ?CO?LCD
  +--> ?PR?_WRITE_DATA?LCD
  +--> ?PR?_SCROLL_SET?LCD
  +--> ?PR?LCD_OFF?LCD
  +--> ?PR?_CSR_FORM?LCD
  +--> ?PR?_OYLAY?LCD
  +--> ?PR?_LCD_ON?LCD
  +--> ?PR?_LCD_CLEAR?LCD
  +--> ?PR?_CSR_LOCATE?LCD

?PR?_WRITE_CMD?LCD                  -----    -----      -----    -----      -----    -----
  +--> ?PR?_CSR_LOCATE?LCD

?PR?_CSR_LOCATE?LCD                 -----    -----      -----    -----      -----    -----
  +--> ?PR?_WRITE_DATA?LCD

?PR?_SCROLL_SET?LCD                 -----    -----      -----    -----      021EH    000AH
  +--> ?PR?_WRITE_CMD?LCD
  +--> ?PR?_WRITE_DATA?LCD

?PR?LCD_OFF?LCD                     -----    -----      -----    -----      -----    -----
  +--> ?PR?_WRITE_CMD?LCD

?PR?_CSR_FORM?LCD                   -----    -----      -----    -----      -----    -----
  +--> ?PR?_WRITE_CMD?LCD
  +--> ?PR?_WRITE_DATA?LCD

?PR?_OYLAY?LCD                      -----    -----      -----    -----      021EH    0004H
  +--> ?PR?_WRITE_CMD?LCD
  +--> ?PR?_WRITE_DATA?LCD

?PR?_LCD_ON?LCD                     -----    -----      -----    -----      021EH    0004H
  +--> ?PR?_WRITE_CMD?LCD
  +--> ?PR?_WRITE_DATA?LCD

?PR?_LCD_CLEAR?LCD                  -----    -----      -----    -----      -----    -----
  +--> ?PR?_WRITE_CMD?LCD
  +--> ?PR?_WRITE_DATA?LCD

?PR?_SHOW_LOGO?LCD                  0020H.1  0000H.1    -----    -----      021EH    000AH
  +--> ?PR?_WRITE_CMD?LCD
  +--> ?PR?_READ_EEPROM?I2C
  +--> ?PR?_WRITE_DATA?LCD

?PR?INTERFACEINIT?MAIN              -----    -----      -----    -----      -----    -----
BL51 BANKED LINKER/LOCATER V6.22                                                      03/01/2016  13:30:42  PAGE 7


  +--> ?PR?_CLEAR_WINDOWS?LCD
  +--> ?PR?_SHOW_POWER?LCD
  +--> ?CO?MAIN
  +--> ?PR?_LCD_DISPLAY_STRING?LCD
  +--> ?PR?_DRAW_ARCFRAME?LCD

?PR?_CLEAR_WINDOWS?LCD              0021H.0  0000H.1    -----    -----      0236H    000AH
  +--> ?PR?_WRITE_CMD?LCD
  +--> ?PR?_WRITE_DATA?LCD

?PR?_SHOW_POWER?LCD                 0020H.5  0000H.1    -----    -----      022DH    0006H
  +--> ?CO?LCD
  +--> ?PR?_SHOW_STRING?LCD
  +--> ?PR?_DRAW_FILLRECT?LCD

?PR?_SHOW_STRING?LCD                0020H.6  0000H.1    -----    -----      0233H    000DH
  +--> ?PR?_SHOW_CHAR?LCD

?PR?_SHOW_CHAR?LCD                  0021H.2  0000H.2    -----    -----      0248H    000DH
  +--> ?CO?LCD
  +--> ?PR?_SEARCH?LCD
  +--> ?PR?_WRITE_CMD?LCD
  +--> ?PR?_WRITE_DATA?LCD

?PR?_SEARCH?LCD                     0021H.4  0000H.1    -----    -----      0258H    000AH

?PR?_DRAW_FILLRECT?LCD              -----    -----      -----    -----      0235H    000BH
  +--> ?PR?_DRAW_LINE?LCD

?PR?_DRAW_LINE?LCD                  0021H.1  0000H.1    -----    -----      0240H    0012H
  +--> ?PR?_DRAW_POINT?LCD

?PR?_DRAW_POINT?LCD                 0021H.2  0000H.1    -----    -----      0252H    0005H
  +--> ?PR?_CSR_LOCATE?LCD
  +--> ?PR?_WRITE_CMD?LCD
  +--> ?PR?READ_DATA?LCD
  +--> ?PR?_WRITE_DATA?LCD

?PR?_LCD_DISPLAY_STRING?LCD         0021H.0  0000H.2    -----    -----      0236H    0012H
  +--> ?PR?_SHOW_CHINESE?LCD
  +--> ?PR?_SHOW_CHAR?LCD

?PR?_SHOW_CHINESE?LCD               0021H.2  0000H.2    -----    -----      0248H    0010H
  +--> ?CO?LCD
  +--> ?PR?_SEARCH?LCD
  +--> ?PR?_WRITE_CMD?LCD
  +--> ?PR?_WRITE_DATA?LCD

?PR?_DRAW_ARCFRAME?LCD              0021H.0  0000H.1    -----    -----      0230H    0008H
  +--> ?PR?_DRAW_ARC?LCD
  +--> ?PR?_DRAW_LINE?LCD

?PR?_DRAW_ARC?LCD                   0021H.1  0000H.1    -----    -----      0238H    000EH
  +--> ?PR?_DRAW_POINT?LCD

?PR?INTFACEPRO?MAIN                 -----    -----      -----    -----      -----    -----
  +--> ?PR?_MAINMENU?MAIN
BL51 BANKED LINKER/LOCATER V6.22                                                      03/01/2016  13:30:42  PAGE 8


  +--> ?PR?_HISTORYPRO?HISRECORD
  +--> ?PR?_HISTORYDEL?HISRECORD
  +--> ?PR?_PREMEA?MAIN
  +--> ?PR?_MEASUREBUSY?MEAPRO
  +--> ?PR?_MEAPRODEAL?MEAPRO
  +--> ?PR?_MEARESDEAL?MEAPRO
  +--> ?PR?_PARPAGUPD?SETPARA
  +--> ?PR?_MEADETAILDEAL?MEAPRO

?PR?_MAINMENU?MAIN                  -----    -----      -----    -----      022DH    0001H
  +--> ?PR?STARTBACMES?MEAPRO
  +--> ?PR?_STARTLIQSOLMES?MEAPRO
  +--> ?PR?STARTPARA?SETPARA
  +--> ?PR?HIS_RECORD?HISRECORD

?PR?STARTBACMES?MEAPRO              -----    -----      -----    -----      -----    -----
  +--> ?PR?MEAMODECOPY?MAIN
  +--> ?PR?_CLEAR_WINDOWS?LCD
  +--> ?CO?MEAPRO
  +--> ?PR?_LCD_DISPLAY_STRING?LCD
  +--> ?PR?_DRAW_ARCFRAME?LCD
  +--> ?PR?_MEASUREPROPAGE?MEAPRO

?PR?_MEASUREPROPAGE?MEAPRO          0020H.6  0000H.2    -----    -----      022FH    0001H
  +--> ?PR?_CLEAR_WINDOWS?LCD
  +--> ?CO?MEAPRO
  +--> ?PR?_LCD_DISPLAY_STRING?LCD
  +--> ?PR?PRINTF?PRINTF
  +--> ?PR?_DRAW_ARCFRAME?LCD

?PR?PRINTF?PRINTF                   0021H.0  0001H.1    0008H    0005H      0236H    0030H
  +--> ?PR?PUTCHAR?PUTCHAR

?PR?_STARTLIQSOLMES?MEAPRO          -----    -----      -----    -----      022EH    0001H
  +--> ?PR?MEAMODECOPY?MAIN
  +--> ?PR?_CLEAR_WINDOWS?LCD
  +--> ?CO?MEAPRO
  +--> ?PR?_LCD_DISPLAY_STRING?LCD
  +--> ?PR?_PARAPAGE?SETPARA
  +--> ?PR?_MEASUREPROPAGE?MEAPRO

?PR?_PARAPAGE?SETPARA               -----    -----      -----    -----      022FH    0001H
  +--> ?PR?_CLEAR_WINDOWS?LCD
  +--> ?CO?SETPARA
  +--> ?PR?_LCD_DISPLAY_STRING?LCD
  +--> ?PR?_READ_EEPROM?I2C
  +--> ?PR?PRINTF?PRINTF
  +--> ?PR?_SHOW_STRING?LCD
  +--> ?PR?_DRAW_ARCFRAME?LCD
  +--> ?PR?PARSETUPDPAGE?SETPARA

?PR?PARSETUPDPAGE?SETPARA           -----    -----      -----    -----      -----    -----
  +--> ?PR?_LCD_DISPLAY_STRING?LCD

?PR?STARTPARA?SETPARA               -----    -----      -----    -----      -----    -----
  +--> ?PR?MEAMODECOPY?MAIN
  +--> ?PR?_CLEAR_WINDOWS?LCD
BL51 BANKED LINKER/LOCATER V6.22                                                      03/01/2016  13:30:42  PAGE 9


  +--> ?PR?_DRAW_ARCFRAME?LCD
  +--> ?CO?SETPARA
  +--> ?PR?_CHINESE_STRING?LCD
  +--> ?PR?_LCD_DISPLAY_STRING?LCD

?PR?_CHINESE_STRING?LCD             0020H.6  0000H.1    -----    -----      022EH    000FH
  +--> ?PR?_SHOW_CHINESE?LCD

?PR?HIS_RECORD?HISRECORD            -----    -----      -----    -----      -----    -----
  +--> ?PR?_READ_EEPROM?I2C
  +--> ?PR?_CLEAR_WINDOWS?LCD
  +--> ?CO?HISRECORD
  +--> ?PR?_LCD_DISPLAY_STRING?LCD
  +--> ?PR?_SHOW_STRING?LCD
  +--> ?PR?_UPDHISREC?HISRECORD
  +--> ?PR?_SHOWNUM?HISRECORD
  +--> ?PR?_DRAW_SCROLLBAR?LCD
  +--> ?PR?_DRAW_ARCFRAME?LCD

?PR?_UPDHISREC?HISRECORD            -----    -----      -----    -----      022EH    0008H
  +--> ?PR?_READRAM?HISRECORD
  +--> ?PR?_CLEAR_WINDOWS?LCD
  +--> ?CO?HISRECORD
  +--> ?PR?PRINTF?PRINTF
  +--> ?PR?_LCD_DISPLAY_STRING?LCD
  +--> ?PR?_DATTYPDEF?HISRECORD

?PR?_READRAM?HISRECORD              -----    -----      -----    -----      0236H    000AH
  +--> ?PR?_READ_EEPROM?I2C

?PR?_DATTYPDEF?HISRECORD            -----    -----      -----    -----      0236H    0008H

?PR?_SHOWNUM?HISRECORD              -----    -----      -----    -----      022EH    0002H
  +--> ?PR?_READ_EEPROM?I2C
  +--> ?CO?HISRECORD
  +--> ?PR?PRINTF?PRINTF
  +--> ?PR?_LCD_DISPLAY_STRING?LCD

?PR?_DRAW_SCROLLBAR?LCD             0020H.6  0000H.2    -----    -----      022EH    0007H
  +--> ?PR?_DRAW_FILLRECT?LCD

?PR?_HISTORYPRO?HISRECORD           -----    -----      -----    -----      -----    -----
  +--> ?PR?_CLEAR_WINDOWS?LCD
  +--> ?PR?_UPDHISREC?HISRECORD
  +--> ?PR?_SHOWNUM?HISRECORD
  +--> ?CO?HISRECORD
  +--> ?PR?_LCD_DISPLAY_STRING?LCD
  +--> ?PR?_DRAW_SCROLLBAR?LCD
  +--> ?PR?INTERFACEINIT?MAIN

?PR?_HISTORYDEL?HISRECORD           -----    -----      -----    -----      -----    -----
  +--> ?PR?_DELETREC?HISRECORD
  +--> ?PR?_READ_EEPROM?I2C
  +--> ?PR?_MAINMENU?MAIN

?PR?_DELETREC?HISRECORD             -----    -----      -----    -----      0223H    0007H
  +--> ?PR?_READ_EEPROM?I2C
BL51 BANKED LINKER/LOCATER V6.22                                                      03/01/2016  13:30:42  PAGE 10


  +--> ?PR?_WRITE_EEPROM?I2C

?PR?_PREMEA?MAIN                    -----    -----      -----    -----      021EH    0001H
  +--> ?PR?STARTMES?MEAPRO
  +--> ?PR?MEAMODEPASTE?MAIN
  +--> ?PR?_CLEAR_WINDOWS?LCD
  +--> ?CO?MAIN
  +--> ?PR?_LCD_DISPLAY_STRING?LCD
  +--> ?PR?_PARAPAGE?SETPARA
  +--> ?PR?MEASUREBUSYPAGE?MEAPRO
  +--> ?PR?_MEASUREPROPAGE?MEAPRO
  +--> ?PR?INTERFACEINIT?MAIN

?PR?MEASUREBUSYPAGE?MEAPRO          -----    -----      -----    -----      -----    -----
  +--> ?PR?_CLEAR_WINDOWS?LCD
  +--> ?CO?MEAPRO
  +--> ?PR?_LCD_DISPLAY_STRING?LCD
  +--> ?PR?_DRAW_ARCFRAME?LCD

?PR?_MEASUREBUSY?MEAPRO             -----    -----      -----    -----      -----    -----
  +--> ?PR?MEAMODEPASTE?MAIN
  +--> ?PR?_MAINMENU?MAIN

?PR?_MEAPRODEAL?MEAPRO              -----    -----      -----    -----      0225H    0002H
  +--> ?PR?_MEADETAIL?MEAPRO
  +--> ?PR?_CLEAR_WINDOWS?LCD
  +--> ?CO?MEAPRO
  +--> ?PR?_LCD_DISPLAY_STRING?LCD
  +--> ?PR?_DRAW_ARCFRAME?LCD
  +--> ?PR?_MEASUREPROPAGE?MEAPRO
  +--> ?PR?_MAINMENU?MAIN
  +--> ?PR?INTERFACEINIT?MAIN

?PR?_MEADETAIL?MEAPRO               -----    -----      -----    -----      0227H    0001H
  +--> ?PR?_CLEAR_WINDOWS?LCD
  +--> ?CO?MEAPRO
  +--> ?PR?_LCD_DISPLAY_STRING?LCD
  +--> ?PR?_DRAW_ARCFRAME?LCD

?PR?_MEARESDEAL?MEAPRO              -----    -----      -----    -----      0225H    0002H
  +--> ?PR?_MEADETAIL?MEAPRO
  +--> ?PR?STARTMES?MEAPRO
  +--> ?PR?_CLEAR_WINDOWS?LCD
  +--> ?PR?_MEASUREPROPAGE?MEAPRO
  +--> ?PR?_SAVEVALUE?HISRECORD
  +--> ?PR?_MAINMENU?MAIN

?PR?_SAVEVALUE?HISRECORD            0020H.5  0000H.1    -----    -----      0227H    0001H
  +--> ?PR?_SAVEDEAL?HISRECORD
  +--> ?PR?_MAINMENU?MAIN
  +--> ?PR?_CLEAR_WINDOWS?LCD
  +--> ?CO?HISRECORD
  +--> ?PR?_LCD_DISPLAY_STRING?LCD

?PR?_SAVEDEAL?HISRECORD             0020H.6  0000H.1    -----    -----      0228H    0008H
  +--> ?PR?_READ_EEPROM?I2C
  +--> ?PR?_WRITE_EEPROM?I2C
BL51 BANKED LINKER/LOCATER V6.22                                                      03/01/2016  13:30:42  PAGE 11



?PR?_PARPAGUPD?SETPARA              -----    -----      -----    -----      021EH    000FH
  +--> ?CO?MAIN
  +--> ?PR?PARSETUPDPAGE?SETPARA
  +--> ?PR?STARTMES?MEAPRO
  +--> ?CO?SETPARA
  +--> ?PR?SCANF?SCANF
  +--> ?PR?_WRITE_EEPROM?I2C
  +--> ?PR?_MEASUREPROPAGE?MEAPRO
  +--> ?PR?MEASUREBUSYPAGE?MEAPRO
  +--> ?PR?_RTC_INIT?I2C
  +--> ?PR?_DACCOMMAND?DSPS
  +--> ?PR?_DACAMPCOMMAND?DSPS
  +--> ?PR?_LCD_DISPLAY_STRING?LCD
  +--> ?PR?_PARAPAGE?SETPARA
  +--> ?PR?MEAMODEPASTE?MAIN
  +--> ?PR?INTERFACEINIT?MAIN
  +--> ?PR?_MAINMENU?MAIN

?PR?SCANF?SCANF                     0020H.1  0000H.6    0008H    0009H      022DH    002EH
  +--> ?PR?GETCHAR?UNGETCHAR
  +--> ?PR?_ISSPACE?ISSPACE
  +--> ?PR?GETCHAR?GETCHAR
  +--> ?PR??C?ATOF??C?ATOF

?PR?GETCHAR?GETCHAR                 -----    -----      -----    -----      -----    -----
  +--> ?PR?_GETKEY?_GETKEY
  +--> ?PR?PUTCHAR?PUTCHAR

?PR??C?ATOF??C?ATOF                 0020H.7  0000H.5    0011H    0002H      -----    -----

?PR?_RTC_INIT?I2C                   -----    -----      -----    -----      022DH    0005H
  +--> ?PR?CHECK_BUSY?I2C
  +--> ?PR?START_I2C?I2C
  +--> ?PR?_WRITE_DAT?I2C
  +--> ?PR?STOP_I2C?I2C

?PR?_DACCOMMAND?DSPS                -----    -----      -----    -----      022DH    0004H

?PR?_DACAMPCOMMAND?DSPS             -----    -----      -----    -----      022DH    0004H

?PR?_MEADETAILDEAL?MEAPRO           -----    -----      -----    -----      -----    -----
  +--> ?PR?_MEASUREPROPAGE?MEAPRO
  +--> ?PR?DATA_PRO?MAIN
  +--> ?PR?_MEAPRODEAL?MEAPRO

?PR?DATA_PRO?MAIN                   0020H.1  0000H.4    -----    -----      021EH    0007H
  +--> ?PR?_UPDATA_TIME?I2C
  +--> ?PR?_CLEAR_WINDOWS?LCD
  +--> ?CO?MAIN
  +--> ?PR?PRINTF?PRINTF
  +--> ?PR?_LCD_DISPLAY_STRING?LCD
  +--> ?PR?MEAMODEPASTE?MAIN
  +--> ?PR?_MEASUREPROPAGE?MEAPRO
  +--> ?PR?_MEAPRODEAL?MEAPRO
  +--> ?PR?_MEARESDEAL?MEAPRO
  +--> ?PR?STARTMES?MEAPRO
BL51 BANKED LINKER/LOCATER V6.22                                                      03/01/2016  13:30:42  PAGE 12


  +--> ?PR?MEAVALUEUPD?MEAPRO
  +--> ?PR?PACKBAG?UART

?PR?_UPDATA_TIME?I2C                -----    -----      -----    -----      0225H    0005H
  +--> ?PR?CHECK_BUSY?I2C
  +--> ?PR?START_I2C?I2C
  +--> ?PR?_WRITE_DAT?I2C
  +--> ?PR?READ_DAT?I2C
  +--> ?PR?STOP_I2C?I2C

?PR?MEAVALUEUPD?MEAPRO              -----    -----      -----    -----      0225H    0002H

?PR?PACKBAG?UART                    -----    -----      -----    -----      -----    -----
  +--> ?PR?_CRC_CHECK2?UART

?PR?_CRC_CHECK2?UART                -----    -----      -----    -----      0225H    0007H

?PR?CHRECSUCCESS?UART               0020H.1  0000H.1    -----    -----      021EH    0005H
  +--> ?PR?PACKBAG?UART
  +--> ?CO?UART
  +--> ?CO?MEAPRO
  +--> ?PR?PRINTF?PRINTF
  +--> ?PR?_LCD_DISPLAY_STRING?LCD
  +--> ?PR?STARTMES?MEAPRO
  +--> ?PR?_SAVEDEAL?HISRECORD
  +--> ?PR?_READRAM?HISRECORD
  +--> ?PR?_DELETREC?HISRECORD



SYMBOL TABLE OF MODULE:  .\output\IR (MAIN)

  VALUE           TYPE          NAME
  ----------------------------------

  -------         MODULE        MAIN
  C:0000H         SYMBOL        _ICE_DUMMY_
  X:0002H         PUBLIC        chBuzzerTim
  X:0003H         PUBLIC        DisBuffer
  D:0080H         PUBLIC        P0
  D:0090H         PUBLIC        P1
  D:00A0H         PUBLIC        P2
  D:00B0H         PUBLIC        P3
  D:00C0H         PUBLIC        P4
  X:000FH         PUBLIC        chParaNum
  D:00C8H         PUBLIC        P5
  B:00A8H.7       PUBLIC        EA
  D:00E8H         PUBLIC        P6
  B:00C8H.1       PUBLIC        LED1
  D:00F8H         PUBLIC        P7
  B:00B0H.6       PUBLIC        LED2
  X:0010H         PUBLIC        chKeyTime
  B:00C8H.0       PUBLIC        LED3
  B:00D8H.7       PUBLIC        CF
  B:0022H.1       PUBLIC        bKeyFlag
  D:00F9H         PUBLIC        CH
  D:00A8H         PUBLIC        IE
BL51 BANKED LINKER/LOCATER V6.22                                                      03/01/2016  13:30:42  PAGE 13


  C:1523H         PUBLIC        Data_Pro
  D:00E9H         PUBLIC        CL
  X:0011H         PUBLIC        SystemPara
  D:00FAH         PUBLIC        CCAP0H
  X:0085H         PUBLIC        hwMeaCPMVal_Cs
  D:00EAH         PUBLIC        CCAP0L
  B:00D8H.6       PUBLIC        CR
  D:00DAH         PUBLIC        CCAPM0
  B:00A8H.4       PUBLIC        ES
  B:0022H.2       PUBLIC        bConMea
  D:00B8H         PUBLIC        IP
  X:0089H         PUBLIC        Para_Pos
  B:0022H.3       PUBLIC        bShowMea
  B:0022H.4       PUBLIC        bDisDel
  B:00F8H.4       PUBLIC        KEY1
  C:8194H         PUBLIC        InitInter
  B:00F8H.5       PUBLIC        KEY2
  C:880DH         PUBLIC        MeaModePaste
  B:00F8H.6       PUBLIC        KEY3
  B:00F8H.7       PUBLIC        KEY4
  C:8749H         PUBLIC        _MainMenu
  B:00C0H.5       PUBLIC        KEY5
  X:008AH         PUBLIC        Xper
  X:008BH         PUBLIC        Yper
  X:008CH         PUBLIC        hwCpsAll
  D:00D8H         PUBLIC        CCON
  X:008EH         PUBLIC        hwMeaCPMVal_I
  X:0092H         PUBLIC        His
  C:7D08H         PUBLIC        main
  X:00C4H         PUBLIC        chSetParMode
  X:00C5H         PUBLIC        Xpos
  X:00C6H         PUBLIC        Ypos
  C:5E68H         PUBLIC        InterfaceInit
  X:00C7H         SYMBOL        HV_Num
  X:00C8H         PUBLIC        ControlRegisterValue
  B:0022H.5       PUBLIC        bSavPar
  X:00CAH         PUBLIC        AccKeyValue
  D:0098H         PUBLIC        SCON
  D:0089H         PUBLIC        TMOD
  D:0088H         PUBLIC        TCON
  C:87E7H         PUBLIC        MeaModeCopy
  C:7260H         PUBLIC        _PreMea
  B:0022H.6       PUBLIC        bAvoidRepeat
  X:00CBH         PUBLIC        hwCpsCs
  D:008EH         PUBLIC        AUXR
  B:0022H.7       PUBLIC        bMeaResuSta
  X:00CDH         PUBLIC        chInterFaceState
  B:0088H.5       PUBLIC        TF0
  X:00CEH         PUBLIC        chPage
  D:008CH         PUBLIC        TH0
  D:008DH         PUBLIC        TH1
  D:00D6H         PUBLIC        T2H
  D:00D2H         PUBLIC        T4H
  D:008AH         PUBLIC        TL0
  C:74B2H         PUBLIC        IntFacePro
  X:00CFH         PUBLIC        hwCpsI
  X:00D1H         PUBLIC        MesCP_Cs
BL51 BANKED LINKER/LOCATER V6.22                                                      03/01/2016  13:30:42  PAGE 14


  C:74AEH         PUBLIC        YposLim
  D:008BH         PUBLIC        TL1
  X:00D5H         PUBLIC        bSetSucFla
  D:00D7H         PUBLIC        T2L
  D:00D3H         PUBLIC        T4L
  B:00B8H.1       PUBLIC        PT0
  B:00B8H.3       PUBLIC        PT1
  B:0088H.4       PUBLIC        TR0
  B:0088H.6       PUBLIC        TR1
  B:0023H.0       PUBLIC        chSec_Fla
  D:00D1H         PUBLIC        T4T3M
  C:8605H         PUBLIC        Get_KeyNum
  C:67D6H         PUBLIC        PCA_Int
  X:00D6H         PUBLIC        MesCP_I
  X:00DAH         PUBLIC        ParaBuffer
  B:00F8H.0       PUBLIC        BUZZER
  X:00FFH         PUBLIC        CSR_Old
  X:0100H         PUBLIC        KEY
  C:887DH         PUBLIC        InitPCA
  X:0101H         PUBLIC        MesCP_ALL
  X:0105H         PUBLIC        chSec_Tim
  X:0107H         PUBLIC        iCount
  D:008FH         PUBLIC        INT_CLKO
  D:00D0H         PUBLIC        PSW
  X:0109H         PUBLIC        RdacValue
  B:00D8H.0       PUBLIC        CCF0
  -------         PROC          MEAMODECOPY
  C:87E7H         LINE#         59
  C:87E7H         LINE#         60
  C:87E7H         LINE#         61
  C:87F3H         LINE#         62
  C:87FAH         LINE#         63
  C:8805H         LINE#         64
  C:880CH         LINE#         65
  -------         ENDPROC       MEAMODECOPY
  -------         PROC          MEAMODEPASTE
  C:880DH         LINE#         67
  C:880DH         LINE#         68
  C:880DH         LINE#         69
  C:8819H         LINE#         70
  C:8820H         LINE#         71
  C:882BH         LINE#         72
  C:8832H         LINE#         73
  -------         ENDPROC       MEAMODEPASTE
  -------         PROC          GET_KEYNUM
  -------         DO            
  D:0007H         SYMBOL        chKeyNum
  -------         ENDDO         
  C:8605H         LINE#         75
  C:8605H         LINE#         76
  C:8605H         LINE#         78
  C:860BH         LINE#         79
  C:860EH         LINE#         80
  C:860FH         LINE#         81
  C:8614H         LINE#         82
  C:8614H         LINE#         83
  C:8617H         LINE#         84
BL51 BANKED LINKER/LOCATER V6.22                                                      03/01/2016  13:30:42  PAGE 15


  C:8619H         LINE#         85
  C:8621H         LINE#         86
  C:8621H         LINE#         87
  C:8624H         LINE#         88
  C:8626H         LINE#         89
  C:862EH         LINE#         90
  C:862EH         LINE#         91
  C:8631H         LINE#         92
  C:8633H         LINE#         93
  C:863BH         LINE#         94
  C:863BH         LINE#         95
  C:863EH         LINE#         96
  C:8640H         LINE#         97
  C:8648H         LINE#         98
  C:8648H         LINE#         99
  C:8648H         LINE#         100
  -------         ENDPROC       GET_KEYNUM
  -------         PROC          INTERFACEINIT
  C:5E68H         LINE#         102
  C:5E68H         LINE#         103
  C:5E68H         LINE#         104
  C:5E70H         LINE#         105
  C:5E75H         LINE#         106
  C:5E91H         LINE#         107
  C:5EA8H         LINE#         108
  C:5EB9H         LINE#         109
  C:5ED2H         LINE#         110
  C:5EF2H         LINE#         111
  C:5F0BH         LINE#         112
  C:5F24H         LINE#         113
  C:5F3DH         LINE#         114
  C:5F56H         LINE#         115
  C:5F6FH         LINE#         116
  C:5F88H         LINE#         117
  C:5FA1H         LINE#         118
  C:5FBAH         LINE#         119
  -------         ENDPROC       INTERFACEINIT
  -------         PROC          _MAINMENU
  X:022DH         SYMBOL        chKey
  C:8749H         LINE#         122
  C:874EH         LINE#         123
  C:874EH         LINE#         124
  C:875FH         LINE#         125
  C:8762H         LINE#         126
  C:8762H         LINE#         127
  C:8762H         LINE#         128
  C:876AH         LINE#         129
  C:876AH         LINE#         131
  C:876DH         LINE#         132
  C:876DH         LINE#         133
  C:8770H         LINE#         134
  C:8770H         LINE#         135
  C:8770H         LINE#         136
  C:8770H         LINE#         137
  -------         ENDPROC       _MAINMENU
  -------         PROC          _PREMEA
  X:021EH         SYMBOL        chKey
BL51 BANKED LINKER/LOCATER V6.22                                                      03/01/2016  13:30:42  PAGE 16


  D:0005H         SYMBOL        chMode
  C:7260H         LINE#         139
  C:7265H         LINE#         140
  C:7265H         LINE#         141
  C:7271H         LINE#         142
  C:7280H         LINE#         143
  C:7289H         LINE#         144
  C:7289H         LINE#         145
  C:728CH         LINE#         146
  C:728CH         LINE#         147
  C:728CH         LINE#         148
  C:728EH         LINE#         149
  C:728EH         LINE#         150
  C:7295H         LINE#         151
  C:7298H         LINE#         153
  C:729FH         LINE#         154
  C:729FH         LINE#         155
  C:72A2H         LINE#         156
  C:72A2H         LINE#         157
  C:72A2H         LINE#         158
  C:72B4H         LINE#         159
  C:72B4H         LINE#         160
  C:72B4H         LINE#         161
  C:72CCH         LINE#         162
  C:72E5H         LINE#         163
  C:72EFH         LINE#         164
  C:72F2H         LINE#         165
  C:72FCH         LINE#         166
  C:72FCH         LINE#         167
  C:7306H         LINE#         168
  C:7313H         LINE#         169
  C:7313H         LINE#         170
  C:731BH         LINE#         171
  C:731BH         LINE#         172
  C:731FH         LINE#         173
  C:7322H         LINE#         174
  C:7329H         LINE#         175
  C:7329H         LINE#         176
  C:7329H         LINE#         177
  C:732CH         LINE#         178
  C:732CH         LINE#         179
  C:732CH         LINE#         180
  C:732CH         LINE#         181
  -------         ENDPROC       _PREMEA
  -------         PROC          INTFACEPRO
  C:74B2H         LINE#         183
  C:74B2H         LINE#         184
  C:74B2H         LINE#         185
  C:74D8H         LINE#         186
  C:74D8H         LINE#         187
  C:74E3H         LINE#         188
  C:74EDH         LINE#         189
  C:7501H         LINE#         191
  C:7513H         LINE#         192
  C:751DH         LINE#         193
  C:752FH         LINE#         194
  C:7546H         LINE#         196
BL51 BANKED LINKER/LOCATER V6.22                                                      03/01/2016  13:30:42  PAGE 17


  C:7555H         LINE#         197
  C:7565H         LINE#         199
  C:7565H         LINE#         200
  C:756AH         LINE#         201
  -------         ENDPROC       INTFACEPRO
  -------         PROC          DATA_PRO
  -------         DO            
  B:0020H.1       SYMBOL        bOverFla
  B:0020H.2       SYMBOL        bTestOveFla
  B:0020H.3       SYMBOL        bDebFla
  B:0020H.4       SYMBOL        bMea_Cou
  X:021EH         SYMBOL        RelativeValue
  X:0222H         SYMBOL        Size_CPM
  D:0007H         SYMBOL        Size_CP
  X:0223H         SYMBOL        add
  -------         ENDDO         
  C:1523H         LINE#         203
  C:1523H         LINE#         204
  C:1523H         LINE#         205
  C:1529H         LINE#         209
  C:152BH         LINE#         210
  C:1536H         LINE#         211
  C:153FH         LINE#         212
  C:1546H         LINE#         213
  C:155EH         LINE#         214
  C:1560H         LINE#         215
  C:1565H         LINE#         216
  C:1565H         LINE#         217
  C:15A7H         LINE#         218
  C:15BFH         LINE#         219
  C:15FFH         LINE#         220
  C:1618H         LINE#         233
  C:1620H         LINE#         234
  C:1627H         LINE#         235
  C:1652H         LINE#         236
  C:167DH         LINE#         237
  C:16A8H         LINE#         239
  C:16AEH         LINE#         240
  C:16B2H         LINE#         241
  C:16B8H         LINE#         242
  C:16BBH         LINE#         243
  C:16C2H         LINE#         244
  C:16C8H         LINE#         245
  C:16CBH         LINE#         246
  C:16CBH         LINE#         247
  C:16CBH         LINE#         248
  C:1709H         LINE#         249
  C:1722H         LINE#         251
  C:1728H         LINE#         252
  C:172FH         LINE#         253
  C:174FH         LINE#         254
  C:1751H         LINE#         255
  C:1771H         LINE#         256
  C:1771H         LINE#         257
  C:179FH         LINE#         258
  C:17A9H         LINE#         259
  C:17B0H         LINE#         260
BL51 BANKED LINKER/LOCATER V6.22                                                      03/01/2016  13:30:42  PAGE 18


  C:17B2H         LINE#         261
  C:17BAH         LINE#         262
  C:17C7H         LINE#         263
  C:17C7H         LINE#         264
  C:17C7H         LINE#         266
  C:17DBH         LINE#         267
  C:17E5H         LINE#         268
  C:17ECH         LINE#         269
  C:17EEH         LINE#         270
  C:17F6H         LINE#         271
  C:1803H         LINE#         272
  C:1803H         LINE#         275
  C:1806H         LINE#         276
  C:1809H         LINE#         277
  C:1816H         LINE#         278
  C:1823H         LINE#         279
  C:1832H         LINE#         280
  C:1834H         LINE#         281
  C:1836H         LINE#         282
  C:1839H         LINE#         283
  C:183EH         LINE#         284
  C:1842H         LINE#         285
  C:1846H         LINE#         287
  C:1849H         LINE#         288
  C:185AH         LINE#         289
  C:185AH         LINE#         290
  C:185AH         LINE#         293
  C:185DH         LINE#         294
  C:186AH         LINE#         295
  C:1877H         LINE#         296
  C:1877H         LINE#         297
  C:1877H         LINE#         299
  C:1896H         LINE#         300
  C:1899H         LINE#         301
  C:18A4H         LINE#         302
  C:18C5H         LINE#         303
  C:1923H         LINE#         304
  C:1945H         LINE#         305
  C:199EH         LINE#         306
  C:19BDH         LINE#         307
  C:19C0H         LINE#         309
  C:19CFH         LINE#         310
  C:19E9H         LINE#         311
  C:1A21H         LINE#         312
  C:1A21H         LINE#         313
  C:1A4EH         LINE#         314
  C:1A72H         LINE#         315
  C:1A72H         LINE#         316
  C:1AD0H         LINE#         317
  C:1AF2H         LINE#         319
  C:1B2AH         LINE#         320
  C:1B2AH         LINE#         321
  C:1B57H         LINE#         322
  C:1B7BH         LINE#         323
  C:1B7BH         LINE#         324
  C:1BD9H         LINE#         325
  C:1BF8H         LINE#         326
BL51 BANKED LINKER/LOCATER V6.22                                                      03/01/2016  13:30:42  PAGE 19


  C:1BFBH         LINE#         328
  C:1C59H         LINE#         329
  C:1C7BH         LINE#         330
  C:1CD9H         LINE#         331
  C:1CF8H         LINE#         332
  C:1CFBH         LINE#         334
  C:1CFBH         LINE#         335
  C:1CFBH         LINE#         336
  C:1CFBH         LINE#         337
  C:1D54H         LINE#         338
  C:1D6DH         LINE#         339
  C:1DC6H         LINE#         340
  C:1DDFH         LINE#         341
  C:1E38H         LINE#         342
  C:1E51H         LINE#         344
  C:1EAAH         LINE#         345
  C:1EC3H         LINE#         346
  C:1ED1H         LINE#         347
  C:1ED1H         LINE#         348
  C:1F2AH         LINE#         349
  C:1F43H         LINE#         350
  C:1F9CH         LINE#         351
  C:1FB5H         LINE#         352
  C:1FB5H         LINE#         353
  C:1FB5H         LINE#         354
  C:1FB5H         LINE#         355
  C:1FBBH         LINE#         356
  -------         ENDPROC       DATA_PRO
  -------         PROC          INITPCA
  C:887DH         LINE#         358
  C:887DH         LINE#         359
  C:887DH         LINE#         360
  C:887FH         LINE#         362
  C:8882H         LINE#         363
  C:8884H         LINE#         364
  C:8887H         LINE#         365
  C:8891H         LINE#         366
  C:889CH         LINE#         367
  C:889EH         LINE#         369
  C:88A0H         LINE#         370
  -------         ENDPROC       INITPCA
  -------         PROC          INITINTER
  C:8194H         LINE#         371
  C:8194H         LINE#         372
  C:8194H         LINE#         374
  C:819BH         LINE#         376
  C:819EH         LINE#         378
  C:81A0H         LINE#         379
  C:81A2H         LINE#         380
  C:81A4H         LINE#         381
  C:81ACH         LINE#         382
  C:81AFH         LINE#         383
  C:81B2H         LINE#         384
  C:81B5H         LINE#         385
  C:81BAH         LINE#         386
  C:81BCH         LINE#         389
  C:81BEH         LINE#         390
BL51 BANKED LINKER/LOCATER V6.22                                                      03/01/2016  13:30:42  PAGE 20


  C:81C0H         LINE#         391
  C:81C2H         LINE#         392
  C:81CAH         LINE#         393
  C:81CDH         LINE#         394
  C:81D0H         LINE#         395
  C:81D3H         LINE#         396
  C:81D8H         LINE#         397
  C:81DAH         LINE#         400
  C:81DDH         LINE#         401
  C:81E0H         LINE#         402
  C:81E3H         LINE#         403
  C:81E7H         LINE#         404
  C:81EAH         LINE#         407
  C:81EDH         LINE#         408
  C:81F0H         LINE#         409
  C:81F3H         LINE#         410
  C:81F6H         LINE#         411
  C:81F9H         LINE#         412
  C:81FCH         LINE#         413
  C:81FEH         LINE#         415
  C:8200H         LINE#         416
  -------         ENDPROC       INITINTER
  -------         PROC          MAIN
  -------         DO            
  B:0020H.0       SYMBOL        Flag
  -------         ENDDO         
  C:7D08H         LINE#         420
  C:7D08H         LINE#         421
  C:7D08H         LINE#         422
  C:7D0AH         LINE#         423
  C:7D0DH         LINE#         429
  C:7D25H         LINE#         430
  C:7D39H         LINE#         432
  C:7D3CH         LINE#         434
  C:7D3FH         LINE#         435
  C:7D48H         LINE#         443
  C:7D55H         LINE#         444
  C:7D5AH         LINE#         445
  C:7D5DH         LINE#         446
  C:7D5FH         LINE#         447
  C:7D5FH         LINE#         448
  C:7D5FH         LINE#         451
  C:7D65H         LINE#         452
  C:7D68H         LINE#         454
  C:7D6BH         LINE#         455
  C:7D6EH         LINE#         457
  C:7D71H         LINE#         458
  C:7D73H         LINE#         459
  C:7D76H         LINE#         460
  C:7D76H         LINE#         462
  C:7D79H         LINE#         463
  C:7D80H         LINE#         464
  C:7D99H         LINE#         465
  C:7D9BH         LINE#         466
  C:7D9BH         LINE#         467
  C:7D9BH         LINE#         490
  -------         ENDPROC       MAIN
BL51 BANKED LINKER/LOCATER V6.22                                                      03/01/2016  13:30:42  PAGE 21


  -------         PROC          PCA_INT
  -------         DO            
  X:0000H         SYMBOL        s_KeyNum
  -------         ENDDO         
  C:67D6H         LINE#         493
  C:67EBH         LINE#         496
  C:67EDH         LINE#         497
  C:67F3H         LINE#         498
  C:67F3H         LINE#         499
  C:67F5H         LINE#         500
  C:6803H         LINE#         501
  C:6809H         LINE#         502
  C:680CH         LINE#         504
  C:6812H         LINE#         505
  C:6820H         LINE#         506
  C:6826H         LINE#         509
  C:6835H         LINE#         511
  C:6837H         LINE#         515
  C:683BH         LINE#         517
  C:683EH         LINE#         518
  C:6852H         LINE#         519
  C:6855H         LINE#         520
  C:6858H         LINE#         521
  C:685BH         LINE#         523
  C:685DH         LINE#         524
  C:686FH         LINE#         525
  C:6872H         LINE#         526
  C:6875H         LINE#         527
  C:6877H         LINE#         529
  C:6879H         LINE#         530
  C:688BH         LINE#         531
  C:688EH         LINE#         532
  C:6891H         LINE#         533
  C:6893H         LINE#         535
  C:6893H         LINE#         537
  C:689AH         LINE#         538
  C:689CH         LINE#         539
  C:689EH         LINE#         540
  C:68A0H         LINE#         541
  C:68A2H         LINE#         542
  C:68A2H         LINE#         544
  C:68AAH         LINE#         545
  C:68AAH         LINE#         546
  C:68ABH         LINE#         547
  C:68B7H         LINE#         548
  C:68BAH         LINE#         549
  C:68C7H         LINE#         550
  C:68CAH         LINE#         551
  C:68D2H         LINE#         552
  C:68D4H         LINE#         553
  C:68D9H         LINE#         554
  C:68ECH         LINE#         555
  C:68EEH         LINE#         556
  C:68EEH         LINE#         557
  C:68F0H         LINE#         558
  C:68F2H         LINE#         560
  C:68F2H         LINE#         561
BL51 BANKED LINKER/LOCATER V6.22                                                      03/01/2016  13:30:42  PAGE 22


  C:68F4H         LINE#         562
  C:68F6H         LINE#         563
  C:68F8H         LINE#         564
  C:68F8H         LINE#         565
  C:68F8H         LINE#         566
  C:68F8H         LINE#         567
  -------         ENDPROC       PCA_INT
  -------         ENDMOD        MAIN

  -------         MODULE        MEAPRO
  C:0000H         SYMBOL        _ICE_DUMMY_
  D:0080H         PUBLIC        P0
  D:0090H         PUBLIC        P1
  D:00A0H         PUBLIC        P2
  D:00B0H         PUBLIC        P3
  D:00C0H         PUBLIC        P4
  D:00C8H         PUBLIC        P5
  D:00E8H         PUBLIC        P6
  D:00F8H         PUBLIC        P7
  C:581DH         PUBLIC        Kind
  C:36BFH         PUBLIC        _MeasureProPage
  D:00A8H         PUBLIC        IE
  C:7B3DH         PUBLIC        _StartLiqSolMes
  D:00B8H         PUBLIC        IP
  X:026CH         PUBLIC        fMeaVal
  D:00D8H         PUBLIC        CCON
  D:0098H         PUBLIC        SCON
  D:0088H         PUBLIC        TCON
  C:868BH         PUBLIC        StartMes
  C:8394H         PUBLIC        _MeaResDeal
  C:732DH         PUBLIC        MeaValueUpd
  C:6B6FH         PUBLIC        StartBacMes
  C:5FD1H         PUBLIC        _MeaProDeal
  D:008CH         PUBLIC        TH0
  D:008DH         PUBLIC        TH1
  D:00D2H         PUBLIC        T4H
  D:008AH         PUBLIC        TL0
  D:008BH         PUBLIC        TL1
  D:00D3H         PUBLIC        T4L
  C:57CDH         PUBLIC        Measure
  D:00D1H         PUBLIC        T4T3M
  C:86F6H         PUBLIC        _MeaDetailDeal
  C:6FA4H         PUBLIC        _MeaDetail
  C:5791H         PUBLIC        Reason
  D:00D0H         PUBLIC        PSW
  C:8771H         PUBLIC        _MeasureBusy
  C:7AA1H         PUBLIC        MeasureBusyPage
  -------         PROC          STARTMES
  C:868BH         LINE#         32
  C:868BH         LINE#         33
  C:868BH         LINE#         34
  C:8690H         LINE#         35
  C:8694H         LINE#         36
  C:8698H         LINE#         37
  C:86A2H         LINE#         38
  C:86ACH         LINE#         39
  C:86B6H         LINE#         40
BL51 BANKED LINKER/LOCATER V6.22                                                      03/01/2016  13:30:42  PAGE 23


  C:86BBH         LINE#         41
  C:86BDH         LINE#         42
  C:86BFH         LINE#         44
  C:86C6H         LINE#         46
  -------         ENDPROC       STARTMES
  -------         PROC          MEASUREBUSYPAGE
  C:7AA1H         LINE#         48
  C:7AA1H         LINE#         49
  C:7AA1H         LINE#         50
  C:7AB9H         LINE#         51
  C:7AD2H         LINE#         52
  C:7AEBH         LINE#         53
  C:7B05H         LINE#         54
  C:7B1FH         LINE#         55
  C:7B36H         LINE#         56
  C:7B3CH         LINE#         57
  -------         ENDPROC       MEASUREBUSYPAGE
  -------         PROC          _MEASUREBUSY
  D:0007H         SYMBOL        chKey
  C:8771H         LINE#         59
  C:8771H         LINE#         60
  C:8771H         LINE#         61
  C:877AH         LINE#         62
  C:877AH         LINE#         63
  C:8784H         LINE#         64
  C:878BH         LINE#         65
  C:878DH         LINE#         66
  C:8798H         LINE#         67
  C:8798H         LINE#         68
  C:8798H         LINE#         69
  -------         ENDPROC       _MEASUREBUSY
  -------         PROC          _MEADETAIL
  X:0227H         SYMBOL        chMode
  C:6FA4H         LINE#         71
  C:6FA9H         LINE#         72
  C:6FA9H         LINE#         73
  C:6FAFH         LINE#         74
  C:6FC7H         LINE#         75
  C:6FE1H         LINE#         76
  C:6FF8H         LINE#         78
  C:7011H         LINE#         79
  C:702AH         LINE#         80
  C:7043H         LINE#         82
  C:705CH         LINE#         83
  C:7064H         LINE#         84
  C:7064H         LINE#         85
  C:707DH         LINE#         86
  C:7096H         LINE#         87
  C:7096H         LINE#         88
  -------         ENDPROC       _MEADETAIL
  -------         PROC          L?0078
  -------         ENDPROC       L?0078
  -------         PROC          _MEASUREPROPAGE
  X:022FH         SYMBOL        chMode
  B:0020H.6       SYMBOL        bMeaState
  -------         DO            
  B:0020H.7       SYMBOL        bShoMeaStaF
BL51 BANKED LINKER/LOCATER V6.22                                                      03/01/2016  13:30:42  PAGE 24


  -------         ENDDO         
  C:36BFH         LINE#         90
  C:36C4H         LINE#         91
  C:36C4H         LINE#         93
  C:36CAH         LINE#         94
  C:36CDH         LINE#         95
  C:36D3H         LINE#         96
  C:36D5H         LINE#         97
  C:36EDH         LINE#         98
  C:3706H         LINE#         99
  C:3720H         LINE#         100
  C:373AH         LINE#         101
  C:3754H         LINE#         102
  C:37ADH         LINE#         103
  C:37C5H         LINE#         104
  C:37C7H         LINE#         105
  C:37DFH         LINE#         106
  C:37DFH         LINE#         107
  C:37F4H         LINE#         108
  C:37F7H         LINE#         109
  C:37F7H         LINE#         110
  C:381DH         LINE#         111
  C:3832H         LINE#         112
  C:3834H         LINE#         113
  C:3834H         LINE#         114
  C:3869H         LINE#         115
  C:3882H         LINE#         116
  C:3884H         LINE#         117
  C:3884H         LINE#         118
  C:3884H         LINE#         119
  C:3886H         LINE#         120
  C:3886H         LINE#         121
  C:38AEH         LINE#         122
  C:38B7H         LINE#         123
  C:38DCH         LINE#         124
  C:3900H         LINE#         125
  C:3903H         LINE#         126
  C:392BH         LINE#         127
  C:3953H         LINE#         129
  C:396CH         LINE#         130
  C:3985H         LINE#         131
  C:39DEH         LINE#         132
  C:39F7H         LINE#         134
  C:3A10H         LINE#         135
  C:3A29H         LINE#         136
  C:3A82H         LINE#         137
  C:3A9BH         LINE#         138
  C:3A9BH         LINE#         139
  C:3A9EH         LINE#         140
  C:3AA4H         LINE#         141
  C:3ABDH         LINE#         142
  C:3AD7H         LINE#         143
  C:3AF1H         LINE#         144
  C:3B0BH         LINE#         145
  C:3B29H         LINE#         150
  C:3B29H         LINE#         151
  C:3B42H         LINE#         152
BL51 BANKED LINKER/LOCATER V6.22                                                      03/01/2016  13:30:42  PAGE 25


  -------         ENDPROC       _MEASUREPROPAGE
  -------         PROC          _MEAPRODEAL
  D:0007H         SYMBOL        chKey
  X:0225H         SYMBOL        chMode
  -------         DO            
  X:0226H         SYMBOL        chReason
  -------         ENDDO         
  C:5FD1H         LINE#         156
  C:5FD6H         LINE#         157
  C:5FD6H         LINE#         159
  C:5FE9H         LINE#         160
  C:5FF1H         LINE#         161
  C:5FF8H         LINE#         162
  C:6014H         LINE#         163
  C:6016H         LINE#         164
  C:601BH         LINE#         165
  C:6021H         LINE#         166
  C:6039H         LINE#         167
  C:605EH         LINE#         168
  C:6077H         LINE#         169
  C:6091H         LINE#         170
  C:60ABH         LINE#         171
  C:60C5H         LINE#         172
  C:60E5H         LINE#         173
  C:60FCH         LINE#         174
  C:610DH         LINE#         175
  C:610FH         LINE#         176
  C:6110H         LINE#         177
  C:6132H         LINE#         178
  C:6135H         LINE#         179
  C:6135H         LINE#         180
  C:6135H         LINE#         181
  C:6135H         LINE#         182
  -------         ENDPROC       _MEAPRODEAL
  -------         PROC          _MEARESDEAL
  D:0007H         SYMBOL        chKey
  X:0225H         SYMBOL        chMode
  X:0226H         SYMBOL        bMeaResuSta
  C:8394H         LINE#         184
  C:839CH         LINE#         185
  C:839CH         LINE#         186
  C:83ABH         LINE#         187
  C:83B3H         LINE#         188
  C:83B6H         LINE#         189
  C:83CEH         LINE#         190
  C:83DBH         LINE#         191
  C:83E1H         LINE#         192
  C:83E9H         LINE#         193
  C:83E9H         LINE#         194
  C:83E9H         LINE#         195
  C:83F1H         LINE#         196
  C:83F1H         LINE#         197
  C:83F1H         LINE#         198
  -------         ENDPROC       _MEARESDEAL
  -------         PROC          _MEADETAILDEAL
  D:0007H         SYMBOL        chKey
  D:0005H         SYMBOL        chMesMode
BL51 BANKED LINKER/LOCATER V6.22                                                      03/01/2016  13:30:42  PAGE 26


  C:86F6H         LINE#         199
  C:86F6H         LINE#         200
  C:86F6H         LINE#         201
  C:86FBH         LINE#         202
  C:8702H         LINE#         203
  C:8709H         LINE#         204
  C:8709H         LINE#         205
  C:870FH         LINE#         206
  C:8712H         LINE#         207
  C:871FH         LINE#         208
  C:871FH         LINE#         209
  C:871FH         LINE#         210
  C:871FH         LINE#         211
  C:871FH         LINE#         212
  -------         ENDPROC       _MEADETAILDEAL
  -------         PROC          STARTBACMES
  C:6B6FH         LINE#         214
  C:6B6FH         LINE#         215
  C:6B6FH         LINE#         216
  C:6B8AH         LINE#         217
  C:6B8AH         LINE#         218
  C:6B90H         LINE#         219
  C:6B98H         LINE#         220
  C:6BA2H         LINE#         221
  C:6BA6H         LINE#         222
  C:6BA9H         LINE#         223
  C:6BA9H         LINE#         224
  C:6BB0H         LINE#         225
  C:6BB0H         LINE#         226
  C:6BC8H         LINE#         227
  C:6BE7H         LINE#         228
  C:6C00H         LINE#         229
  C:6C19H         LINE#         230
  C:6C33H         LINE#         231
  C:6C4CH         LINE#         232
  C:6C65H         LINE#         233
  C:6C7EH         LINE#         234
  C:6C95H         LINE#         235
  C:6C95H         LINE#         236
  C:6C98H         LINE#         237
  -------         ENDPROC       STARTBACMES
  -------         PROC          _STARTLIQSOLMES
  X:022EH         SYMBOL        chKey
  C:7B3DH         LINE#         239
  C:7B42H         LINE#         240
  C:7B42H         LINE#         241
  C:7B5EH         LINE#         242
  C:7B5EH         LINE#         243
  C:7B65H         LINE#         244
  C:7B73H         LINE#         245
  C:7B7AH         LINE#         246
  C:7B7DH         LINE#         247
  C:7B7DH         LINE#         248
  C:7B90H         LINE#         249
  C:7B96H         LINE#         250
  C:7B9CH         LINE#         251
  C:7B9CH         LINE#         252
BL51 BANKED LINKER/LOCATER V6.22                                                      03/01/2016  13:30:42  PAGE 27


  C:7BB4H         LINE#         253
  C:7BCDH         LINE#         254
  C:7BD5H         LINE#         255
  C:7BD5H         LINE#         256
  C:7BD8H         LINE#         257
  -------         ENDPROC       _STARTLIQSOLMES
  -------         PROC          MEAVALUEUPD
  -------         DO            
  X:0225H         SYMBOL        MeaSecTim
  -------         ENDDO         
  C:732DH         LINE#         259
  C:732DH         LINE#         260
  C:732DH         LINE#         264
  C:735AH         LINE#         275
  C:738EH         LINE#         276
  C:73C3H         LINE#         277
  -------         ENDPROC       MEAVALUEUPD
  -------         ENDMOD        MEAPRO

  -------         MODULE        SETPARA
  C:0000H         SYMBOL        _ICE_DUMMY_
  D:0080H         PUBLIC        P0
  D:0090H         PUBLIC        P1
  D:00A0H         PUBLIC        P2
  D:00B0H         PUBLIC        P3
  D:00C0H         PUBLIC        P4
  D:00C8H         PUBLIC        P5
  C:2927H         PUBLIC        _ParaPage
  D:00E8H         PUBLIC        P6
  D:00F8H         PUBLIC        P7
  D:00A8H         PUBLIC        IE
  C:6695H         PUBLIC        StartPara
  D:00B8H         PUBLIC        IP
  D:00D8H         PUBLIC        CCON
  D:0098H         PUBLIC        SCON
  D:0088H         PUBLIC        TCON
  C:3003H         PUBLIC        _ParPagUpd
  D:00D0H         PUBLIC        PSW
  C:8201H         PUBLIC        ParSetUpdPage
  -------         PROC          PARSETUPDPAGE
  C:8201H         LINE#         11
  C:8201H         LINE#         12
  C:8201H         LINE#         13
  C:8207H         LINE#         14
  C:8219H         LINE#         15
  C:821CH         LINE#         16
  C:823CH         LINE#         17
  -------         ENDPROC       PARSETUPDPAGE
  -------         PROC          _PARAPAGE
  X:022FH         SYMBOL        chMode
  C:2927H         LINE#         20
  C:292CH         LINE#         21
  C:292CH         LINE#         22
  C:2931H         LINE#         23
  C:2935H         LINE#         24
  C:2939H         LINE#         25
  C:2958H         LINE#         26
BL51 BANKED LINKER/LOCATER V6.22                                                      03/01/2016  13:30:42  PAGE 28


  C:2976H         LINE#         27
  C:298FH         LINE#         28
  C:29A8H         LINE#         29
  C:29C1H         LINE#         30
  C:29E5H         LINE#         31
  C:29FDH         LINE#         32
  C:29FDH         LINE#         33
  C:29FDH         LINE#         34
  C:2A00H         LINE#         35
  C:2A19H         LINE#         36
  C:2A32H         LINE#         37
  C:2A4BH         LINE#         38
  C:2A64H         LINE#         39
  C:2A7DH         LINE#         40
  C:2AA1H         LINE#         41
  C:2AC5H         LINE#         42
  C:2B03H         LINE#         43
  C:2B1CH         LINE#         44
  C:2B28H         LINE#         45
  C:2B2BH         LINE#         46
  C:2B44H         LINE#         47
  C:2B5DH         LINE#         48
  C:2B76H         LINE#         49
  C:2B8FH         LINE#         50
  C:2BA8H         LINE#         51
  C:2BC1H         LINE#         52
  C:2BDAH         LINE#         53
  C:2BF3H         LINE#         54
  C:2C17H         LINE#         55
  C:2C37H         LINE#         56
  C:2C5BH         LINE#         57
  C:2C7FH         LINE#         62
  C:2CCEH         LINE#         63
  C:2CCEH         LINE#         64
  C:2CCEH         LINE#         65
  C:2CD1H         LINE#         66
  C:2CEAH         LINE#         67
  C:2D03H         LINE#         68
  C:2D1CH         LINE#         69
  C:2D35H         LINE#         70
  C:2D4EH         LINE#         71
  C:2D67H         LINE#         72
  C:2DC5H         LINE#         73
  C:2E23H         LINE#         74
  C:2E61H         LINE#         75
  C:2E85H         LINE#         85
  C:2F48H         LINE#         86
  C:2F61H         LINE#         87
  C:2F6DH         LINE#         88
  C:2F6DH         LINE#         89
  C:2F6DH         LINE#         90
  C:2F6DH         LINE#         91
  C:2F85H         LINE#         92
  C:2F9DH         LINE#         93
  C:2FB5H         LINE#         94
  C:2FCFH         LINE#         95
  C:2FE9H         LINE#         96
BL51 BANKED LINKER/LOCATER V6.22                                                      03/01/2016  13:30:42  PAGE 29


  C:3000H         LINE#         97
  -------         ENDPROC       _PARAPAGE
  -------         PROC          _PARPAGUPD
  D:0007H         SYMBOL        chKey
  X:021EH         SYMBOL        chMode
  -------         DO            
  X:021FH         SYMBOL        i
  X:0220H         SYMBOL        j
  X:0221H         SYMBOL        k1
  X:0222H         SYMBOL        k2
  X:0223H         SYMBOL        chSetNum
  X:0224H         SYMBOL        chSetNumShad
  X:0225H         SYMBOL        piPtrShad
  X:0228H         SYMBOL        piPtr
  X:022BH         SYMBOL        SetValueBuf
  -------         ENDDO         
  C:3003H         LINE#         100
  C:3008H         LINE#         101
  C:3008H         LINE#         106
  C:3026H         LINE#         107
  C:3037H         LINE#         108
  C:3059H         LINE#         109
  C:3059H         LINE#         110
  C:305CH         LINE#         111
  C:306DH         LINE#         112
  C:308FH         LINE#         113
  C:308FH         LINE#         114
  C:3092H         LINE#         115
  C:3098H         LINE#         116
  C:309FH         LINE#         117
  C:30ACH         LINE#         118
  C:30AEH         LINE#         119
  C:30B2H         LINE#         120
  C:30B6H         LINE#         121
  C:30B6H         LINE#         122
  C:3104H         LINE#         123
  C:3115H         LINE#         124
  C:311CH         LINE#         125
  C:312FH         LINE#         126
  C:3134H         LINE#         127
  C:313DH         LINE#         128
  C:3143H         LINE#         129
  C:3143H         LINE#         130
  C:3146H         LINE#         131
  C:3146H         LINE#         132
  C:314BH         LINE#         133
  C:3166H         LINE#         134
  C:3166H         LINE#         135
  C:3170H         LINE#         136
  C:3173H         LINE#         137
  C:318AH         LINE#         138
  C:3195H         LINE#         139
  C:31ADH         LINE#         140
  C:31BBH         LINE#         141
  C:31E7H         LINE#         142
  C:31F1H         LINE#         143
  C:31F7H         LINE#         144
BL51 BANKED LINKER/LOCATER V6.22                                                      03/01/2016  13:30:42  PAGE 30


  C:31FDH         LINE#         145
  C:321DH         LINE#         146
  C:322AH         LINE#         147
  C:3256H         LINE#         148
  C:325CH         LINE#         153
  C:3274H         LINE#         154
  C:3281H         LINE#         155
  C:3284H         LINE#         156
  C:3284H         LINE#         157
  C:3284H         LINE#         158
  C:328EH         LINE#         159
  C:3299H         LINE#         160
  C:329BH         LINE#         161
  C:32A6H         LINE#         162
  C:32A6H         LINE#         163
  C:32BEH         LINE#         164
  C:32FEH         LINE#         165
  C:334EH         LINE#         166
  C:336CH         LINE#         167
  C:3398H         LINE#         168
  C:339FH         LINE#         169
  C:33A2H         LINE#         173
  C:3402H         LINE#         175
  C:3402H         LINE#         176
  C:3420H         LINE#         177
  C:344CH         LINE#         178
  C:3453H         LINE#         179
  C:3456H         LINE#         180
  C:3474H         LINE#         181
  C:348AH         LINE#         182
  C:348AH         LINE#         183
  C:34AAH         LINE#         184
  C:34AAH         LINE#         185
  C:34BFH         LINE#         186
  C:3509H         LINE#         187
  C:3513H         LINE#         188
  C:3513H         LINE#         189
  C:3513H         LINE#         190
  C:3519H         LINE#         191
  C:351FH         LINE#         192
  C:3521H         LINE#         193
  C:353FH         LINE#         194
  C:353FH         LINE#         195
  C:354CH         LINE#         196
  C:3552H         LINE#         197
  C:357EH         LINE#         198
  C:3585H         LINE#         199
  C:3595H         LINE#         200
  C:3598H         LINE#         201
  C:35A4H         LINE#         202
  C:35B0H         LINE#         204
  C:35BCH         LINE#         205
  C:35C8H         LINE#         207
  C:35D3H         LINE#         209
  C:3608H         LINE#         211
  C:3615H         LINE#         212
  C:3622H         LINE#         213
BL51 BANKED LINKER/LOCATER V6.22                                                      03/01/2016  13:30:42  PAGE 31


  C:3632H         LINE#         214
  C:3632H         LINE#         215
  C:3657H         LINE#         217
  C:3670H         LINE#         218
  C:3678H         LINE#         219
  C:367AH         LINE#         220
  C:367BH         LINE#         221
  C:367BH         LINE#         222
  C:368DH         LINE#         223
  C:368DH         LINE#         224
  C:369EH         LINE#         225
  C:369EH         LINE#         226
  C:36A5H         LINE#         227
  C:36A5H         LINE#         228
  C:36ACH         LINE#         229
  C:36AFH         LINE#         230
  C:36AFH         LINE#         231
  C:36B4H         LINE#         232
  C:36B4H         LINE#         233
  C:36B4H         LINE#         234
  C:36B4H         LINE#         235
  -------         ENDPROC       _PARPAGUPD
  -------         PROC          STARTPARA
  C:6695H         LINE#         240
  C:6695H         LINE#         241
  C:6695H         LINE#         242
  C:669BH         LINE#         243
  C:66A3H         LINE#         244
  C:66AAH         LINE#         245
  C:66AEH         LINE#         246
  C:66B1H         LINE#         247
  C:66B1H         LINE#         248
  C:66B1H         LINE#         249
  C:66B8H         LINE#         250
  C:66D0H         LINE#         251
  C:66F8H         LINE#         252
  C:670FH         LINE#         253
  C:6726H         LINE#         254
  C:673DH         LINE#         255
  C:675EH         LINE#         256
  C:6775H         LINE#         257
  C:678FH         LINE#         258
  C:67A8H         LINE#         259
  C:67BFH         LINE#         260
  -------         ENDPROC       STARTPARA
  -------         ENDMOD        SETPARA

  -------         MODULE        HISRECORD
  C:0000H         SYMBOL        _ICE_DUMMY_
  D:0080H         PUBLIC        P0
  D:0090H         PUBLIC        P1
  D:00A0H         PUBLIC        P2
  D:00B0H         PUBLIC        P3
  D:00C0H         PUBLIC        P4
  D:00C8H         PUBLIC        P5
  D:00E8H         PUBLIC        P6
  D:00F8H         PUBLIC        P7
BL51 BANKED LINKER/LOCATER V6.22                                                      03/01/2016  13:30:42  PAGE 32


  C:3FDCH         PUBLIC        _SaveDeal
  C:528DH         PUBLIC        _DeletRec
  C:7D9DH         PUBLIC        _HistoryDel
  D:00A8H         PUBLIC        IE
  C:8575H         PUBLIC        _SaveValue
  D:00B8H         PUBLIC        IP
  D:00D8H         PUBLIC        CCON
  C:4AA3H         PUBLIC        _HistoryPro
  D:0098H         PUBLIC        SCON
  D:0088H         PUBLIC        TCON
  X:0270H         PUBLIC        shun
  C:7FCDH         PUBLIC        _ShowNum
  C:59E0H         PUBLIC        _ReadRAM
  C:6136H         PUBLIC        His_Record
  C:5D03H         PUBLIC        _DatTypDef
  C:43E9H         PUBLIC        _UpdHisRec
  D:00D0H         PUBLIC        PSW
  C:7FC2H         SYMBOL        L?0137
  -------         PROC          L?0136
  -------         ENDPROC       L?0136
  C:7FC2H         SYMBOL        L?0137
  -------         PROC          _SHOWNUM
  X:022EH         SYMBOL        Ptr
  X:022FH         SYMBOL        NowPageAddr
  C:7FCDH         LINE#         13
  C:7FD5H         LINE#         14
  C:7FD5H         LINE#         15
  C:7FE9H         LINE#         16
  C:8025H         LINE#         18
  -------         ENDPROC       _SHOWNUM
  -------         PROC          _READRAM
  D:0007H         SYMBOL        NowPageAddr
  X:0237H         SYMBOL        k
  X:023AH         SYMBOL        NowPos
  -------         DO            
  X:023DH         SYMBOL        NowAddr
  X:023EH         SYMBOL        hwCurRAM
  X:023FH         SYMBOL        chNext
  -------         ENDDO         
  C:59E0H         LINE#         21
  C:59EBH         LINE#         22
  C:59EBH         LINE#         24
  C:59F0H         LINE#         26
  C:5A04H         LINE#         27
  C:5A18H         LINE#         28
  C:5A25H         LINE#         30
  C:5A2AH         LINE#         31
  C:5A2AH         LINE#         32
  C:5A42H         LINE#         33
  C:5A5DH         LINE#         34
  C:5A63H         LINE#         35
  C:5A6BH         LINE#         36
  C:5A6DH         LINE#         37
  C:5A75H         LINE#         38
  C:5A8DH         LINE#         39
  C:5A98H         LINE#         40
  C:5AA7H         LINE#         41
BL51 BANKED LINKER/LOCATER V6.22                                                      03/01/2016  13:30:42  PAGE 33


  C:5ABDH         LINE#         42
  C:5ACDH         LINE#         43
  C:5AF2H         LINE#         44
  C:5B12H         LINE#         45
  C:5B17H         LINE#         46
  C:5B1EH         LINE#         47
  C:5B26H         LINE#         48
  C:5B39H         LINE#         49
  C:5B41H         LINE#         50
  C:5B41H         LINE#         51
  C:5B43H         LINE#         52
  C:5B53H         LINE#         53
  C:5B6DH         LINE#         54
  C:5B75H         LINE#         55
  C:5B75H         LINE#         56
  C:5B80H         LINE#         57
  C:5B83H         LINE#         58
  -------         ENDPROC       _READRAM
  C:5CFEH         SYMBOL        L?0139
  -------         PROC          L?0138
  -------         ENDPROC       L?0138
  C:5CFEH         SYMBOL        L?0139
  -------         PROC          _DATTYPDEF
  X:0236H         SYMBOL        b_char
  -------         DO            
  X:0239H         SYMBOL        i
  X:023AH         SYMBOL        hw_int
  -------         ENDDO         
  C:5D03H         LINE#         59
  C:5D0EH         LINE#         60
  C:5D0EH         LINE#         61
  C:5D12H         LINE#         63
  C:5D48H         LINE#         64
  C:5D61H         LINE#         65
  C:5D6BH         LINE#         66
  C:5DA3H         LINE#         67
  C:5DBCH         LINE#         68
  C:5DC6H         LINE#         69
  C:5DFEH         LINE#         70
  C:5E17H         LINE#         71
  C:5E21H         LINE#         72
  C:5E59H         LINE#         73
  C:5E67H         LINE#         74
  -------         ENDPROC       _DATTYPDEF
  C:43E4H         SYMBOL        L?0141
  -------         PROC          L?0140
  -------         ENDPROC       L?0140
  C:43E4H         SYMBOL        L?0141
  -------         PROC          _UPDHISREC
  X:022EH         SYMBOL        NowPageAddr
  -------         DO            
  X:022FH         SYMBOL        Gap_Value
  X:0233H         SYMBOL        NowPos
  X:0234H         SYMBOL        chNum
  X:0235H         SYMBOL        k
  -------         ENDDO         
  C:43E9H         LINE#         77
BL51 BANKED LINKER/LOCATER V6.22                                                      03/01/2016  13:30:42  PAGE 34


  C:43EEH         LINE#         78
  C:43EEH         LINE#         80
  C:43F3H         LINE#         81
  C:4409H         LINE#         82
  C:4421H         LINE#         83
  C:442EH         LINE#         90
  C:44DDH         LINE#         91
  C:4500H         LINE#         92
  C:4516H         LINE#         93
  C:456FH         LINE#         94
  C:4592H         LINE#         98
  C:45F8H         LINE#         99
  C:461BH         LINE#         100
  C:4631H         LINE#         101
  C:468AH         LINE#         102
  C:46ADH         LINE#         103
  C:46C3H         LINE#         104
  C:471CH         LINE#         105
  C:473FH         LINE#         106
  C:4745H         LINE#         107
  C:4748H         LINE#         108
  -------         ENDPROC       _UPDHISREC
  -------         PROC          HIS_RECORD
  C:6136H         LINE#         111
  C:6136H         LINE#         112
  C:6136H         LINE#         113
  C:613CH         LINE#         114
  C:6140H         LINE#         115
  C:6145H         LINE#         116
  C:6145H         LINE#         117
  C:6159H         LINE#         118
  C:615BH         LINE#         119
  C:617DH         LINE#         120
  C:6195H         LINE#         121
  C:61AEH         LINE#         122
  C:61C8H         LINE#         123
  C:61CEH         LINE#         124
  C:61CEH         LINE#         125
  C:61E6H         LINE#         126
  C:61FEH         LINE#         127
  C:6218H         LINE#         128
  C:6232H         LINE#         129
  C:6255H         LINE#         130
  C:6258H         LINE#         131
  C:625BH         LINE#         132
  C:627BH         LINE#         133
  C:627BH         LINE#         134
  C:6292H         LINE#         135
  C:6298H         LINE#         136
  -------         ENDPROC       HIS_RECORD
  -------         PROC          _SAVEDEAL
  D:0007H         SYMBOL        chMode
  -------         DO            
  B:0020H.6       SYMBOL        bSavFla
  D:0001H         SYMBOL        p
  X:0228H         SYMBOL        i
  X:0229H         SYMBOL        k
BL51 BANKED LINKER/LOCATER V6.22                                                      03/01/2016  13:30:42  PAGE 35


  X:022AH         SYMBOL        hwCurRAM
  X:022CH         SYMBOL        NowAddr
  X:022EH         SYMBOL        NowPos
  -------         ENDDO         
  C:3FDCH         LINE#         138
  C:3FDCH         LINE#         139
  C:3FDCH         LINE#         140
  C:3FDEH         LINE#         144
  C:3FF3H         LINE#         145
  C:4007H         LINE#         146
  C:401BH         LINE#         147
  C:402FH         LINE#         148
  C:4031H         LINE#         149
  C:4034H         LINE#         150
  C:4034H         LINE#         151
  C:4048H         LINE#         152
  C:405CH         LINE#         153
  C:4066H         LINE#         155
  C:406AH         LINE#         156
  C:406CH         LINE#         158
  C:406FH         LINE#         159
  C:4072H         LINE#         160
  C:4074H         LINE#         161
  C:4076H         LINE#         163
  C:4078H         LINE#         165
  C:407CH         LINE#         166
  C:407FH         LINE#         167
  C:4081H         LINE#         169
  C:4084H         LINE#         170
  C:4087H         LINE#         172
  C:408DH         LINE#         173
  C:4091H         LINE#         174
  C:4094H         LINE#         175
  C:40A3H         LINE#         176
[...]
  X:0253H         SYMBOL        i
  D:0006H         SYMBOL        j
  D:0001H         SYMBOL        pCode
  X:0254H         SYMBOL        num
  D:0006H         SYMBOL        addr
  -------         ENDDO         
  C:690BH         LINE#         363
  C:6919H         LINE#         364
  C:6919H         LINE#         368
  C:693FH         LINE#         369
  C:6944H         LINE#         370
  C:694EH         LINE#         371
  C:694EH         LINE#         372
  C:6996H         LINE#         373
  C:6996H         LINE#         374
  C:69AFH         LINE#         375
  C:69BAH         LINE#         376
  C:69DAH         LINE#         377
  C:69DAH         LINE#         378
  C:69DFH         LINE#         379
  C:69F1H         LINE#         380
  C:6A00H         LINE#         381
  C:6A03H         LINE#         382
  C:6A0DH         LINE#         383
  C:6A20H         LINE#         384
  C:6A28H         LINE#         385
  C:6A32H         LINE#         386
  C:6A35H         LINE#         387
  C:6A3DH         LINE#         388
  C:6A3DH         LINE#         389
  -------         ENDPROC       _SHOW_CHAR
  -------         PROC          L?0243
  -------         ENDPROC       L?0243
  -------         PROC          _SHOW_STRING
  X:0233H         SYMBOL        hwXpos
  D:0005H         SYMBOL        chYpos
  X:0236H         SYMBOL        pText
  X:0239H         SYMBOL        hwAddr
  B:0020H.6       SYMBOL        Mode
  -------         DO            
  D:0004H         SYMBOL        chTemp
  X:023BH         SYMBOL        j
BL51 BANKED LINKER/LOCATER V6.22                                                      03/01/2016  13:30:42  PAGE 62


  X:023CH         SYMBOL        x
  X:023DH         SYMBOL        y
  X:023EH         SYMBOL        i
  -------         ENDDO         
  C:6A49H         LINE#         391
  C:6A5CH         LINE#         392
  C:6A5CH         LINE#         396
  C:6A71H         LINE#         397
  C:6A71H         LINE#         398
  C:6A71H         LINE#         399
  C:6A85H         LINE#         400
  C:6AA9H         LINE#         401
  C:6AADH         LINE#         402
  C:6AB8H         LINE#         403
  C:6AB8H         LINE#         404
  C:6AC5H         LINE#         405
  C:6AC5H         LINE#         406
  C:6AC9H         LINE#         407
  C:6AC9H         LINE#         408
  C:6AD4H         LINE#         409
  C:6AE3H         LINE#         410
  C:6AE5H         LINE#         411
  C:6AE5H         LINE#         412
  C:6B0CH         LINE#         413
  C:6B27H         LINE#         414
  C:6B40H         LINE#         415
  C:6B4FH         LINE#         416
  C:6B5AH         LINE#         417
  C:6B5AH         LINE#         418
  C:6B5AH         LINE#         419
  C:6B5AH         LINE#         420
  C:6B6EH         LINE#         422
  -------         ENDPROC       _SHOW_STRING
  -------         PROC          _SHOW_CHINESE
  X:0248H         SYMBOL        hwXpos
  X:024AH         SYMBOL        chYpos
  D:0006H         SYMBOL        hwChinese
  X:024DH         SYMBOL        hwAddr
  B:0021H.2       SYMBOL        Mode
  -------         DO            
  B:0021H.3       SYMBOL        bFlag
  X:024FH         SYMBOL        i
  D:0004H         SYMBOL        j
  X:0251H         SYMBOL        x
  X:0253H         SYMBOL        y
  D:0001H         SYMBOL        pCode
  X:0255H         SYMBOL        pStr
  D:0007H         SYMBOL        addr
  -------         ENDDO         
  C:717DH         LINE#         424
  C:718CH         LINE#         425
  C:718CH         LINE#         430
  C:7192H         LINE#         431
  C:71A1H         LINE#         432
  C:71A3H         LINE#         433
  C:71AAH         LINE#         434
  C:71AFH         LINE#         435
BL51 BANKED LINKER/LOCATER V6.22                                                      03/01/2016  13:30:42  PAGE 63


  C:71DFH         LINE#         436
  C:71E4H         LINE#         437
  C:7201H         LINE#         438
  C:7210H         LINE#         439
  C:7213H         LINE#         440
  C:7223H         LINE#         441
  C:7236H         LINE#         442
  C:723EH         LINE#         443
  C:7248H         LINE#         444
  C:724FH         LINE#         445
  C:725FH         LINE#         446
  -------         ENDPROC       _SHOW_CHINESE
  -------         PROC          _CHINESE_STRING
  X:022EH         SYMBOL        hwXpos
  D:0005H         SYMBOL        chYpos
  X:0231H         SYMBOL        pText
  X:0234H         SYMBOL        hwAddr
  B:0020H.6       SYMBOL        Mode
  -------         DO            
  X:0236H         SYMBOL        dat
  X:0238H         SYMBOL        j
  X:0239H         SYMBOL        x
  X:023AH         SYMBOL        y
  X:023BH         SYMBOL        i
  -------         ENDDO         
  C:6C99H         LINE#         448
  C:6CACH         LINE#         449
  C:6CACH         LINE#         456
  C:6CC1H         LINE#         457
  C:6CC1H         LINE#         458
  C:6CC1H         LINE#         459
  C:6CD8H         LINE#         460
  C:6CF9H         LINE#         461
  C:6CFDH         LINE#         462
  C:6D08H         LINE#         463
  C:6D08H         LINE#         464
  C:6D12H         LINE#         465
  C:6D12H         LINE#         466
  C:6D29H         LINE#         467
  C:6D52H         LINE#         468
  C:6D6AH         LINE#         469
  C:6D7EH         LINE#         470
  C:6D8DH         LINE#         471
  C:6D98H         LINE#         472
  C:6D98H         LINE#         473
  C:6D98H         LINE#         474
  C:6D98H         LINE#         475
  C:6DACH         LINE#         477
  -------         ENDPROC       _CHINESE_STRING
  -------         PROC          _LCD_DISPLAY_STRING
  X:0236H         SYMBOL        hwXpos
  D:0005H         SYMBOL        chYpos
  X:0239H         SYMBOL        pText
  X:023CH         SYMBOL        hwAddr
  B:0021H.0       SYMBOL        EMode
  B:0021H.1       SYMBOL        CMode
  -------         DO            
BL51 BANKED LINKER/LOCATER V6.22                                                      03/01/2016  13:30:42  PAGE 64


  X:023EH         SYMBOL        len
  X:023FH         SYMBOL        dat
  X:0241H         SYMBOL        j
  X:0242H         SYMBOL        x1
  X:0243H         SYMBOL        y1
  X:0244H         SYMBOL        x2
  X:0245H         SYMBOL        y2
  X:0246H         SYMBOL        i
  -------         ENDDO         
  C:5835H         LINE#         479
  C:5848H         LINE#         480
  C:5848H         LINE#         481
  C:584DH         LINE#         489
  C:585AH         LINE#         490
  C:586AH         LINE#         491
  C:586AH         LINE#         492
  C:586AH         LINE#         493
  C:5881H         LINE#         498
  C:5885H         LINE#         499
  C:5885H         LINE#         500
  C:589CH         LINE#         501
  C:589EH         LINE#         503
  C:589EH         LINE#         504
  C:58A5H         LINE#         505
  C:58A5H         LINE#         506
  C:58C1H         LINE#         507
  C:58D0H         LINE#         508
  C:58D2H         LINE#         509
  C:58D2H         LINE#         510
  C:58D2H         LINE#         511
  C:58D9H         LINE#         512
  C:58D9H         LINE#         513
  C:5904H         LINE#         514
  C:591CH         LINE#         515
  C:5930H         LINE#         516
  C:593FH         LINE#         517
  C:594AH         LINE#         518
  C:594AH         LINE#         519
  C:5951H         LINE#         520
  C:5953H         LINE#         522
  C:5953H         LINE#         523
  C:597BH         LINE#         524
  C:5993H         LINE#         525
  C:59A7H         LINE#         526
  C:59B6H         LINE#         527
  C:59C1H         LINE#         528
  C:59C1H         LINE#         529
  C:59C7H         LINE#         530
  C:59C7H         LINE#         531
  C:59DAH         LINE#         533
  C:59DFH         LINE#         534
  -------         ENDPROC       _LCD_DISPLAY_STRING
  -------         PROC          _SHOW_LOGO
  X:021EH         SYMBOL        hwXpos
  X:0220H         SYMBOL        chYpos
  X:0221H         SYMBOL        hwAddr
  B:0020H.1       SYMBOL        bMode
BL51 BANKED LINKER/LOCATER V6.22                                                      03/01/2016  13:30:42  PAGE 65


  -------         DO            
  X:0223H         SYMBOL        i
  X:0224H         SYMBOL        j
  X:0225H         SYMBOL        Picture
  X:0226H         SYMBOL        chNum
  -------         ENDDO         
  C:7963H         LINE#         537
  C:7976H         LINE#         538
  C:7976H         LINE#         542
  C:797FH         LINE#         543
  C:7990H         LINE#         544
  C:7995H         LINE#         545
  C:79A4H         LINE#         546
  C:79AFH         LINE#         547
  C:79B2H         LINE#         548
  C:79B7H         LINE#         549
  C:79D3H         LINE#         550
  C:79DCH         LINE#         551
  C:79E1H         LINE#         552
  C:79EFH         LINE#         553
  C:79FBH         LINE#         554
  C:7A03H         LINE#         555
  -------         ENDPROC       _SHOW_LOGO
  -------         PROC          _SHOW_POWER
  X:022DH         SYMBOL        hwXpos
  X:022FH         SYMBOL        chYpos
  X:0230H         SYMBOL        hwAddr
  X:0232H         SYMBOL        Pic
  B:0020H.5       SYMBOL        bMode
  C:7774H         LINE#         562
  C:7787H         LINE#         563
  C:7787H         LINE#         564
  C:778EH         LINE#         565
  C:77A0H         LINE#         566
  C:77B7H         LINE#         567
  C:77CEH         LINE#         568
  C:780AH         LINE#         569
  C:780AH         LINE#         570
  C:781CH         LINE#         571
  C:781CH         LINE#         572
  C:781CH         LINE#         573
  -------         ENDPROC       _SHOW_POWER
  -------         PROC          _LCD_ON
  D:0007H         SYMBOL        chCsrState
  D:0005H         SYMBOL        chDisState1
  D:0003H         SYMBOL        chDisState24
  X:0221H         SYMBOL        chDisState3
  -------         DO            
  D:0006H         SYMBOL        chTemp
  -------         ENDDO         
  C:8858H         LINE#         574
  C:8858H         LINE#         575
  C:8858H         LINE#         576
  C:8858H         LINE#         577
  C:8874H         LINE#         579
  C:8879H         LINE#         580
  -------         ENDPROC       _LCD_ON
BL51 BANKED LINKER/LOCATER V6.22                                                      03/01/2016  13:30:42  PAGE 66


  -------         PROC          LCD_OFF
  C:8986H         LINE#         584
  C:8986H         LINE#         585
  C:8986H         LINE#         586
  -------         ENDPROC       LCD_OFF
  -------         PROC          _SCROLL_SET
  X:021EH         SYMBOL        hwSad1
  D:0004H         SYMBOL        hwSad2
  D:0002H         SYMBOL        hwSad3
  X:0224H         SYMBOL        hwSad4
  X:0226H         SYMBOL        chSl1
  X:0227H         SYMBOL        chSl2
  C:83F2H         LINE#         589
  C:83FAH         LINE#         590
  C:83FAH         LINE#         591
  C:83FFH         LINE#         592
  C:8408H         LINE#         593
  C:8410H         LINE#         594
  C:8418H         LINE#         595
  C:841DH         LINE#         596
  C:8422H         LINE#         597
  C:8428H         LINE#         598
  C:842DH         LINE#         599
  C:8432H         LINE#         600
  C:843BH         LINE#         601
  -------         ENDPROC       _SCROLL_SET
  -------         PROC          _CSR_FORM
  D:0006H         SYMBOL        chForm
  D:0005H         SYMBOL        chLength
  D:0003H         SYMBOL        chHeight
  C:88D8H         LINE#         604
  C:88DAH         LINE#         605
  C:88DAH         LINE#         606
  C:88DFH         LINE#         607
  C:88E4H         LINE#         608
  -------         ENDPROC       _CSR_FORM
  -------         PROC          LCDSYSTEM_INIT
  -------         DO            
  D:0006H         SYMBOL        i
  -------         ENDDO         
  C:7C71H         LINE#         611
  C:7C71H         LINE#         612
  C:7C71H         LINE#         614
  C:7C74H         LINE#         615
  C:7C76H         LINE#         616
  C:7C79H         LINE#         617
  C:7C7CH         LINE#         618
  C:7C7EH         LINE#         619
  C:7C80H         LINE#         620
  C:7C83H         LINE#         621
  C:7C85H         LINE#         622
  C:7C87H         LINE#         623
  C:7C89H         LINE#         624
  C:7C8BH         LINE#         625
  C:7C8DH         LINE#         626
  C:7C90H         LINE#         627
  C:7C95H         LINE#         628
BL51 BANKED LINKER/LOCATER V6.22                                                      03/01/2016  13:30:42  PAGE 67


  C:7CA8H         LINE#         629
  C:7CC5H         LINE#         630
  C:7CCAH         LINE#         631
  C:7CCFH         LINE#         632
  C:7CD2H         LINE#         633
  C:7CDBH         LINE#         634
  C:7CE9H         LINE#         635
  C:7CF5H         LINE#         636
  C:7CFAH         LINE#         637
  C:7D00H         LINE#         638
  -------         ENDPROC       LCDSYSTEM_INIT
  -------         ENDMOD        LCD

  -------         MODULE        ?C?FPADD
  C:1FC3H         PUBLIC        ?C?FPADD
  C:1FBFH         PUBLIC        ?C?FPSUB
  -------         ENDMOD        ?C?FPADD

  -------         MODULE        ?C?FPDIV
  C:20B7H         PUBLIC        ?C?FPDIV
  -------         ENDMOD        ?C?FPDIV

  -------         MODULE        ?C?FPCMP
  C:2156H         PUBLIC        ?C?FPCMP
  C:2154H         PUBLIC        ?C?FPCMP3
  -------         ENDMOD        ?C?FPCMP

  -------         MODULE        ?C?FCAST
  C:21CBH         PUBLIC        ?C?FCASTC
  C:21C6H         PUBLIC        ?C?FCASTI
  C:21C1H         PUBLIC        ?C?FCASTL
  -------         ENDMOD        ?C?FCAST

  -------         MODULE        ?C?CASTF
  C:21FFH         PUBLIC        ?C?CASTF
  -------         ENDMOD        ?C?CASTF

  -------         MODULE        PRINTF
  X:0236H         PUBLIC        ?_PRINTF?BYTE
  X:0236H         PUBLIC        ?_SPRINTF?BYTE
  C:3BC4H         PUBLIC        _PRINTF
  C:3BBEH         PUBLIC        _SPRINTF
  -------         ENDMOD        PRINTF

  -------         MODULE        SCANF
  X:022DH         PUBLIC        ?_SCANF?BYTE
  X:022DH         PUBLIC        ?_SSCANF?BYTE
  C:47D6H         PUBLIC        _SCANF
  C:47D2H         PUBLIC        _SSCANF
  -------         ENDMOD        SCANF

  -------         MODULE        VSPRINTF
  X:0263H         PUBLIC        ?_VSPRINTF?BYTE
  C:852BH         PUBLIC        _VSPRINTF
  -------         ENDMOD        VSPRINTF

  -------         MODULE        ?C?FPROUND
BL51 BANKED LINKER/LOCATER V6.22                                                      03/01/2016  13:30:42  PAGE 68


  C:2280H         PUBLIC        ?C?FPROUND
  -------         ENDMOD        ?C?FPROUND

  -------         MODULE        ?C?FPCONVERT
  C:22BDH         PUBLIC        ?C?FPCONVERT
  -------         ENDMOD        ?C?FPCONVERT

  -------         MODULE        ?C?FPMUL
  C:23C2H         PUBLIC        ?C?FPMUL
  -------         ENDMOD        ?C?FPMUL

  -------         MODULE        ?C?FPNEG
  C:24C8H         PUBLIC        ?C?FPNEG
  -------         ENDMOD        ?C?FPNEG

  -------         MODULE        ?C?FTNPWR
  C:2509H         PUBLIC        ?C?FTNPWR
  -------         ENDMOD        ?C?FTNPWR

  -------         MODULE        ?C?CLDPTR
  C:2549H         PUBLIC        ?C?CLDPTR
  -------         ENDMOD        ?C?CLDPTR

  -------         MODULE        ?C?CLDOPTR
  C:2562H         PUBLIC        ?C?CLDOPTR
  -------         ENDMOD        ?C?CLDOPTR

  -------         MODULE        ?C?CILDPTR
  C:258FH         PUBLIC        ?C?CILDPTR
  -------         ENDMOD        ?C?CILDPTR

  -------         MODULE        ?C?CSTPTR
  C:25B1H         PUBLIC        ?C?CSTPTR
  -------         ENDMOD        ?C?CSTPTR

  -------         MODULE        ?C?IMUL
  C:25C3H         PUBLIC        ?C?IMUL
  -------         ENDMOD        ?C?IMUL

  -------         MODULE        ?C?SIDIV
  C:25D5H         PUBLIC        ?C?SIDIV
  -------         ENDMOD        ?C?SIDIV

  -------         MODULE        ?C?IILDX
  C:260BH         PUBLIC        ?C?IILDX
  -------         ENDMOD        ?C?IILDX

  -------         MODULE        ?C?ILDIX
  C:2621H         PUBLIC        ?C?ILDIX
  -------         ENDMOD        ?C?ILDIX

  -------         MODULE        ?C?ILDPTR
  C:2637H         PUBLIC        ?C?ILDPTR
  -------         ENDMOD        ?C?ILDPTR

  -------         MODULE        ?C?ISTPTR
  C:2662H         PUBLIC        ?C?ISTPTR
BL51 BANKED LINKER/LOCATER V6.22                                                      03/01/2016  13:30:42  PAGE 69


  -------         ENDMOD        ?C?ISTPTR

  -------         MODULE        ?C?LMUL
  C:2681H         PUBLIC        ?C?LMUL
  -------         ENDMOD        ?C?LMUL

  -------         MODULE        ?C?ULDIV
  C:270CH         PUBLIC        ?C?ULDIV
  -------         ENDMOD        ?C?ULDIV

  -------         MODULE        ?C?LNEG
  C:279EH         PUBLIC        ?C?LNEG
  -------         ENDMOD        ?C?LNEG

  -------         MODULE        ?C?ULCMP
  C:27ACH         PUBLIC        ?C?ULCMP
  -------         ENDMOD        ?C?ULCMP

  -------         MODULE        ?C?LSHL
  C:27BDH         PUBLIC        ?C?LSHL
  -------         ENDMOD        ?C?LSHL

  -------         MODULE        ?C?LSTPTR
  C:27D0H         PUBLIC        ?C?LSTPTR
  -------         ENDMOD        ?C?LSTPTR

  -------         MODULE        ?C?LSTXDATA
  C:27EAH         PUBLIC        ?C?LSTXDATA
  -------         ENDMOD        ?C?LSTXDATA

  -------         MODULE        ?C?LSTKXDATA
  C:27F6H         PUBLIC        ?C?LSTKXDATA
  -------         ENDMOD        ?C?LSTKXDATA

  -------         MODULE        ?C?PLDXDATA
  C:2827H         PUBLIC        ?C?PLDXDATA
  -------         ENDMOD        ?C?PLDXDATA

  -------         MODULE        ?C?PLDIXDATA
  C:2830H         PUBLIC        ?C?PLDIXDATA
  -------         ENDMOD        ?C?PLDIXDATA

  -------         MODULE        ?C?PILDXDATA
  C:2847H         PUBLIC        ?C?PILDXDATA
  -------         ENDMOD        ?C?PILDXDATA

  -------         MODULE        ?C?PSTXDATA
  C:285EH         PUBLIC        ?C?PSTXDATA
  -------         ENDMOD        ?C?PSTXDATA

  -------         MODULE        ?C?CCASE
  C:2867H         PUBLIC        ?C?CCASE
  -------         ENDMOD        ?C?CCASE

  -------         MODULE        ?C?ICASE
  C:288DH         PUBLIC        ?C?ICASE
  -------         ENDMOD        ?C?ICASE
BL51 BANKED LINKER/LOCATER V6.22                                                      03/01/2016  13:30:42  PAGE 70



  -------         MODULE        PUTCHAR
  C:87C0H         PUBLIC        _PUTCHAR
  -------         ENDMOD        PUTCHAR

  -------         MODULE        GETCHAR
  B:0023H.6       PUBLIC        ?C?CHARLOADED
  X:0271H         PUBLIC        ?_UNGETCHAR?BYTE
  C:0026H         PUBLIC        GETCHAR
  -------         ENDMOD        GETCHAR

  -------         MODULE        UNGETC
  C:897EH         PUBLIC        _UNGETCHAR
  -------         ENDMOD        UNGETC

  -------         MODULE        ISSPACE
  C:8909H         PUBLIC        _isspace
  -------         ENDMOD        ISSPACE

  -------         MODULE        ?C?UIDIV
  C:28BAH         PUBLIC        ?C?UIDIV
  -------         ENDMOD        ?C?UIDIV

  -------         MODULE        ?C?LSTIDATA
  C:290FH         PUBLIC        ?C?LSTIDATA
  -------         ENDMOD        ?C?LSTIDATA

  -------         MODULE        ?C?LSTPDATA
  C:291BH         PUBLIC        ?C?LSTPDATA
  -------         ENDMOD        ?C?LSTPDATA

  -------         MODULE        _GETKEY
  C:896BH         PUBLIC        _GETKEY
  -------         ENDMOD        _GETKEY

*** WARNING L16: UNCALLED SEGMENT, IGNORED FOR OVERLAY PROCESS
    SEGMENT: ?PR?_USART_DEBUG?UART

Program Size: data=23.7 xdata=626 code=35207
LINK/LOCATE RUN COMPLETE.  1 WARNING(S),  0 ERROR(S)
