BL51 BANKED LINKER/LOCATER V6.22                                                        02/27/2016  16:50:02  PAGE 1


BL51 BANKED LINKER/LOCATER V6.22, INVOKED BY:
E:\KEIL_C51\C51\BIN\BL51.EXE .\output\main.obj, .\output\MeaPro.obj, .\output\SetPara.obj, .\output\HisRecord.obj, .\out
>> put\Uart.obj, .\output\I2C.obj, .\output\DSPs.obj, .\output\lcd.obj TO .\output\IR PRINT (.\listing\IR.m51) RAMSIZE (
>> 256)


MEMORY MODEL: LARGE WITH FLOATING POINT ARITHMETIC


INPUT MODULES INCLUDED:
  .\output\main.obj (MAIN)
  .\output\MeaPro.obj (MEAPRO)
  .\output\SetPara.obj (SETPARA)
  .\output\HisRecord.obj (HISRECORD)
  .\output\Uart.obj (UART)
  .\output\I2C.obj (I2C)
  .\output\DSPs.obj (DSPS)
  .\output\lcd.obj (LCD)
  E:\KEIL_C51\C51\LIB\C51FPL.LIB (?C?FPADD)
  E:\KEIL_C51\C51\LIB\C51FPL.LIB (?C?FPDIV)
  E:\KEIL_C51\C51\LIB\C51FPL.LIB (?C?FCAST)
  E:\KEIL_C51\C51\LIB\C51FPL.LIB (?C?CASTF)
  E:\KEIL_C51\C51\LIB\C51FPL.LIB (PRINTF)
  E:\KEIL_C51\C51\LIB\C51FPL.LIB (SCANF)
  E:\KEIL_C51\C51\LIB\C51FPL.LIB (?C?FPGETOPN)
  E:\KEIL_C51\C51\LIB\C51FPL.LIB (?C?FPROUND)
  E:\KEIL_C51\C51\LIB\C51FPL.LIB (?C?FPCONVERT)
  E:\KEIL_C51\C51\LIB\C51FPL.LIB (?C?ATOF)
  E:\KEIL_C51\C51\LIB\C51FPL.LIB (?C?FPMUL)
  E:\KEIL_C51\C51\LIB\C51FPL.LIB (?C?FPNEG)
  E:\KEIL_C51\C51\LIB\C51FPL.LIB (?C?FTNPWR)
  E:\KEIL_C51\C51\LIB\C51L.LIB (?C_STARTUP)
  E:\KEIL_C51\C51\LIB\C51L.LIB (?C?CLDPTR)
  E:\KEIL_C51\C51\LIB\C51L.LIB (?C?CLDOPTR)
  E:\KEIL_C51\C51\LIB\C51L.LIB (?C?CILDPTR)
  E:\KEIL_C51\C51\LIB\C51L.LIB (?C?CSTPTR)
  E:\KEIL_C51\C51\LIB\C51L.LIB (?C?IMUL)
  E:\KEIL_C51\C51\LIB\C51L.LIB (?C?UIDIV)
  E:\KEIL_C51\C51\LIB\C51L.LIB (?C?SIDIV)
  E:\KEIL_C51\C51\LIB\C51L.LIB (?C?IILDX)
  E:\KEIL_C51\C51\LIB\C51L.LIB (?C?ILDIX)
  E:\KEIL_C51\C51\LIB\C51L.LIB (?C?ILDPTR)
  E:\KEIL_C51\C51\LIB\C51L.LIB (?C?ISTPTR)
  E:\KEIL_C51\C51\LIB\C51L.LIB (?C?LMUL)
  E:\KEIL_C51\C51\LIB\C51L.LIB (?C?ULDIV)
  E:\KEIL_C51\C51\LIB\C51L.LIB (?C?LNEG)
  E:\KEIL_C51\C51\LIB\C51L.LIB (?C?LSTPTR)
  E:\KEIL_C51\C51\LIB\C51L.LIB (?C?LSTXDATA)
  E:\KEIL_C51\C51\LIB\C51L.LIB (?C?LSTKXDATA)
  E:\KEIL_C51\C51\LIB\C51L.LIB (?C?PLDXDATA)
  E:\KEIL_C51\C51\LIB\C51L.LIB (?C?PLDIXDATA)
  E:\KEIL_C51\C51\LIB\C51L.LIB (?C?PILDXDATA)
  E:\KEIL_C51\C51\LIB\C51L.LIB (?C?PSTXDATA)
  E:\KEIL_C51\C51\LIB\C51L.LIB (?C?CCASE)
  E:\KEIL_C51\C51\LIB\C51L.LIB (?C?ICASE)
  E:\KEIL_C51\C51\LIB\C51L.LIB (PUTCHAR)
  E:\KEIL_C51\C51\LIB\C51L.LIB (GETCHAR)
  E:\KEIL_C51\C51\LIB\C51L.LIB (UNGETC)
BL51 BANKED LINKER/LOCATER V6.22                                                      02/27/2016  16:50:02  PAGE 2


  E:\KEIL_C51\C51\LIB\C51L.LIB (ISSPACE)
  E:\KEIL_C51\C51\LIB\C51L.LIB (?C_INIT)
  E:\KEIL_C51\C51\LIB\C51L.LIB (?C?LSTIDATA)
  E:\KEIL_C51\C51\LIB\C51L.LIB (?C?LSTPDATA)
  E:\KEIL_C51\C51\LIB\C51L.LIB (_GETKEY)


LINK MAP OF MODULE:  .\output\IR (MAIN)


            TYPE    BASE      LENGTH    RELOCATION   SEGMENT NAME
            -----------------------------------------------------

            * * * * * * *   D A T A   M E M O R Y   * * * * * * *
            REG     0000H     0008H     ABSOLUTE     "REG BANK 0"
            DATA    0008H     0010H     UNIT         _DATA_GROUP_
                    0018H     0008H                  *** GAP ***
            BIT     0020H.0   0003H.3   UNIT         _BIT_GROUP_
            BIT     0023H.3   0001H.5   UNIT         ?BI?MAIN
            BIT     0025H.0   0000H.4   UNIT         ?BI?UART
            BIT     0025H.4   0000H.1   UNIT         ?BI?_SHOW_LOGO?LCD
            BIT     0025H.5   0000H.1   UNIT         ?BI?GETCHAR
                    0025H.6   0000H.2                *** GAP ***
            IDATA   0026H     0001H     UNIT         ?STACK

            * * * * * * *  X D A T A   M E M O R Y  * * * * * * *
            XDATA   0000H     0104H     UNIT         ?XD?MAIN
            XDATA   0104H     008AH     UNIT         _XDATA_GROUP_
            XDATA   018EH     002FH     UNIT         ?XD?UART
            XDATA   01BDH     000AH     UNIT         ?XD?_SHOW_LOGO?LCD
            XDATA   01C7H     0004H     UNIT         ?XD?MEAPRO
            XDATA   01CBH     0002H     UNIT         ?XD?RECCRC?UART
            XDATA   01CDH     0001H     UNIT         ?XD?HISRECORD
            XDATA   01CEH     0001H     UNIT         ?XD?GETCHAR

            * * * * * * *   C O D E   M E M O R Y   * * * * * * *
            CODE    0000H     0003H     ABSOLUTE     
            CODE    0003H     0008H     UNIT         ?PR?GETCHAR?UNGETCHAR
            CODE    000BH     0003H     ABSOLUTE     
            CODE    000EH     0014H     UNIT         ?PR?START_I2C?I2C
                    0022H     0001H                  *** GAP ***
            CODE    0023H     0003H     ABSOLUTE     
            CODE    0026H     0014H     UNIT         ?PR?GETCHAR?GETCHAR
                    003AH     0001H                  *** GAP ***
            CODE    003BH     0003H     ABSOLUTE     
            CODE    003EH     005AH     UNIT         ?PR?_RTC_INIT?I2C
                    0098H     0003H                  *** GAP ***
            CODE    009BH     0003H     ABSOLUTE     
            CODE    009EH     14DCH     UNIT         ?CO?LCD
            CODE    157AH     08DAH     UNIT         ?C?LIB_CODE
            CODE    1E54H     0731H     UNIT         ?PR?_PARPAGUPD?SETPARA
            CODE    2585H     067EH     UNIT         ?PR?DATA_PRO?MAIN
            CODE    2C03H     0557H     UNIT         ?PR?_PARAPAGE?SETPARA
            CODE    315AH     0483H     UNIT         ?PR?PRINTF?PRINTF
            CODE    35DDH     0475H     UNIT         ?PR?_SAVEDEAL?HISRECORD
            CODE    3A52H     03F6H     UNIT         ?PR?_MEASUREPROPAGE?MEAPRO
            CODE    3E48H     0374H     UNIT         ?PR?_HISTORYPRO?HISRECORD
BL51 BANKED LINKER/LOCATER V6.22                                                      02/27/2016  16:50:02  PAGE 3


            CODE    41BCH     035AH     UNIT         ?PR?SCANF?SCANF
            CODE    4516H     0333H     UNIT         ?PR?_DRAW_LINE?LCD
            CODE    4849H     02C0H     UNIT         ?PR?_DRAW_ARC?LCD
            CODE    4B09H     02BDH     UNIT         ?PR?_UPDHISREC?HISRECORD
            CODE    4DC6H     0281H     UNIT         ?PR?_DRAW_ARCFRAME?LCD
            CODE    5047H     023BH     UNIT         ?PR?_DELETREC?HISRECORD
            CODE    5282H     023AH     UNIT         ?PR?_READRAM?HISRECORD
            CODE    54BCH     01F6H     UNIT         ?PR?_LCD_DISPLAY_STRING?LCD
            CODE    56B2H     01EFH     UNIT         ?PR?_DACCOMMAND?DSPS
            CODE    58A1H     01D2H     UNIT         ?CO?MEAPRO
            CODE    5A73H     01BCH     UNIT         ?PR?_MEAPRODEAL?MEAPRO
            CODE    5C2FH     018BH     UNIT         ?PR?_SHOW_CHAR?LCD
            CODE    5DBAH     017AH     UNIT         ?PR?HIS_RECORD?HISRECORD
            CODE    5F34H     016EH     UNIT         ?PR?INTERFACEINIT?MAIN
            CODE    60A2H     016EH     UNIT         ?PR?_MEADETAIL?MEAPRO
            CODE    6210H     0157H     UNIT         ?PR?CHRECSUCCESS?UART
            CODE    6367H     0157H     UNIT         ?PR?_SHOW_STRING?LCD
            CODE    64BEH     0152H     UNIT         ?CO?SETPARA
            CODE    6610H     0150H     UNIT         ?PR?_SHOW_CHINESE?LCD
            CODE    6760H     0141H     UNIT         ?PR?_CHINESE_STRING?LCD
            CODE    68A1H     013CH     UNIT         ?PR?STARTPARA?SETPARA
            CODE    69DDH     0125H     UNIT         ?C_INITSEG
            CODE    6B02H     0115H     UNIT         ?PR?_SHOW_POWER?LCD
            CODE    6C17H     0113H     UNIT         ?PR?STARTBACMES?MEAPRO
            CODE    6D2AH     0112H     UNIT         ?PR?RECDEAL?UART
            CODE    6E3CH     010AH     UNIT         ?PR?MAIN?MAIN
            CODE    6F46H     0100H     UNIT         ?PR?_CLEAR_WINDOWS?LCD
            CODE    7046H     00F0H     UNIT         ?PR?PACKBAG?UART
            CODE    7136H     00ECH     UNIT         ?PR?PCA_INT?MAIN
            CODE    7222H     00E9H     UNIT         ?PR?_PREMEA?MAIN
            CODE    730BH     00E6H     UNIT         ?PR??C?ATOF??C?ATOF
            CODE    73F1H     00D3H     UNIT         ?CO?MAIN
            CODE    74C4H     00CFH     UNIT         ?PR?_SHOW_LOGO?LCD
            CODE    7593H     00CDH     UNIT         ?PR?_LCD_CLEAR?LCD
            CODE    7660H     00B7H     UNIT         ?PR?_CRC_CHECK?UART
            CODE    7717H     00B7H     UNIT         ?PR?_DRAW_FILLRECT?LCD
            CODE    77CEH     00B1H     UNIT         ?PR?_DRAW_SCROLLBAR?LCD
            CODE    787FH     00AEH     UNIT         ?PR?_DRAW_POINT?LCD
            CODE    792DH     00ABH     UNIT         ?PR?_HISTORYDEL?HISRECORD
            CODE    79D8H     00A4H     UNIT         ?PR?LCDSYSTEM_INIT?LCD
            CODE    7A7CH     00A2H     UNIT         ?PR?_SEARCH?LCD
            CODE    7B1EH     00A0H     UNIT         ?PR?INTFACEPRO?MAIN
            CODE    7BBEH     009FH     UNIT         ?PR?_STARTLIQSOLMES?MEAPRO
            CODE    7C5DH     009CH     UNIT         ?PR?MEASUREBUSYPAGE?MEAPRO
            CODE    7CF9H     0091H     UNIT         ?PR?GET_KEYNUM?MAIN
            CODE    7D8AH     008CH     UNIT         ?CO?HISRECORD
            CODE    7E16H     008CH     UNIT         ?C_C51STARTUP
            CODE    7EA2H     0083H     UNIT         ?PR?INITINTER?MAIN
            CODE    7F25H     0082H     UNIT         ?PR?_SCROLL_SET?LCD
            CODE    7FA7H     007AH     UNIT         ?PR?MEAVALUEUPD?MEAPRO
            CODE    8021H     007AH     UNIT         ?PR?_WRITE_EEPROM?I2C
            CODE    809BH     0079H     UNIT         ?PR?_CSR_LOCATE?LCD
            CODE    8114H     0074H     UNIT         ?PR?_SHOWNUM?HISRECORD
            CODE    8188H     0073H     UNIT         ?PR?_MEARESDEAL?MEAPRO
            CODE    81FBH     006DH     UNIT         ?PR?_UPDATA_TIME?I2C
            CODE    8268H     006CH     UNIT         ?PR?_WRITE_EEPROM_ONE?I2C
            CODE    82D4H     0069H     UNIT         ?PR?UART?UART
BL51 BANKED LINKER/LOCATER V6.22                                                      02/27/2016  16:50:02  PAGE 4


            CODE    833DH     0068H     UNIT         ?PR?PARSETUPDPAGE?SETPARA
            CODE    83A5H     0065H     UNIT         ?PR?RECCRC?UART
            CODE    840AH     0054H     UNIT         ?PR?_READ_EEPROM?I2C
            CODE    845EH     0053H     UNIT         ?PR?_WRITE_DAT?I2C
            CODE    84B1H     004BH     UNIT         ?PR?_SAVEVALUE?HISRECORD
            CODE    84FCH     0049H     UNIT         ?PR?_READ_EEPROM_ONE?I2C
            CODE    8545H     0047H     UNIT         ?PR?_OYLAY?LCD
            CODE    858CH     0043H     UNIT         ?PR?_LCD_ON?LCD
            CODE    85CFH     0040H     UNIT         ?PR?READ_DAT?I2C
            CODE    860FH     0036H     UNIT         ?PR?_MEADETAILDEAL?MEAPRO
            CODE    8645H     0033H     UNIT         ?PR?_MEASUREBUSY?MEAPRO
            CODE    8678H     0031H     UNIT         ?PR?_MAINMENU?MAIN
            CODE    86A9H     002EH     UNIT         ?PR?_CSR_FORM?LCD
            CODE    86D7H     0029H     UNIT         ?PR?STARTMES?MEAPRO
            CODE    8700H     0029H     UNIT         ?PR?_WRITE_CMD?LCD
            CODE    8729H     0029H     UNIT         ?PR?_WRITE_DATA?LCD
            CODE    8752H     0027H     UNIT         ?PR?PUTCHAR?PUTCHAR
            CODE    8779H     0026H     UNIT         ?PR?MEAMODECOPY?MAIN
            CODE    879FH     0026H     UNIT         ?PR?MEAMODEPASTE?MAIN
            CODE    87C5H     0026H     UNIT         ?PR?TIME0?MAIN
            CODE    87EBH     0026H     UNIT         ?PR?TIME3?MAIN
            CODE    8811H     0025H     UNIT         ?PR?READ_DATA?LCD
            CODE    8836H     001EH     UNIT         ?PR?DELAY1MS?LCD
            CODE    8854H     001DH     UNIT         ?PR?ANSWER_I2C?I2C
            CODE    8871H     001BH     UNIT         ?PR?DELAY200US?LCD
            CODE    888CH     001AH     UNIT         ?PR?CHECK_BUSY?I2C
            CODE    88A6H     0017H     UNIT         ?PR?CHABANDONDATA?UART
            CODE    88BDH     0014H     UNIT         ?PR?_ISSPACE?ISSPACE
            CODE    88D1H     0013H     UNIT         ?PR?__NOP?I2C
            CODE    88E4H     0012H     UNIT         ?PR?STOP_I2C?I2C
            CODE    88F6H     000DH     UNIT         ?PR?DACINITIALIZATION?DSPS
            CODE    8903H     000AH     UNIT         ?CO?UART
            CODE    890DH     000AH     UNIT         ?PR?_GETKEY?_GETKEY
            CODE    8917H     0007H     UNIT         ?PR?DACHARDWARERESET?DSPS
            CODE    891EH     0006H     UNIT         ?PR?LCD_OFF?LCD



OVERLAY MAP OF MODULE:   .\output\IR (MAIN)


SEGMENT                                BIT_GROUP          DATA_GROUP          XDATA_GROUP
  +--> CALLED SEGMENT               START    LENGTH     START    LENGTH     START    LENGTH
-------------------------------------------------------------------------------------------
?PR?PCA_INT?MAIN                    -----    -----      -----    -----      -----    -----
  +--> ?PR?GET_KEYNUM?MAIN

?PR?GET_KEYNUM?MAIN                 -----    -----      -----    -----      0104H    0001H

*** NEW ROOT ***************************************************

?PR?UART?UART                       -----    -----      -----    -----      -----    -----
  +--> ?PR?RECDEAL?UART

?PR?RECDEAL?UART                    -----    -----      -----    -----      0105H    0003H
  +--> ?PR?CHABANDONDATA?UART
  +--> ?PR?_CRC_CHECK?UART
BL51 BANKED LINKER/LOCATER V6.22                                                      02/27/2016  16:50:02  PAGE 5


  +--> ?PR?CHRECSUCCESS?UART

?PR?_CRC_CHECK?UART                 -----    -----      -----    -----      0153H    0009H

?PR?CHRECSUCCESS?UART               0020H.0  0000H.1    -----    -----      0108H    0005H
  +--> ?PR?PACKBAG?UART
  +--> ?CO?UART
  +--> ?CO?MEAPRO
  +--> ?PR?PRINTF?PRINTF
  +--> ?PR?_LCD_DISPLAY_STRING?LCD
  +--> ?PR?STARTMES?MEAPRO
  +--> ?PR?_SAVEDEAL?HISRECORD
  +--> ?PR?_READRAM?HISRECORD
  +--> ?PR?_DELETREC?HISRECORD

?PR?PACKBAG?UART                    -----    -----      -----    -----      014DH    0006H
  +--> ?PR?_CRC_CHECK?UART

?PR?PRINTF?PRINTF                   0022H.2  0001H.1    000DH    0005H      015CH    0030H
  +--> ?PR?PUTCHAR?PUTCHAR

?PR?_LCD_DISPLAY_STRING?LCD         0022H.2  0000H.2    -----    -----      015CH    0012H
  +--> ?PR?_SHOW_CHINESE?LCD
  +--> ?PR?_SHOW_CHAR?LCD

?PR?_SHOW_CHINESE?LCD               0022H.4  0000H.2    -----    -----      016EH    0016H
  +--> ?CO?LCD
  +--> ?PR?_SEARCH?LCD
  +--> ?PR?_WRITE_CMD?LCD
  +--> ?PR?_CSR_LOCATE?LCD
  +--> ?PR?_WRITE_DATA?LCD

?PR?_SEARCH?LCD                     0022H.6  0000H.1    -----    -----      0184H    000AH

?PR?_WRITE_CMD?LCD                  -----    -----      -----    -----      018BH    0001H

?PR?_CSR_LOCATE?LCD                 -----    -----      -----    -----      0184H    0007H
  +--> ?PR?_WRITE_CMD?LCD
  +--> ?PR?_WRITE_DATA?LCD

?PR?_WRITE_DATA?LCD                 -----    -----      -----    -----      018BH    0001H

?PR?_SHOW_CHAR?LCD                  0022H.4  0000H.2    -----    -----      016EH    0013H
  +--> ?CO?LCD
  +--> ?PR?_SEARCH?LCD
  +--> ?PR?_WRITE_CMD?LCD
  +--> ?PR?_CSR_LOCATE?LCD
  +--> ?PR?_WRITE_DATA?LCD

?PR?_SAVEDEAL?HISRECORD             0022H.0  0000H.1    -----    -----      0151H    000CH
  +--> ?PR?_READ_EEPROM?I2C
  +--> ?PR?_WRITE_EEPROM?I2C

?PR?_READ_EEPROM?I2C                -----    -----      -----    -----      0166H    0007H
  +--> ?PR?_READ_EEPROM_ONE?I2C
  +--> ?PR?STOP_I2C?I2C

BL51 BANKED LINKER/LOCATER V6.22                                                      02/27/2016  16:50:02  PAGE 6


?PR?_READ_EEPROM_ONE?I2C            -----    -----      -----    -----      016DH    0005H
  +--> ?PR?CHECK_BUSY?I2C
  +--> ?PR?START_I2C?I2C
  +--> ?PR?_WRITE_DAT?I2C
  +--> ?PR?READ_DAT?I2C
  +--> ?PR?STOP_I2C?I2C

?PR?START_I2C?I2C                   -----    -----      -----    -----      -----    -----
  +--> ?PR?__NOP?I2C

?PR?__NOP?I2C                       -----    -----      -----    -----      0174H    0001H

?PR?_WRITE_DAT?I2C                  -----    -----      -----    -----      0172H    0002H
  +--> ?PR?__NOP?I2C
  +--> ?PR?ANSWER_I2C?I2C

?PR?ANSWER_I2C?I2C                  0022H.1  0000H.1    -----    -----      -----    -----
  +--> ?PR?__NOP?I2C

?PR?READ_DAT?I2C                    -----    -----      -----    -----      0172H    0002H
  +--> ?PR?__NOP?I2C

?PR?STOP_I2C?I2C                    -----    -----      -----    -----      -----    -----
  +--> ?PR?__NOP?I2C

?PR?_WRITE_EEPROM?I2C               -----    -----      -----    -----      015DH    0009H
  +--> ?PR?_WRITE_EEPROM_ONE?I2C
  +--> ?PR?__NOP?I2C
  +--> ?PR?STOP_I2C?I2C

?PR?_WRITE_EEPROM_ONE?I2C           -----    -----      -----    -----      0166H    0007H
  +--> ?PR?CHECK_BUSY?I2C
  +--> ?PR?START_I2C?I2C
  +--> ?PR?_WRITE_DAT?I2C
  +--> ?PR?STOP_I2C?I2C
  +--> ?PR?_READ_EEPROM_ONE?I2C

?PR?_READRAM?HISRECORD              -----    -----      -----    -----      015CH    000AH
  +--> ?PR?_READ_EEPROM?I2C

?PR?_DELETREC?HISRECORD             -----    -----      -----    -----      0146H    0009H
  +--> ?PR?_READ_EEPROM?I2C
  +--> ?PR?_WRITE_EEPROM?I2C

*** NEW ROOT ***************************************************

?C_C51STARTUP                       -----    -----      -----    -----      -----    -----
  +--> ?PR?MAIN?MAIN
  +--> ?C_INITSEG

?PR?MAIN?MAIN                       0021H.2  0000H.1    -----    -----      013FH    0004H
  +--> ?PR?INITINTER?MAIN
  +--> ?PR?_READ_EEPROM?I2C
  +--> ?PR?LCDSYSTEM_INIT?LCD
  +--> ?PR?DACINITIALIZATION?DSPS
  +--> ?PR?_DACCOMMAND?DSPS
  +--> ?PR?INTERFACEINIT?MAIN
BL51 BANKED LINKER/LOCATER V6.22                                                      02/27/2016  16:50:02  PAGE 7


  +--> ?PR?INTFACEPRO?MAIN
  +--> ?PR?DATA_PRO?MAIN
  +--> ?CO?MAIN
  +--> ?PR?PRINTF?PRINTF
  +--> ?PR?_LCD_DISPLAY_STRING?LCD
  +--> ?PR?_CLEAR_WINDOWS?LCD

?PR?LCDSYSTEM_INIT?LCD              -----    -----      -----    -----      0143H    0001H
  +--> ?PR?DELAY200US?LCD
  +--> ?PR?DELAY1MS?LCD
  +--> ?PR?_WRITE_CMD?LCD
  +--> ?CO?LCD
  +--> ?PR?_WRITE_DATA?LCD
  +--> ?PR?_SCROLL_SET?LCD
  +--> ?PR?LCD_OFF?LCD
  +--> ?PR?_CSR_FORM?LCD
  +--> ?PR?_OYLAY?LCD
  +--> ?PR?_LCD_ON?LCD
  +--> ?PR?_LCD_CLEAR?LCD
  +--> ?PR?_CSR_LOCATE?LCD

?PR?DELAY200US?LCD                  -----    -----      -----    -----      0144H    0002H

?PR?DELAY1MS?LCD                    -----    -----      -----    -----      0144H    0002H

?PR?_SCROLL_SET?LCD                 -----    -----      -----    -----      0144H    000AH
  +--> ?PR?_WRITE_CMD?LCD
  +--> ?PR?_WRITE_DATA?LCD

?PR?LCD_OFF?LCD                     -----    -----      -----    -----      -----    -----
  +--> ?PR?_WRITE_CMD?LCD

?PR?_CSR_FORM?LCD                   -----    -----      -----    -----      0144H    0003H
  +--> ?PR?_WRITE_CMD?LCD
  +--> ?PR?_WRITE_DATA?LCD

?PR?_OYLAY?LCD                      -----    -----      -----    -----      0144H    0005H
  +--> ?PR?_WRITE_CMD?LCD
  +--> ?PR?_WRITE_DATA?LCD

?PR?_LCD_ON?LCD                     -----    -----      -----    -----      0144H    0005H
  +--> ?PR?_WRITE_CMD?LCD
  +--> ?PR?_WRITE_DATA?LCD

?PR?_LCD_CLEAR?LCD                  -----    -----      -----    -----      0144H    0004H
  +--> ?PR?_WRITE_CMD?LCD
  +--> ?PR?_WRITE_DATA?LCD

?PR?_DACCOMMAND?DSPS                -----    -----      -----    -----      0151H    0008H

?PR?INTERFACEINIT?MAIN              -----    -----      -----    -----      -----    -----
  +--> ?PR?_CLEAR_WINDOWS?LCD
  +--> ?PR?_SHOW_POWER?LCD
  +--> ?CO?MAIN
  +--> ?PR?_LCD_DISPLAY_STRING?LCD
  +--> ?PR?_DRAW_ARCFRAME?LCD

BL51 BANKED LINKER/LOCATER V6.22                                                      02/27/2016  16:50:02  PAGE 8


?PR?_CLEAR_WINDOWS?LCD              0022H.2  0000H.1    -----    -----      015CH    000DH
  +--> ?PR?_WRITE_CMD?LCD
  +--> ?PR?_CSR_LOCATE?LCD
  +--> ?PR?_WRITE_DATA?LCD

?PR?_SHOW_POWER?LCD                 0021H.7  0000H.1    -----    -----      0151H    0006H
  +--> ?CO?LCD
  +--> ?PR?_SHOW_STRING?LCD
  +--> ?PR?_DRAW_FILLRECT?LCD

?PR?_SHOW_STRING?LCD                0022H.0  0000H.1    -----    -----      0157H    000EH
  +--> ?PR?_SHOW_CHAR?LCD

?PR?_DRAW_FILLRECT?LCD              -----    -----      -----    -----      0159H    000BH
  +--> ?PR?_DRAW_LINE?LCD

?PR?_DRAW_LINE?LCD                  0022H.3  0000H.1    -----    -----      0164H    0012H
  +--> ?PR?_DRAW_POINT?LCD

?PR?_DRAW_POINT?LCD                 0022H.4  0000H.1    -----    -----      0176H    0006H
  +--> ?PR?_CSR_LOCATE?LCD
  +--> ?PR?_WRITE_CMD?LCD
  +--> ?PR?READ_DATA?LCD
  +--> ?PR?_WRITE_DATA?LCD

?PR?READ_DATA?LCD                   -----    -----      -----    -----      017CH    0001H

?PR?_DRAW_ARCFRAME?LCD              0022H.2  0000H.1    -----    -----      0154H    0008H
  +--> ?PR?_DRAW_ARC?LCD
  +--> ?PR?_DRAW_LINE?LCD

?PR?_DRAW_ARC?LCD                   0022H.3  0000H.1    -----    -----      015CH    000EH
  +--> ?PR?_DRAW_POINT?LCD

?PR?INTFACEPRO?MAIN                 -----    -----      -----    -----      -----    -----
  +--> ?PR?_MAINMENU?MAIN
  +--> ?PR?_HISTORYPRO?HISRECORD
  +--> ?PR?_HISTORYDEL?HISRECORD
  +--> ?PR?_PREMEA?MAIN
  +--> ?PR?_MEASUREBUSY?MEAPRO
  +--> ?PR?_MEAPRODEAL?MEAPRO
  +--> ?PR?_MEARESDEAL?MEAPRO
  +--> ?PR?_PARPAGUPD?SETPARA
  +--> ?PR?_MEADETAILDEAL?MEAPRO

?PR?_MAINMENU?MAIN                  -----    -----      -----    -----      0151H    0001H
  +--> ?PR?STARTBACMES?MEAPRO
  +--> ?PR?_STARTLIQSOLMES?MEAPRO
  +--> ?PR?STARTPARA?SETPARA
  +--> ?PR?HIS_RECORD?HISRECORD

?PR?STARTBACMES?MEAPRO              -----    -----      -----    -----      -----    -----
  +--> ?PR?_CLEAR_WINDOWS?LCD
  +--> ?CO?MEAPRO
  +--> ?PR?_LCD_DISPLAY_STRING?LCD
  +--> ?PR?_DRAW_ARCFRAME?LCD
  +--> ?PR?_MEASUREPROPAGE?MEAPRO
BL51 BANKED LINKER/LOCATER V6.22                                                      02/27/2016  16:50:02  PAGE 9



?PR?_MEASUREPROPAGE?MEAPRO          0022H.0  0000H.2    -----    -----      0153H    0001H
  +--> ?PR?_CLEAR_WINDOWS?LCD
  +--> ?CO?MEAPRO
  +--> ?PR?_LCD_DISPLAY_STRING?LCD
  +--> ?PR?PRINTF?PRINTF
  +--> ?PR?_DRAW_ARCFRAME?LCD

?PR?_STARTLIQSOLMES?MEAPRO          -----    -----      -----    -----      0152H    0001H
  +--> ?PR?MEAMODECOPY?MAIN
  +--> ?PR?_CLEAR_WINDOWS?LCD
  +--> ?CO?MEAPRO
  +--> ?PR?_LCD_DISPLAY_STRING?LCD
  +--> ?PR?_PARAPAGE?SETPARA
  +--> ?PR?_MEASUREPROPAGE?MEAPRO

?PR?_PARAPAGE?SETPARA               -----    -----      -----    -----      0153H    0001H
  +--> ?PR?_CLEAR_WINDOWS?LCD
  +--> ?CO?SETPARA
  +--> ?PR?_LCD_DISPLAY_STRING?LCD
  +--> ?PR?PRINTF?PRINTF
  +--> ?PR?_SHOW_STRING?LCD
  +--> ?PR?_DRAW_ARCFRAME?LCD
  +--> ?PR?PARSETUPDPAGE?SETPARA

?PR?PARSETUPDPAGE?SETPARA           -----    -----      -----    -----      -----    -----
  +--> ?PR?_LCD_DISPLAY_STRING?LCD

?PR?STARTPARA?SETPARA               -----    -----      -----    -----      -----    -----
  +--> ?PR?MEAMODECOPY?MAIN
  +--> ?PR?_CLEAR_WINDOWS?LCD
  +--> ?PR?_DRAW_ARCFRAME?LCD
  +--> ?CO?SETPARA
  +--> ?PR?_CHINESE_STRING?LCD
  +--> ?PR?_LCD_DISPLAY_STRING?LCD

?PR?_CHINESE_STRING?LCD             0022H.0  0000H.1    -----    -----      0152H    000FH
  +--> ?PR?_SHOW_CHINESE?LCD

?PR?HIS_RECORD?HISRECORD            -----    -----      -----    -----      -----    -----
  +--> ?PR?_READ_EEPROM?I2C
  +--> ?PR?_CLEAR_WINDOWS?LCD
  +--> ?CO?HISRECORD
  +--> ?PR?_LCD_DISPLAY_STRING?LCD
  +--> ?PR?_SHOW_STRING?LCD
  +--> ?PR?_UPDHISREC?HISRECORD
  +--> ?PR?_SHOWNUM?HISRECORD
  +--> ?PR?_DRAW_SCROLLBAR?LCD
  +--> ?PR?_DRAW_ARCFRAME?LCD

?PR?_UPDHISREC?HISRECORD            -----    -----      -----    -----      0152H    000AH
  +--> ?PR?_READRAM?HISRECORD
  +--> ?PR?_CLEAR_WINDOWS?LCD
  +--> ?CO?HISRECORD
  +--> ?PR?PRINTF?PRINTF
  +--> ?PR?_LCD_DISPLAY_STRING?LCD

BL51 BANKED LINKER/LOCATER V6.22                                                      02/27/2016  16:50:02  PAGE 10


?PR?_SHOWNUM?HISRECORD              -----    -----      -----    -----      0152H    0002H
  +--> ?PR?_READ_EEPROM?I2C
  +--> ?CO?HISRECORD
  +--> ?PR?PRINTF?PRINTF
  +--> ?PR?_LCD_DISPLAY_STRING?LCD

?PR?_DRAW_SCROLLBAR?LCD             0022H.0  0000H.2    -----    -----      0152H    0007H
  +--> ?PR?_DRAW_FILLRECT?LCD

?PR?_HISTORYPRO?HISRECORD           -----    -----      -----    -----      0143H    0001H
  +--> ?PR?_CLEAR_WINDOWS?LCD
  +--> ?PR?_UPDHISREC?HISRECORD
  +--> ?PR?_SHOWNUM?HISRECORD
  +--> ?CO?HISRECORD
  +--> ?PR?_LCD_DISPLAY_STRING?LCD
  +--> ?PR?_DRAW_SCROLLBAR?LCD
  +--> ?PR?INTERFACEINIT?MAIN

?PR?_HISTORYDEL?HISRECORD           -----    -----      -----    -----      0143H    0003H
  +--> ?PR?_DELETREC?HISRECORD
  +--> ?PR?_READ_EEPROM?I2C
  +--> ?PR?_MAINMENU?MAIN

?PR?_PREMEA?MAIN                    -----    -----      -----    -----      0143H    0002H
  +--> ?PR?MEASUREBUSYPAGE?MEAPRO
  +--> ?PR?STARTMES?MEAPRO
  +--> ?PR?_MEASUREPROPAGE?MEAPRO
  +--> ?PR?MEAMODEPASTE?MAIN
  +--> ?PR?INTERFACEINIT?MAIN
  +--> ?PR?_CLEAR_WINDOWS?LCD
  +--> ?CO?MAIN
  +--> ?PR?_LCD_DISPLAY_STRING?LCD
  +--> ?PR?_PARAPAGE?SETPARA

?PR?MEASUREBUSYPAGE?MEAPRO          -----    -----      -----    -----      -----    -----
  +--> ?PR?_CLEAR_WINDOWS?LCD
  +--> ?CO?MEAPRO
  +--> ?PR?_LCD_DISPLAY_STRING?LCD
  +--> ?PR?_DRAW_ARCFRAME?LCD

?PR?_MEASUREBUSY?MEAPRO             -----    -----      -----    -----      0143H    0001H
  +--> ?PR?MEAMODEPASTE?MAIN
  +--> ?PR?_MAINMENU?MAIN

?PR?_MEAPRODEAL?MEAPRO              -----    -----      -----    -----      014DH    0003H
  +--> ?PR?_MEADETAIL?MEAPRO
  +--> ?CO?MEAPRO
  +--> ?PR?_LCD_DISPLAY_STRING?LCD
  +--> ?PR?_CLEAR_WINDOWS?LCD
  +--> ?PR?_DRAW_ARCFRAME?LCD
  +--> ?PR?_MEASUREPROPAGE?MEAPRO
  +--> ?PR?_MAINMENU?MAIN
  +--> ?PR?INTERFACEINIT?MAIN

?PR?_MEADETAIL?MEAPRO               -----    -----      -----    -----      0150H    0001H
  +--> ?PR?_CLEAR_WINDOWS?LCD
  +--> ?CO?MEAPRO
BL51 BANKED LINKER/LOCATER V6.22                                                      02/27/2016  16:50:02  PAGE 11


  +--> ?PR?_LCD_DISPLAY_STRING?LCD
  +--> ?PR?_DRAW_ARCFRAME?LCD
  +--> ?PR?PRINTF?PRINTF

?PR?_MEARESDEAL?MEAPRO              -----    -----      -----    -----      014DH    0003H
  +--> ?PR?_MEADETAIL?MEAPRO
  +--> ?PR?STARTMES?MEAPRO
  +--> ?PR?_CLEAR_WINDOWS?LCD
  +--> ?PR?_MEASUREPROPAGE?MEAPRO
  +--> ?PR?_SAVEVALUE?HISRECORD
  +--> ?PR?_MAINMENU?MAIN

?PR?_SAVEVALUE?HISRECORD            0021H.7  0000H.1    -----    -----      0150H    0001H
  +--> ?PR?_SAVEDEAL?HISRECORD
  +--> ?PR?_MAINMENU?MAIN
  +--> ?PR?_CLEAR_WINDOWS?LCD
  +--> ?CO?HISRECORD
  +--> ?PR?_LCD_DISPLAY_STRING?LCD

?PR?_PARPAGUPD?SETPARA              -----    -----      -----    -----      0143H    000EH
  +--> ?PR?PARSETUPDPAGE?SETPARA
  +--> ?CO?MAIN
  +--> ?PR?STARTMES?MEAPRO
  +--> ?CO?SETPARA
  +--> ?PR?SCANF?SCANF
  +--> ?PR?_WRITE_EEPROM?I2C
  +--> ?PR?_MEASUREPROPAGE?MEAPRO
  +--> ?PR?MEASUREBUSYPAGE?MEAPRO
  +--> ?PR?_RTC_INIT?I2C
  +--> ?PR?_DACCOMMAND?DSPS
  +--> ?PR?_LCD_DISPLAY_STRING?LCD
  +--> ?PR?_PARAPAGE?SETPARA
  +--> ?PR?MEAMODEPASTE?MAIN
  +--> ?PR?INTERFACEINIT?MAIN
  +--> ?PR?_MAINMENU?MAIN

?PR?SCANF?SCANF                     0021H.3  0000H.6    000DH    0009H      0151H    002EH
  +--> ?PR?GETCHAR?UNGETCHAR
  +--> ?PR?_ISSPACE?ISSPACE
  +--> ?PR?GETCHAR?GETCHAR
  +--> ?PR??C?ATOF??C?ATOF

?PR?GETCHAR?GETCHAR                 -----    -----      -----    -----      -----    -----
  +--> ?PR?_GETKEY?_GETKEY
  +--> ?PR?PUTCHAR?PUTCHAR

?PR??C?ATOF??C?ATOF                 0022H.1  0000H.5    0016H    0002H      -----    -----

?PR?_RTC_INIT?I2C                   -----    -----      -----    -----      0151H    0005H
  +--> ?PR?CHECK_BUSY?I2C
  +--> ?PR?START_I2C?I2C
  +--> ?PR?_WRITE_DAT?I2C
  +--> ?PR?STOP_I2C?I2C

?PR?_MEADETAILDEAL?MEAPRO           -----    -----      -----    -----      0143H    0002H
  +--> ?PR?_MEASUREPROPAGE?MEAPRO
  +--> ?PR?_MEAPRODEAL?MEAPRO
BL51 BANKED LINKER/LOCATER V6.22                                                      02/27/2016  16:50:02  PAGE 12



?PR?DATA_PRO?MAIN                   0021H.3  0000H.4    -----    -----      0143H    000AH
  +--> ?CO?MAIN
  +--> ?PR?PRINTF?PRINTF
  +--> ?PR?_LCD_DISPLAY_STRING?LCD
  +--> ?PR?MEAMODEPASTE?MAIN
  +--> ?PR?_MEASUREPROPAGE?MEAPRO
  +--> ?PR?_MEAPRODEAL?MEAPRO
  +--> ?PR?_MEARESDEAL?MEAPRO
  +--> ?PR?STARTMES?MEAPRO
  +--> ?PR?PACKBAG?UART
  +--> ?PR?_UPDATA_TIME?I2C
  +--> ?PR?MEAVALUEUPD?MEAPRO

?PR?_UPDATA_TIME?I2C                -----    -----      -----    -----      014DH    0005H
  +--> ?PR?CHECK_BUSY?I2C
  +--> ?PR?START_I2C?I2C
  +--> ?PR?_WRITE_DAT?I2C
  +--> ?PR?READ_DAT?I2C
  +--> ?PR?STOP_I2C?I2C

?PR?MEAVALUEUPD?MEAPRO              -----    -----      -----    -----      014DH    0006H



UNRESOLVED EXTERNAL SYMBOLS:
   RDACVALUE



SYMBOL TABLE OF MODULE:  .\output\IR (MAIN)

  VALUE           TYPE          NAME
  ----------------------------------

  -------         MODULE        MAIN
  C:0000H         SYMBOL        _ICE_DUMMY_
  X:0002H         PUBLIC        chBuzzerTim
  X:0003H         PUBLIC        DisBuffer
  D:0080H         PUBLIC        P0
  D:0090H         PUBLIC        P1
  D:00A0H         PUBLIC        P2
  D:00B0H         PUBLIC        P3
  D:00C0H         PUBLIC        P4
  X:000FH         PUBLIC        chParaNum
  D:00C8H         PUBLIC        P5
  B:00A8H.7       PUBLIC        EA
  D:00E8H         PUBLIC        P6
  X:0010H         PUBLIC        xxxflag
  B:00C8H.1       PUBLIC        LED1
  D:00F8H         PUBLIC        P7
  B:00B0H.6       PUBLIC        LED2
  X:0011H         PUBLIC        chKeyTime
  B:00C8H.0       PUBLIC        LED3
  B:00D8H.7       PUBLIC        CF
  B:0023H.3       PUBLIC        bKeyFlag
  D:00F9H         PUBLIC        CH
BL51 BANKED LINKER/LOCATER V6.22                                                      02/27/2016  16:50:02  PAGE 13


  D:00A8H         PUBLIC        IE
  C:2585H         PUBLIC        Data_Pro
  D:00E9H         PUBLIC        CL
  X:0012H         PUBLIC        SystemPara
  D:00FAH         PUBLIC        CCAP0H
  D:00EAH         PUBLIC        CCAP0L
  B:00D8H.6       PUBLIC        CR
  D:00DAH         PUBLIC        CCAPM0
  B:00A8H.4       PUBLIC        ES
  B:0023H.4       PUBLIC        bConMea
  D:00B8H         PUBLIC        IP
  X:0082H         PUBLIC        Para_Pos
  B:0023H.5       PUBLIC        bShowMea
  B:0023H.6       PUBLIC        bDisDel
  B:00F8H.4       PUBLIC        KEY1
  C:7EA2H         PUBLIC        InitInter
  B:00F8H.5       PUBLIC        KEY2
  C:879FH         PUBLIC        MeaModePaste
  B:00F8H.6       PUBLIC        KEY3
  B:00F8H.7       PUBLIC        KEY4
  C:8678H         PUBLIC        _MainMenu
  B:00C0H.5       PUBLIC        KEY5
  X:0083H         PUBLIC        Xper
  X:0084H         PUBLIC        Yper
  D:00D8H         PUBLIC        CCON
  X:0085H         PUBLIC        His
  C:6E3CH         PUBLIC        main
  X:00B7H         PUBLIC        chSetParMode
  X:00B8H         PUBLIC        Xpos
  X:00B9H         PUBLIC        Ypos
  C:5F34H         PUBLIC        InterfaceInit
  X:00BAH         PUBLIC        morroAddr
  X:00BBH         SYMBOL        HV_Num
  B:0023H.7       PUBLIC        bSavPar
  X:00BCH         PUBLIC        AccKeyValue
  D:0098H         PUBLIC        SCON
  D:0089H         PUBLIC        TMOD
  D:0088H         PUBLIC        TCON
  C:8779H         PUBLIC        MeaModeCopy
  C:7222H         PUBLIC        _PreMea
  X:00BDH         PUBLIC        sdf
  B:0024H.0       PUBLIC        bAvoidRepeat
  D:00AFH         PUBLIC        IE2
  C:87C5H         PUBLIC        Time0
  X:00BFH         PUBLIC        CPM_Value
  D:008EH         PUBLIC        AUXR
  X:00C1H         PUBLIC        chMunite
  B:0024H.1       PUBLIC        bMeaResuSta
  C:87EBH         PUBLIC        Time3
  X:00C2H         PUBLIC        chInterFaceState
  B:00A8H.1       PUBLIC        ET0
  B:0088H.5       PUBLIC        TF0
  B:00A8H.3       PUBLIC        ET1
  X:00C3H         PUBLIC        chPage
  D:008CH         PUBLIC        TH0
  D:008DH         PUBLIC        TH1
  D:00D4H         PUBLIC        T3H
BL51 BANKED LINKER/LOCATER V6.22                                                      02/27/2016  16:50:02  PAGE 14


  D:008AH         PUBLIC        TL0
  C:7B1EH         PUBLIC        IntFacePro
  C:74C0H         PUBLIC        YposLim
  X:00C4H         PUBLIC        MesCP_Cs
  D:008BH         PUBLIC        TL1
  B:0024H.2       PUBLIC        bSetSucFla
  B:0024H.3       PUBLIC        gggflag
  D:00D5H         PUBLIC        T3L
  B:00B8H.1       PUBLIC        PT0
  B:0088H.4       PUBLIC        TR0
  X:00C8H         PUBLIC        sd
  B:0088H.6       PUBLIC        TR1
  X:00D2H         PUBLIC        jux
  X:00D3H         PUBLIC        hwCurRAMxxx
  B:0024H.4       PUBLIC        DatUpdFla
  B:0024H.5       PUBLIC        chSec_Fla
  D:00D1H         PUBLIC        T4T3M
  C:7CF9H         PUBLIC        Get_KeyNum
  C:7136H         PUBLIC        PCA_Int
  X:00D4H         PUBLIC        MesCP_I
  X:00D8H         PUBLIC        ParaBuffer
  B:00F8H.0       PUBLIC        BUZZER
  B:0024H.6       PUBLIC        bMesCalib
  X:00FDH         PUBLIC        KEY
  X:00FEH         PUBLIC        CSR_Old
  X:00FFH         PUBLIC        chCalinUum
  X:0100H         PUBLIC        chSec_Tim
  X:0102H         PUBLIC        iCount
  D:008FH         PUBLIC        INT_CLKO
  B:0024H.7       PUBLIC        bHighMea
  D:00D0H         PUBLIC        PSW
  B:00D8H.0       PUBLIC        CCF0
  -------         PROC          MEAMODECOPY
  C:8779H         LINE#         50
  C:8779H         LINE#         51
  C:8779H         LINE#         52
  C:8785H         LINE#         53
  C:878CH         LINE#         54
  C:8797H         LINE#         55
  C:879EH         LINE#         56
  -------         ENDPROC       MEAMODECOPY
  -------         PROC          MEAMODEPASTE
  C:879FH         LINE#         57
  C:879FH         LINE#         58
  C:879FH         LINE#         59
  C:87ABH         LINE#         60
  C:87B2H         LINE#         61
  C:87BDH         LINE#         62
  C:87C4H         LINE#         63
  -------         ENDPROC       MEAMODEPASTE
  -------         PROC          GET_KEYNUM
  -------         DO            
  X:0104H         SYMBOL        chKeyNum
  -------         ENDDO         
  C:7CF9H         LINE#         65
  C:7CF9H         LINE#         66
  C:7CF9H         LINE#         68
BL51 BANKED LINKER/LOCATER V6.22                                                      02/27/2016  16:50:02  PAGE 15


  C:7CFFH         LINE#         69
  C:7D02H         LINE#         70
  C:7D06H         LINE#         71
  C:7D18H         LINE#         72
  C:7D18H         LINE#         73
  C:7D1BH         LINE#         74
  C:7D21H         LINE#         75
  C:7D33H         LINE#         76
  C:7D33H         LINE#         77
  C:7D36H         LINE#         78
  C:7D3CH         LINE#         79
  C:7D4EH         LINE#         80
  C:7D4EH         LINE#         81
  C:7D51H         LINE#         82
  C:7D57H         LINE#         83
  C:7D69H         LINE#         84
  C:7D69H         LINE#         85
  C:7D6CH         LINE#         86
  C:7D72H         LINE#         87
  C:7D84H         LINE#         88
  C:7D84H         LINE#         89
  C:7D89H         LINE#         90
  -------         ENDPROC       GET_KEYNUM
  -------         PROC          INTERFACEINIT
  C:5F34H         LINE#         92
  C:5F34H         LINE#         93
  C:5F34H         LINE#         94
  C:5F3BH         LINE#         95
  C:5F40H         LINE#         96
  C:5F42H         LINE#         97
  C:5F61H         LINE#         98
  C:5F78H         LINE#         99
  C:5F89H         LINE#         100
  C:5FA2H         LINE#         101
  C:5FC2H         LINE#         102
  C:5FDBH         LINE#         103
  C:5FF4H         LINE#         104
  C:600DH         LINE#         105
  C:6026H         LINE#         106
  C:603FH         LINE#         107
  C:6058H         LINE#         108
  C:6071H         LINE#         109
  C:608AH         LINE#         110
  C:60A1H         LINE#         111
  -------         ENDPROC       INTERFACEINIT
  -------         PROC          _MAINMENU
  X:0151H         SYMBOL        chKey
  C:8678H         LINE#         113
  C:867DH         LINE#         114
  C:867DH         LINE#         115
  C:8694H         LINE#         116
  C:8697H         LINE#         117
  C:8698H         LINE#         118
  C:8698H         LINE#         119
  C:86A0H         LINE#         120
  C:86A1H         LINE#         122
  C:86A4H         LINE#         123
BL51 BANKED LINKER/LOCATER V6.22                                                      02/27/2016  16:50:02  PAGE 16


  C:86A5H         LINE#         124
  C:86A8H         LINE#         125
  C:86A8H         LINE#         126
  C:86A8H         LINE#         127
  C:86A8H         LINE#         128
  -------         ENDPROC       _MAINMENU
  -------         PROC          _PREMEA
  X:0143H         SYMBOL        chKey
  X:0144H         SYMBOL        chMode
  C:7222H         LINE#         130
  C:722AH         LINE#         131
  C:722AH         LINE#         132
  C:7238H         LINE#         133
  C:724CH         LINE#         134
  C:7257H         LINE#         135
  C:7257H         LINE#         136
  C:725AH         LINE#         137
  C:7261H         LINE#         138
  C:7261H         LINE#         139
  C:7262H         LINE#         140
  C:7262H         LINE#         141
  C:7269H         LINE#         142
  C:726CH         LINE#         144
  C:7273H         LINE#         145
  C:7273H         LINE#         146
  C:7277H         LINE#         147
  C:7277H         LINE#         148
  C:7278H         LINE#         149
  C:7292H         LINE#         150
  C:7292H         LINE#         151
  C:7292H         LINE#         152
  C:72AAH         LINE#         153
  C:72C3H         LINE#         154
  C:72CCH         LINE#         155
  C:72D2H         LINE#         156
  C:72DDH         LINE#         157
  C:72DDH         LINE#         158
  C:72E7H         LINE#         159
  C:72EEH         LINE#         160
  C:72EFH         LINE#         161
  C:72F6H         LINE#         162
  C:72F6H         LINE#         163
  C:72FDH         LINE#         164
  C:7300H         LINE#         165
  C:7307H         LINE#         166
  C:7307H         LINE#         167
  C:7307H         LINE#         168
  C:730AH         LINE#         169
  C:730AH         LINE#         170
  C:730AH         LINE#         171
  C:730AH         LINE#         172
  -------         ENDPROC       _PREMEA
  -------         PROC          INTFACEPRO
  C:7B1EH         LINE#         174
  C:7B1EH         LINE#         175
  C:7B1EH         LINE#         176
  C:7B44H         LINE#         177
BL51 BANKED LINKER/LOCATER V6.22                                                      02/27/2016  16:50:02  PAGE 17


  C:7B44H         LINE#         178
  C:7B4EH         LINE#         179
  C:7B58H         LINE#         180
  C:7B6CH         LINE#         182
  C:7B78H         LINE#         183
  C:7B82H         LINE#         184
  C:7B8EH         LINE#         185
  C:7B9FH         LINE#         187
  C:7BAEH         LINE#         188
  C:7BB8H         LINE#         190
  C:7BB8H         LINE#         191
  C:7BBDH         LINE#         192
  -------         ENDPROC       INTFACEPRO
  -------         PROC          DATA_PRO
  -------         DO            
  B:0021H.3       SYMBOL        bOverFla
  B:0021H.4       SYMBOL        bTestOveFla
  B:0021H.5       SYMBOL        bDebFla
  B:0021H.6       SYMBOL        bMea_Cou
  X:0143H         SYMBOL        CPS_Value
  X:0147H         SYMBOL        RelativeValue
  X:014BH         SYMBOL        Size_CPM
  X:014CH         SYMBOL        Size_CP
  -------         ENDDO         
  C:2585H         LINE#         194
  C:2585H         LINE#         195
  C:2585H         LINE#         196
  C:258BH         LINE#         201
  C:2593H         LINE#         202
  C:2594H         LINE#         203
  C:259AH         LINE#         204
  C:25A9H         LINE#         205
  C:25D0H         LINE#         206
  C:25E9H         LINE#         210
  C:25FDH         LINE#         211
  C:25FDH         LINE#         212
  C:2604H         LINE#         213
  C:260BH         LINE#         214
  C:2611H         LINE#         215
  C:2615H         LINE#         216
  C:261BH         LINE#         217
  C:261EH         LINE#         218
  C:2625H         LINE#         219
  C:262BH         LINE#         220
  C:262EH         LINE#         221
  C:262EH         LINE#         222
  C:262EH         LINE#         223
  C:266CH         LINE#         224
  C:2685H         LINE#         226
  C:268BH         LINE#         227
  C:2692H         LINE#         228
  C:26BEH         LINE#         229
  C:26BEH         LINE#         230
  C:26BEH         LINE#         231
  C:26BEH         LINE#         232
  C:26EDH         LINE#         233
  C:26F7H         LINE#         234
BL51 BANKED LINKER/LOCATER V6.22                                                      02/27/2016  16:50:02  PAGE 18


  C:26FEH         LINE#         235
  C:2700H         LINE#         236
  C:2708H         LINE#         237
  C:270FH         LINE#         238
  C:270FH         LINE#         239
  C:270FH         LINE#         241
  C:2723H         LINE#         242
  C:272DH         LINE#         243
  C:2734H         LINE#         244
  C:2736H         LINE#         245
  C:273EH         LINE#         246
  C:2745H         LINE#         247
  C:2745H         LINE#         287
  C:2748H         LINE#         288
  C:274BH         LINE#         289
  C:2752H         LINE#         290
  C:2759H         LINE#         291
  C:2762H         LINE#         292
  C:2764H         LINE#         293
  C:2767H         LINE#         294
  C:2769H         LINE#         295
  C:276CH         LINE#         296
  C:2779H         LINE#         297
  C:2779H         LINE#         298
  C:2779H         LINE#         301
  C:277CH         LINE#         302
  C:2783H         LINE#         303
  C:278AH         LINE#         304
  C:278AH         LINE#         305
  C:278AH         LINE#         307
  C:2790H         LINE#         308
  C:2792H         LINE#         309
  C:279DH         LINE#         310
  C:27DFH         LINE#         311
  C:27F7H         LINE#         312
  C:2837H         LINE#         313
  C:2850H         LINE#         314
  C:2871H         LINE#         315
  C:2874H         LINE#         316
  C:2891H         LINE#         318
  C:289CH         LINE#         319
  C:289CH         LINE#         320
  C:2906H         LINE#         321
  C:2909H         LINE#         322
  C:2909H         LINE#         323
  C:2936H         LINE#         324
  C:2936H         LINE#         325
  C:2936H         LINE#         326
  C:29A0H         LINE#         327
  C:29A0H         LINE#         328
  C:29BCH         LINE#         329
  C:29E2H         LINE#         330
  C:2A4CH         LINE#         331
  C:2A6FH         LINE#         332
  C:2A9AH         LINE#         333
  C:2AB4H         LINE#         334
  C:2AB4H         LINE#         335
BL51 BANKED LINKER/LOCATER V6.22                                                      02/27/2016  16:50:02  PAGE 19


  C:2AB4H         LINE#         336
  C:2ADEH         LINE#         337
  C:2B04H         LINE#         338
  C:2B05H         LINE#         339
  C:2B05H         LINE#         340
  C:2B05H         LINE#         341
  C:2B06H         LINE#         342
  C:2B6BH         LINE#         343
  C:2B84H         LINE#         344
  C:2B84H         LINE#         345
  C:2B84H         LINE#         346
  C:2BE9H         LINE#         347
  C:2C02H         LINE#         348
  C:2C02H         LINE#         349
  C:2C02H         LINE#         350
  C:2C02H         LINE#         351
  -------         ENDPROC       DATA_PRO
  -------         PROC          INITINTER
  C:7EA2H         LINE#         353
  C:7EA2H         LINE#         354
  C:7EA2H         LINE#         356
  C:7EA9H         LINE#         357
  C:7EACH         LINE#         358
  C:7EAEH         LINE#         359
  C:7EB1H         LINE#         360
  C:7EBBH         LINE#         361
  C:7EC5H         LINE#         362
  C:7ECDH         LINE#         363
  C:7ECFH         LINE#         374
  C:7ED1H         LINE#         375
  C:7ED3H         LINE#         376
  C:7ED5H         LINE#         377
  C:7ED7H         LINE#         378
  C:7EDFH         LINE#         379
  C:7EE2H         LINE#         380
  C:7EE5H         LINE#         381
  C:7EE8H         LINE#         382
  C:7EEAH         LINE#         388
  C:7EECH         LINE#         389
  C:7EF4H         LINE#         390
  C:7EF7H         LINE#         391
  C:7EF9H         LINE#         392
  C:7EFBH         LINE#         393
  C:7EFDH         LINE#         396
  C:7F00H         LINE#         397
  C:7F03H         LINE#         398
  C:7F06H         LINE#         399
  C:7F08H         LINE#         400
  C:7F0AH         LINE#         410
  C:7F0DH         LINE#         411
  C:7F10H         LINE#         412
  C:7F13H         LINE#         413
  C:7F16H         LINE#         415
  C:7F19H         LINE#         416
  C:7F1CH         LINE#         418
  C:7F1EH         LINE#         419
  C:7F20H         LINE#         421
BL51 BANKED LINKER/LOCATER V6.22                                                      02/27/2016  16:50:02  PAGE 20


  C:7F22H         LINE#         435
  C:7F24H         LINE#         436
  -------         ENDPROC       INITINTER
  -------         PROC          MAIN
  -------         DO            
  B:0021H.2       SYMBOL        Flag
  X:013FH         SYMBOL        ControlRegisterValue
  X:0141H         SYMBOL        RdacValue
  -------         ENDDO         
  C:6E3CH         LINE#         447
  C:6E3CH         LINE#         448
  C:6E3CH         LINE#         449
  C:6E3EH         LINE#         454
  C:6E41H         LINE#         456
  C:6E55H         LINE#         458
  C:6E58H         LINE#         459
  C:6E5BH         LINE#         460
  C:6E5DH         LINE#         461
  C:6E66H         LINE#         462
  C:6E73H         LINE#         463
  C:6E7DH         LINE#         464
  C:6E8AH         LINE#         472
  C:6E8DH         LINE#         474
  C:6E8DH         LINE#         475
  C:6E8DH         LINE#         478
  C:6E96H         LINE#         479
  C:6E99H         LINE#         484
  C:6E9CH         LINE#         485
  C:6ED3H         LINE#         486
  C:6EECH         LINE#         487
  C:6EECH         LINE#         488
  C:6EF3H         LINE#         489
  C:6EF5H         LINE#         490
  C:6EF8H         LINE#         491
  C:6EFAH         LINE#         492
  C:6EFAH         LINE#         493
  C:6EFDH         LINE#         494
  C:6F15H         LINE#         495
  C:6F17H         LINE#         496
  C:6F17H         LINE#         497
  C:6F1DH         LINE#         498
  C:6F27H         LINE#         499
  C:6F40H         LINE#         500
  C:6F42H         LINE#         501
  C:6F42H         LINE#         502
  C:6F42H         LINE#         512
  -------         ENDPROC       MAIN
  -------         PROC          TIME0
  C:87C5H         LINE#         515
  C:87CDH         LINE#         517
  C:87D3H         LINE#         518
  C:87D9H         LINE#         519
  C:87DFH         LINE#         520
  C:87E2H         LINE#         521
  C:87E2H         LINE#         522
  -------         ENDPROC       TIME0
  -------         PROC          TIME3
BL51 BANKED LINKER/LOCATER V6.22                                                      02/27/2016  16:50:02  PAGE 21


  C:87EBH         LINE#         524
  C:87F3H         LINE#         526
  C:87F9H         LINE#         527
  C:87FFH         LINE#         528
  C:8805H         LINE#         529
  C:8808H         LINE#         530
  C:8808H         LINE#         531
  -------         ENDPROC       TIME3
  -------         PROC          PCA_INT
  -------         DO            
  X:0000H         SYMBOL        s_KeyNum
  -------         ENDDO         
  C:7136H         LINE#         536
  C:7147H         LINE#         539
  C:7149H         LINE#         540
  C:714FH         LINE#         541
  C:714FH         LINE#         542
  C:7151H         LINE#         543
  C:715FH         LINE#         544
  C:7164H         LINE#         545
  C:716EH         LINE#         547
  C:7174H         LINE#         548
  C:7182H         LINE#         549
  C:7188H         LINE#         551
  C:7198H         LINE#         552
  C:719AH         LINE#         553
  C:71A1H         LINE#         554
  C:71A4H         LINE#         555
  C:71A6H         LINE#         556
  C:71A8H         LINE#         557
  C:71A8H         LINE#         558
  C:71A8H         LINE#         560
  C:71AFH         LINE#         561
  C:71B1H         LINE#         562
  C:71B3H         LINE#         563
  C:71B5H         LINE#         564
  C:71B7H         LINE#         565
  C:71B7H         LINE#         567
  C:71BFH         LINE#         568
  C:71BFH         LINE#         569
  C:71C0H         LINE#         570
  C:71CCH         LINE#         571
  C:71CFH         LINE#         572
  C:71E2H         LINE#         573
  C:71E5H         LINE#         574
  C:71EDH         LINE#         575
  C:71EFH         LINE#         576
  C:71F4H         LINE#         577
  C:7207H         LINE#         578
  C:7209H         LINE#         579
  C:7209H         LINE#         580
  C:720BH         LINE#         581
  C:720DH         LINE#         583
  C:720DH         LINE#         584
  C:720FH         LINE#         585
  C:7211H         LINE#         586
  C:7213H         LINE#         587
BL51 BANKED LINKER/LOCATER V6.22                                                      02/27/2016  16:50:02  PAGE 22


  C:7213H         LINE#         588
  C:7213H         LINE#         589
  C:7213H         LINE#         590
  -------         ENDPROC       PCA_INT
  -------         ENDMOD        MAIN

  -------         MODULE        MEAPRO
  C:0000H         SYMBOL        _ICE_DUMMY_
  D:0080H         PUBLIC        P0
  D:0090H         PUBLIC        P1
  D:00A0H         PUBLIC        P2
  D:00B0H         PUBLIC        P3
  D:00C0H         PUBLIC        P4
  D:00C8H         PUBLIC        P5
  D:00E8H         PUBLIC        P6
  D:00F8H         PUBLIC        P7
  C:5A5BH         PUBLIC        Kind
  C:3A52H         PUBLIC        _MeasureProPage
  D:00A8H         PUBLIC        IE
  C:7BBEH         PUBLIC        _StartLiqSolMes
  D:00B8H         PUBLIC        IP
  X:01C7H         PUBLIC        fMeaVal
  D:00D8H         PUBLIC        CCON
  D:0098H         PUBLIC        SCON
  D:0088H         PUBLIC        TCON
  C:86D7H         PUBLIC        StartMes
  C:8188H         PUBLIC        _MeaResDeal
  C:7FA7H         PUBLIC        MeaValueUpd
  C:6C17H         PUBLIC        StartBacMes
  C:5A73H         PUBLIC        _MeaProDeal
  D:008CH         PUBLIC        TH0
  D:008AH         PUBLIC        TL0
  C:5A0BH         PUBLIC        Measure
  B:0088H.4       PUBLIC        TR0
  C:860FH         PUBLIC        _MeaDetailDeal
  C:60A2H         PUBLIC        _MeaDetail
  C:59CFH         PUBLIC        Reason
  D:00D0H         PUBLIC        PSW
  C:8645H         PUBLIC        _MeasureBusy
  C:7C5DH         PUBLIC        MeasureBusyPage
  -------         PROC          STARTMES
  C:86D7H         LINE#         33
  C:86D7H         LINE#         34
  C:86D7H         LINE#         35
  C:86DEH         LINE#         36
  C:86E0H         LINE#         37
  C:86EAH         LINE#         38
  C:86F4H         LINE#         39
  C:86F9H         LINE#         40
  C:86FBH         LINE#         41
  C:86FDH         LINE#         42
  C:86FFH         LINE#         43
  -------         ENDPROC       STARTMES
  -------         PROC          MEASUREBUSYPAGE
  C:7C5DH         LINE#         45
  C:7C5DH         LINE#         46
  C:7C5DH         LINE#         47
BL51 BANKED LINKER/LOCATER V6.22                                                      02/27/2016  16:50:02  PAGE 23


  C:7C75H         LINE#         48
  C:7C8EH         LINE#         49
  C:7CA7H         LINE#         50
  C:7CC1H         LINE#         51
  C:7CDBH         LINE#         52
  C:7CF2H         LINE#         53
  C:7CF8H         LINE#         54
  -------         ENDPROC       MEASUREBUSYPAGE
  -------         PROC          _MEASUREBUSY
  X:0143H         SYMBOL        chKey
  C:8645H         LINE#         56
  C:864AH         LINE#         57
  C:864AH         LINE#         58
  C:865BH         LINE#         59
  C:865BH         LINE#         60
  C:8665H         LINE#         61
  C:866CH         LINE#         62
  C:8672H         LINE#         63
  C:8677H         LINE#         64
  C:8677H         LINE#         65
  C:8677H         LINE#         66
  -------         ENDPROC       _MEASUREBUSY
  -------         PROC          _MEADETAIL
  X:0150H         SYMBOL        chMode
  C:60A2H         LINE#         68
  C:60A7H         LINE#         69
  C:60A7H         LINE#         70
  C:60ADH         LINE#         71
  C:60C5H         LINE#         72
  C:60DFH         LINE#         73
  C:60F6H         LINE#         74
  C:615BH         LINE#         75
  C:6174H         LINE#         76
  C:618DH         LINE#         77
  C:61A6H         LINE#         78
  C:61BFH         LINE#         79
  C:61DDH         LINE#         80
  C:61F6H         LINE#         81
  C:620FH         LINE#         82
  C:620FH         LINE#         83
  -------         ENDPROC       _MEADETAIL
  -------         PROC          _MEASUREPROPAGE
  X:0153H         SYMBOL        chMode
  B:0022H.0       SYMBOL        bMeaState
  -------         DO            
  B:0022H.1       SYMBOL        bShoMeaStaF
  -------         ENDDO         
  C:3A52H         LINE#         85
  C:3A57H         LINE#         86
  C:3A57H         LINE#         88
  C:3A5DH         LINE#         89
  C:3A5FH         LINE#         90
  C:3A65H         LINE#         91
  C:3A67H         LINE#         92
  C:3A7FH         LINE#         93
  C:3A98H         LINE#         94
  C:3AB2H         LINE#         95
BL51 BANKED LINKER/LOCATER V6.22                                                      02/27/2016  16:50:02  PAGE 24


  C:3AD4H         LINE#         96
  C:3AEEH         LINE#         97
  C:3B53H         LINE#         98
  C:3B6BH         LINE#         99
  C:3B6DH         LINE#         100
  C:3B84H         LINE#         101
  C:3B84H         LINE#         102
  C:3B9DH         LINE#         103
  C:3BA0H         LINE#         104
  C:3BA0H         LINE#         105
  C:3BC7H         LINE#         106
  C:3BE0H         LINE#         107
  C:3BE2H         LINE#         108
  C:3BE2H         LINE#         109
  C:3C19H         LINE#         110
  C:3C32H         LINE#         111
  C:3C34H         LINE#         112
  C:3C34H         LINE#         113
  C:3C34H         LINE#         114
  C:3C36H         LINE#         115
  C:3C36H         LINE#         116
  C:3C5EH         LINE#         117
  C:3C66H         LINE#         118
  C:3C8CH         LINE#         119
  C:3CB5H         LINE#         120
  C:3CB8H         LINE#         121
  C:3CE1H         LINE#         122
  C:3D0AH         LINE#         124
  C:3D23H         LINE#         125
  C:3D3CH         LINE#         126
  C:3D55H         LINE#         127
  C:3D6EH         LINE#         128
  C:3D6EH         LINE#         129
  C:3D71H         LINE#         130
  C:3D77H         LINE#         131
  C:3D91H         LINE#         132
  C:3DABH         LINE#         133
  C:3DC9H         LINE#         134
  C:3DD0H         LINE#         135
  C:3DD6H         LINE#         136
  C:3E17H         LINE#         137
  C:3E17H         LINE#         138
  C:3E17H         LINE#         139
  C:3E30H         LINE#         140
  C:3E47H         LINE#         141
  -------         ENDPROC       _MEASUREPROPAGE
  -------         PROC          _MEAPRODEAL
  X:014DH         SYMBOL        chKey
  X:014EH         SYMBOL        chMode
  -------         DO            
  X:014FH         SYMBOL        chReason
  -------         ENDDO         
  C:5A73H         LINE#         144
  C:5A7BH         LINE#         145
  C:5A7BH         LINE#         147
  C:5A8FH         LINE#         148
  C:5A9AH         LINE#         149
BL51 BANKED LINKER/LOCATER V6.22                                                      02/27/2016  16:50:02  PAGE 25


  C:5AA3H         LINE#         150
  C:5AAAH         LINE#         151
  C:5AC3H         LINE#         152
  C:5AE5H         LINE#         153
  C:5B03H         LINE#         154
  C:5B05H         LINE#         155
  C:5B0AH         LINE#         156
  C:5B10H         LINE#         157
  C:5B28H         LINE#         158
  C:5B4DH         LINE#         159
  C:5B66H         LINE#         160
  C:5B80H         LINE#         161
  C:5B9AH         LINE#         162
  C:5BBCH         LINE#         163
  C:5BDCH         LINE#         164
  C:5BF4H         LINE#         165
  C:5BF4H         LINE#         166
  C:5BF6H         LINE#         167
  C:5C04H         LINE#         168
  C:5C2BH         LINE#         169
  C:5C2EH         LINE#         170
  C:5C2EH         LINE#         171
  C:5C2EH         LINE#         172
  C:5C2EH         LINE#         173
  -------         ENDPROC       _MEAPRODEAL
  -------         PROC          _MEARESDEAL
  X:014DH         SYMBOL        chKey
  X:014EH         SYMBOL        chMode
  X:014FH         SYMBOL        bMeaResuSta
  C:8188H         LINE#         175
  C:8193H         LINE#         176
  C:8193H         LINE#         177
  C:81AAH         LINE#         178
  C:81B2H         LINE#         179
  C:81BBH         LINE#         180
  C:81BEH         LINE#         181
  C:81D6H         LINE#         182
  C:81DEH         LINE#         183
  C:81E4H         LINE#         184
  C:81ECH         LINE#         185
  C:81EDH         LINE#         186
  C:81F2H         LINE#         187
  C:81FAH         LINE#         188
  C:81FAH         LINE#         189
  C:81FAH         LINE#         190
  -------         ENDPROC       _MEARESDEAL
  -------         PROC          _MEADETAILDEAL
  X:0143H         SYMBOL        chKey
  X:0144H         SYMBOL        chMesMode
  C:860FH         LINE#         191
  C:8617H         LINE#         192
  C:8617H         LINE#         193
  C:8625H         LINE#         194
  C:863DH         LINE#         195
  C:8644H         LINE#         196
  C:8644H         LINE#         197
  C:8644H         LINE#         198
BL51 BANKED LINKER/LOCATER V6.22                                                      02/27/2016  16:50:02  PAGE 26


  C:8644H         LINE#         199
  -------         ENDPROC       _MEADETAILDEAL
  -------         PROC          STARTBACMES
  C:6C17H         LINE#         201
  C:6C17H         LINE#         202
  C:6C17H         LINE#         203
  C:6C28H         LINE#         204
  C:6C28H         LINE#         205
  C:6C2EH         LINE#         206
  C:6C35H         LINE#         207
  C:6C35H         LINE#         208
  C:6C35H         LINE#         209
  C:6C35H         LINE#         210
  C:6C35H         LINE#         211
  C:6C3CH         LINE#         212
  C:6C3CH         LINE#         213
  C:6C54H         LINE#         214
  C:6C73H         LINE#         215
  C:6C8CH         LINE#         216
  C:6CA5H         LINE#         217
  C:6CBFH         LINE#         218
  C:6CD8H         LINE#         219
  C:6CF1H         LINE#         220
  C:6D0AH         LINE#         221
  C:6D21H         LINE#         222
  C:6D22H         LINE#         223
  C:6D29H         LINE#         224
  -------         ENDPROC       STARTBACMES
  -------         PROC          _STARTLIQSOLMES
  X:0152H         SYMBOL        chKey
  C:7BBEH         LINE#         226
  C:7BC3H         LINE#         227
  C:7BC3H         LINE#         228
  C:7BDBH         LINE#         229
  C:7BDBH         LINE#         230
  C:7BE2H         LINE#         231
  C:7BEDH         LINE#         232
  C:7BF4H         LINE#         233
  C:7BF7H         LINE#         234
  C:7BF7H         LINE#         235
  C:7C09H         LINE#         236
  C:7C12H         LINE#         237
  C:7C1BH         LINE#         238
  C:7C1BH         LINE#         239
  C:7C33H         LINE#         240
  C:7C4CH         LINE#         241
  C:7C54H         LINE#         242
  C:7C55H         LINE#         243
  C:7C5CH         LINE#         244
  -------         ENDPROC       _STARTLIQSOLMES
  -------         PROC          MEAVALUEUPD
  -------         DO            
  X:014DH         SYMBOL        MeaSecTim
  X:014FH         SYMBOL        CP_Value
  -------         ENDDO         
  C:7FA7H         LINE#         246
  C:7FA7H         LINE#         247
BL51 BANKED LINKER/LOCATER V6.22                                                      02/27/2016  16:50:02  PAGE 27


  C:7FA7H         LINE#         250
  C:7FADH         LINE#         251
  C:7FB1H         LINE#         252
  C:7FDEH         LINE#         253
  C:8003H         LINE#         254
  C:8020H         LINE#         257
  -------         ENDPROC       MEAVALUEUPD
  -------         ENDMOD        MEAPRO

  -------         MODULE        SETPARA
  C:0000H         SYMBOL        _ICE_DUMMY_
  D:0080H         PUBLIC        P0
  D:0090H         PUBLIC        P1
  D:00A0H         PUBLIC        P2
  D:00B0H         PUBLIC        P3
  D:00C0H         PUBLIC        P4
  D:00C8H         PUBLIC        P5
  C:2C03H         PUBLIC        _ParaPage
  D:00E8H         PUBLIC        P6
  D:00F8H         PUBLIC        P7
  D:00A8H         PUBLIC        IE
  C:68A1H         PUBLIC        StartPara
  D:00B8H         PUBLIC        IP
  D:00D8H         PUBLIC        CCON
  D:0098H         PUBLIC        SCON
  D:0088H         PUBLIC        TCON
  C:1E54H         PUBLIC        _ParPagUpd
  D:00D0H         PUBLIC        PSW
  C:833DH         PUBLIC        ParSetUpdPage
  -------         PROC          PARSETUPDPAGE
  C:833DH         LINE#         10
  C:833DH         LINE#         11
  C:833DH         LINE#         12
  C:8343H         LINE#         13
  C:8355H         LINE#         14
  C:8358H         LINE#         15
  C:8378H         LINE#         16
  C:83A4H         LINE#         17
  -------         ENDPROC       PARSETUPDPAGE
  -------         PROC          _PARAPAGE
  X:0153H         SYMBOL        chMode
  C:2C03H         LINE#         19
  C:2C08H         LINE#         20
  C:2C08H         LINE#         21
  C:2C0DH         LINE#         22
  C:2C11H         LINE#         23
  C:2C15H         LINE#         24
  C:2C34H         LINE#         25
  C:2C4BH         LINE#         26
  C:2C64H         LINE#         27
  C:2C7DH         LINE#         28
  C:2C96H         LINE#         29
  C:2CC2H         LINE#         30
  C:2CDBH         LINE#         31
  C:2CE7H         LINE#         32
  C:2CEAH         LINE#         33
  C:2D03H         LINE#         34
BL51 BANKED LINKER/LOCATER V6.22                                                      02/27/2016  16:50:02  PAGE 28


  C:2D1CH         LINE#         35
  C:2D35H         LINE#         36
  C:2D4EH         LINE#         37
  C:2D67H         LINE#         38
  C:2DA7H         LINE#         39
  C:2DC0H         LINE#         40
  C:2DCCH         LINE#         41
  C:2DCFH         LINE#         42
  C:2DE8H         LINE#         43
  C:2E01H         LINE#         44
  C:2E1AH         LINE#         45
  C:2E33H         LINE#         46
  C:2E4CH         LINE#         47
  C:2E65H         LINE#         48
  C:2E7EH         LINE#         49
  C:2E97H         LINE#         50
  C:2F0FH         LINE#         51
  C:2F28H         LINE#         52
  C:2F34H         LINE#         53
  C:2F37H         LINE#         54
  C:2F50H         LINE#         55
  C:2F69H         LINE#         56
  C:2F82H         LINE#         57
  C:2F9BH         LINE#         58
  C:2FB4H         LINE#         59
  C:2FCDH         LINE#         69
  C:309EH         LINE#         70
  C:30B7H         LINE#         71
  C:30C3H         LINE#         72
  C:30C3H         LINE#         73
  C:30C3H         LINE#         74
  C:30C3H         LINE#         75
  C:30DBH         LINE#         76
  C:30F3H         LINE#         77
  C:310BH         LINE#         78
  C:3125H         LINE#         79
  C:313FH         LINE#         80
  C:3156H         LINE#         81
  C:3159H         LINE#         82
  -------         ENDPROC       _PARAPAGE
  -------         PROC          _PARPAGUPD
  X:0143H         SYMBOL        chKey
  X:0144H         SYMBOL        chMode
  -------         DO            
  X:0145H         SYMBOL        i
  X:0146H         SYMBOL        j
  X:0147H         SYMBOL        piPtrShad
  X:014AH         SYMBOL        k1
  X:014BH         SYMBOL        k2
  X:014CH         SYMBOL        piPtr
  X:014FH         SYMBOL        SetValueBuf
  -------         ENDDO         
  C:1E54H         LINE#         84
  C:1E5CH         LINE#         85
  C:1E5CH         LINE#         90
  C:1E76H         LINE#         91
  C:1E86H         LINE#         92
BL51 BANKED LINKER/LOCATER V6.22                                                      02/27/2016  16:50:02  PAGE 29


  C:1EABH         LINE#         93
  C:1EAEH         LINE#         94
  C:1EAFH         LINE#         95
  C:1EBFH         LINE#         96
  C:1EE4H         LINE#         97
  C:1EE7H         LINE#         98
  C:1EE8H         LINE#         99
  C:1EEEH         LINE#         100
  C:1EF5H         LINE#         101
  C:1F02H         LINE#         102
  C:1F04H         LINE#         103
  C:1F08H         LINE#         104
  C:1F0CH         LINE#         105
  C:1F0CH         LINE#         106
  C:1F72H         LINE#         107
  C:1F83H         LINE#         108
  C:1F8AH         LINE#         109
  C:1F9DH         LINE#         110
  C:1FA2H         LINE#         111
  C:1FABH         LINE#         112
  C:1FB1H         LINE#         113
  C:1FB1H         LINE#         114
  C:1FB4H         LINE#         115
  C:1FB5H         LINE#         116
  C:1FCCH         LINE#         117
  C:1FCCH         LINE#         118
  C:1FD6H         LINE#         119
  C:1FD9H         LINE#         120
  C:1FF0H         LINE#         121
  C:1FFEH         LINE#         122
  C:2015H         LINE#         123
  C:2023H         LINE#         124
  C:205CH         LINE#         125
  C:2066H         LINE#         126
  C:206CH         LINE#         127
  C:208CH         LINE#         128
  C:2099H         LINE#         129
  C:20D2H         LINE#         130
  C:20EAH         LINE#         131
  C:20F1H         LINE#         132
  C:20F2H         LINE#         133
  C:20F5H         LINE#         134
  C:20F6H         LINE#         135
  C:20F6H         LINE#         136
  C:210DH         LINE#         137
  C:210DH         LINE#         138
  C:211BH         LINE#         139
  C:211DH         LINE#         140
  C:211DH         LINE#         141
  C:2133H         LINE#         142
  C:214AH         LINE#         143
  C:2196H         LINE#         144
  C:21F2H         LINE#         145
  C:222BH         LINE#         146
  C:2235H         LINE#         147
  C:2238H         LINE#         151
  C:22D0H         LINE#         153
BL51 BANKED LINKER/LOCATER V6.22                                                      02/27/2016  16:50:02  PAGE 30


  C:22D0H         LINE#         154
  C:22EDH         LINE#         155
  C:2326H         LINE#         156
  C:2330H         LINE#         157
  C:2333H         LINE#         158
  C:2350H         LINE#         159
  C:237FH         LINE#         160
  C:237FH         LINE#         161
  C:23A5H         LINE#         162
  C:23A5H         LINE#         163
  C:23BBH         LINE#         164
  C:23C5H         LINE#         165
  C:23F4H         LINE#         166
  C:23F4H         LINE#         167
  C:23F4H         LINE#         168
  C:23FAH         LINE#         169
  C:23FCH         LINE#         170
  C:241AH         LINE#         171
  C:241AH         LINE#         172
  C:2427H         LINE#         173
  C:2460H         LINE#         174
  C:2474H         LINE#         175
  C:2474H         LINE#         176
  C:2480H         LINE#         177
  C:248CH         LINE#         179
  C:2498H         LINE#         180
  C:24A4H         LINE#         182
  C:24AFH         LINE#         183
  C:24E4H         LINE#         184
  C:24F1H         LINE#         186
  C:24FBH         LINE#         187
  C:24FBH         LINE#         188
  C:251EH         LINE#         189
  C:2537H         LINE#         190
  C:253FH         LINE#         191
  C:2541H         LINE#         192
  C:2542H         LINE#         193
  C:2543H         LINE#         194
  C:255AH         LINE#         195
  C:255AH         LINE#         196
  C:256AH         LINE#         197
  C:256AH         LINE#         198
  C:2574H         LINE#         199
  C:2574H         LINE#         200
  C:257BH         LINE#         201
  C:257FH         LINE#         202
  C:257FH         LINE#         203
  C:2584H         LINE#         204
  C:2584H         LINE#         205
  C:2584H         LINE#         206
  C:2584H         LINE#         207
  -------         ENDPROC       _PARPAGUPD
  -------         PROC          STARTPARA
  C:68A1H         LINE#         210
  C:68A1H         LINE#         211
  C:68A1H         LINE#         212
  C:68A7H         LINE#         213
BL51 BANKED LINKER/LOCATER V6.22                                                      02/27/2016  16:50:02  PAGE 31


  C:68AEH         LINE#         214
  C:68AEH         LINE#         215
  C:68B1H         LINE#         216
  C:68B4H         LINE#         217
  C:68B4H         LINE#         218
  C:68B4H         LINE#         219
  C:68BBH         LINE#         220
  C:68D3H         LINE#         221
  C:68FBH         LINE#         222
  C:6912H         LINE#         223
  C:6929H         LINE#         224
  C:6940H         LINE#         225
  C:6964H         LINE#         226
  C:697BH         LINE#         227
  C:6995H         LINE#         228
  C:69AEH         LINE#         229
  C:69C5H         LINE#         230
  C:69DCH         LINE#         231
  -------         ENDPROC       STARTPARA
  -------         ENDMOD        SETPARA

  -------         MODULE        HISRECORD
  C:0000H         SYMBOL        _ICE_DUMMY_
  D:0080H         PUBLIC        P0
  D:0090H         PUBLIC        P1
  D:00A0H         PUBLIC        P2
  D:00B0H         PUBLIC        P3
  D:00C0H         PUBLIC        P4
  D:00C8H         PUBLIC        P5
  D:00E8H         PUBLIC        P6
  D:00F8H         PUBLIC        P7
  C:35DDH         PUBLIC        _SaveDeal
  C:5047H         PUBLIC        _DeletRec
  C:792DH         PUBLIC        _HistoryDel
  D:00A8H         PUBLIC        IE
  C:84B1H         PUBLIC        _SaveValue
  D:00B8H         PUBLIC        IP
  D:00D8H         PUBLIC        CCON
  C:3E48H         PUBLIC        _HistoryPro
  D:0098H         PUBLIC        SCON
  D:0088H         PUBLIC        TCON
  X:01CDH         PUBLIC        shun
  C:8114H         PUBLIC        _ShowNum
  C:5282H         PUBLIC        _ReadRAM
  C:5DBAH         PUBLIC        His_Record
  C:4B09H         PUBLIC        _UpdHisRec
  D:00D0H         PUBLIC        PSW
  -------         PROC          _SHOWNUM
  X:0152H         SYMBOL        Ptr
  X:0153H         SYMBOL        NowPageAddr
  C:8114H         LINE#         13
  C:811CH         LINE#         14
  C:811CH         LINE#         15
  C:8130H         LINE#         16
  C:816EH         LINE#         18
  C:8187H         LINE#         19
  -------         ENDPROC       _SHOWNUM
BL51 BANKED LINKER/LOCATER V6.22                                                      02/27/2016  16:50:02  PAGE 32


  -------         PROC          _READRAM
  X:015CH         SYMBOL        NowPageAddr
  X:015DH         SYMBOL        k
  X:0160H         SYMBOL        NowPos
  -------         DO            
  X:0163H         SYMBOL        NowAddr
  X:0164H         SYMBOL        hwCurRAM
  X:0165H         SYMBOL        chNext
  -------         ENDDO         
  C:5282H         LINE#         21
  C:5290H         LINE#         22
  C:5290H         LINE#         24
  C:5295H         LINE#         26
  C:52ADH         LINE#         27
  C:52C4H         LINE#         28
  C:52D1H         LINE#         30
  C:52D9H         LINE#         31
  C:52D9H         LINE#         32
  C:52F1H         LINE#         33
  C:530EH         LINE#         34
  C:5328H         LINE#         35
  C:5330H         LINE#         36
  C:5332H         LINE#         37
  C:533AH         LINE#         38
  C:5352H         LINE#         39
  C:535DH         LINE#         40
  C:5370H         LINE#         41
  C:538AH         LINE#         42
  C:539FH         LINE#         43
  C:53B2H         LINE#         44
  C:53E4H         LINE#         45
  C:5404H         LINE#         46
  C:5411H         LINE#         47
  C:541BH         LINE#         48
  C:5425H         LINE#         49
  C:543FH         LINE#         50
  C:5457H         LINE#         51
  C:545FH         LINE#         52
  C:5479H         LINE#         53
  C:5479H         LINE#         54
  C:547BH         LINE#         55
  C:548BH         LINE#         56
  C:54A5H         LINE#         57
  C:54ADH         LINE#         58
  C:54ADH         LINE#         59
  C:54B8H         LINE#         60
  C:54BBH         LINE#         61
  -------         ENDPROC       _READRAM
  -------         PROC          _UPDHISREC
  X:0152H         SYMBOL        NowPageAddr
  -------         DO            
  X:0153H         SYMBOL        Cs_Value
  X:0155H         SYMBOL        I_Value
  X:0157H         SYMBOL        CPM_Value
  X:0159H         SYMBOL        NowPos
  X:015AH         SYMBOL        chNum
  X:015BH         SYMBOL        k
BL51 BANKED LINKER/LOCATER V6.22                                                      02/27/2016  16:50:02  PAGE 33


  -------         ENDDO         
  C:4B09H         LINE#         62
  C:4B0EH         LINE#         63
  C:4B0EH         LINE#         65
  C:4B13H         LINE#         66
  C:4B32H         LINE#         67
  C:4B4AH         LINE#         68
  C:4B57H         LINE#         69
  C:4C19H         LINE#         70
  C:4C3DH         LINE#         71
  C:4C6BH         LINE#         72
  C:4C92H         LINE#         73
  C:4CB6H         LINE#         74
  C:4CE4H         LINE#         75
  C:4CEEH         LINE#         76
  C:4CEEH         LINE#         77
  C:4D15H         LINE#         78
  C:4D39H         LINE#         79
  C:4D39H         LINE#         80
  C:4D67H         LINE#         81
  C:4D71H         LINE#         82
  C:4D71H         LINE#         83
  C:4D98H         LINE#         84
  C:4DBCH         LINE#         85
  C:4DBCH         LINE#         86
  C:4DC2H         LINE#         87
  C:4DC5H         LINE#         88
  -------         ENDPROC       _UPDHISREC
  -------         PROC          HIS_RECORD
  C:5DBAH         LINE#         90
  C:5DBAH         LINE#         91
  C:5DBAH         LINE#         92
  C:5DC0H         LINE#         93
  C:5DC4H         LINE#         94
  C:5DC9H         LINE#         95
  C:5DC9H         LINE#         96
  C:5DDDH         LINE#         97
  C:5DDFH         LINE#         98
  C:5E06H         LINE#         99
  C:5E1EH         LINE#         100
  C:5E37H         LINE#         101
  C:5E51H         LINE#         102
  C:5E57H         LINE#         103
  C:5E57H         LINE#         104
  C:5E6FH         LINE#         105
  C:5E87H         LINE#         106
  C:5EA1H         LINE#         107
  C:5EBBH         LINE#         108
  C:5EDFH         LINE#         109
  C:5EE7H         LINE#         110
  C:5EF5H         LINE#         111
  C:5F16H         LINE#         112
  C:5F16H         LINE#         113
  C:5F2DH         LINE#         114
  C:5F33H         LINE#         115
  -------         ENDPROC       HIS_RECORD
  -------         PROC          _SAVEDEAL
BL51 BANKED LINKER/LOCATER V6.22                                                      02/27/2016  16:50:02  PAGE 34


  X:0151H         SYMBOL        chMode
  -------         DO            
  B:0022H.0       SYMBOL        bSavFla
  X:0152H         SYMBOL        p
  X:0155H         SYMBOL        i
  X:0156H         SYMBOL        k
  X:0157H         SYMBOL        hwCurRAM
  X:0159H         SYMBOL        NowAddr
  X:015BH         SYMBOL        NowPos
  -------         ENDDO         
  C:35DDH         LINE#         117
  C:35E2H         LINE#         118
  C:35E2H         LINE#         119
  C:35E4H         LINE#         123
  C:35F8H         LINE#         124
  C:360CH         LINE#         125
  C:360EH         LINE#         126
  C:3611H         LINE#         127
  C:3611H         LINE#         128
  C:3625H         LINE#         129
  C:3639H         LINE#         130
  C:3643H         LINE#         132
  C:3647H         LINE#         133
  C:3649H         LINE#         135
  C:364CH         LINE#         136
  C:364FH         LINE#         137
  C:3651H         LINE#         138
  C:3653H         LINE#         140
  C:3655H         LINE#         142
  C:3659H         LINE#         143
  C:365CH         LINE#         144
  C:365EH         LINE#         146
  C:3661H         LINE#         147
  C:3664H         LINE#         149
  C:366AH         LINE#         150
  C:366EH         LINE#         151
  C:3671H         LINE#         152
  C:3681H         LINE#         153
  C:368EH         LINE#         154
  C:368EH         LINE#         155
  C:36A8H         LINE#         156
  C:36AFH         LINE#         157
  C:36CAH         LINE#         158
  C:36D7H         LINE#         159
  C:36D9H         LINE#         160
  C:36E9H         LINE#         161
  C:36F4H         LINE#         162
  C:3700H         LINE#         163
  C:3729H         LINE#         164
  C:3736H         LINE#         165
  C:373EH         LINE#         166
  C:3749H         LINE#         167
  C:3774H         LINE#         168
  C:3790H         LINE#         169
  C:3796H         LINE#         170
  C:3799H         LINE#         171
  C:379BH         LINE#         173
BL51 BANKED LINKER/LOCATER V6.22                                                      02/27/2016  16:50:02  PAGE 35


  C:379EH         LINE#         174
  C:37A1H         LINE#         176
  C:37A7H         LINE#         177
  C:37B4H         LINE#         178
  C:37B7H         LINE#         179
  C:37D1H         LINE#         180
  C:37DEH         LINE#         181
  C:37DEH         LINE#         182
  C:37FAH         LINE#         183
  C:3816H         LINE#         184
  C:381DH         LINE#         185
  C:382AH         LINE#         186
  C:382CH         LINE#         187
  C:3835H         LINE#         188
  C:3835H         LINE#         189
  C:3861H         LINE#         190
  C:3867H         LINE#         191
  C:386FH         LINE#         192
  C:3871H         LINE#         193
  C:388FH         LINE#         195
  C:38BAH         LINE#         196
  C:38C7H         LINE#         197
  C:38C7H         LINE#         198
  C:38C7H         LINE#         200
  C:38D5H         LINE#         201
  C:38E2H         LINE#         202
  C:38F1H         LINE#         203
  C:390FH         LINE#         204
  C:3919H         LINE#         205
  C:3921H         LINE#         206
  C:392FH         LINE#         207
  C:393CH         LINE#         208
  C:395AH         LINE#         209
  C:3964H         LINE#         210
  C:396CH         LINE#         212
  C:3972H         LINE#         213
  C:3978H         LINE#         214
  C:3985H         LINE#         215
  C:398BH         LINE#         217
[...]
  C:670AH         LINE#         441
  C:6721H         LINE#         442
  C:6734H         LINE#         443
  C:673EH         LINE#         444
  C:674EH         LINE#         445
  C:675FH         LINE#         446
BL51 BANKED LINKER/LOCATER V6.22                                                      02/27/2016  16:50:02  PAGE 60


  -------         ENDPROC       _SHOW_CHINESE
  -------         PROC          _CHINESE_STRING
  X:0152H         SYMBOL        hwXpos
  X:0154H         SYMBOL        chYpos
  X:0155H         SYMBOL        pText
  X:0158H         SYMBOL        hwAddr
  B:0022H.0       SYMBOL        Mode
  -------         DO            
  X:015AH         SYMBOL        dat
  X:015CH         SYMBOL        j
  X:015DH         SYMBOL        x
  X:015EH         SYMBOL        y
  X:015FH         SYMBOL        i
  -------         ENDDO         
  C:6760H         LINE#         448
  C:6774H         LINE#         449
  C:6774H         LINE#         456
  C:6794H         LINE#         457
  C:6794H         LINE#         458
  C:6794H         LINE#         459
  C:67ABH         LINE#         460
  C:67CDH         LINE#         461
  C:67D4H         LINE#         462
  C:67DFH         LINE#         463
  C:67DFH         LINE#         464
  C:67E9H         LINE#         465
  C:67E9H         LINE#         466
  C:6800H         LINE#         467
  C:6834H         LINE#         468
  C:684CH         LINE#         469
  C:686EH         LINE#         470
  C:687EH         LINE#         471
  C:6889H         LINE#         472
  C:6889H         LINE#         473
  C:6889H         LINE#         474
  C:6889H         LINE#         475
  C:689DH         LINE#         476
  C:68A0H         LINE#         477
  -------         ENDPROC       _CHINESE_STRING
  -------         PROC          _LCD_DISPLAY_STRING
  X:015CH         SYMBOL        hwXpos
  X:015EH         SYMBOL        chYpos
  X:015FH         SYMBOL        pText
  X:0162H         SYMBOL        hwAddr
  B:0022H.2       SYMBOL        EMode
  B:0022H.3       SYMBOL        CMode
  -------         DO            
  X:0164H         SYMBOL        len
  X:0165H         SYMBOL        dat
  X:0167H         SYMBOL        j
  X:0168H         SYMBOL        x1
  X:0169H         SYMBOL        y1
  X:016AH         SYMBOL        x2
  X:016BH         SYMBOL        y2
  X:016CH         SYMBOL        i
  -------         ENDDO         
  C:54BCH         LINE#         479
BL51 BANKED LINKER/LOCATER V6.22                                                      02/27/2016  16:50:02  PAGE 61


  C:54D0H         LINE#         480
  C:54D0H         LINE#         481
  C:54D5H         LINE#         489
  C:54EDH         LINE#         490
  C:54FDH         LINE#         491
  C:54FDH         LINE#         492
  C:54FDH         LINE#         493
  C:5514H         LINE#         498
  C:5518H         LINE#         499
  C:5518H         LINE#         500
  C:552FH         LINE#         501
  C:5531H         LINE#         503
  C:5531H         LINE#         504
  C:5539H         LINE#         505
  C:5539H         LINE#         506
  C:5559H         LINE#         507
  C:5569H         LINE#         508
  C:556BH         LINE#         509
  C:556BH         LINE#         510
  C:556BH         LINE#         511
  C:5575H         LINE#         512
  C:5575H         LINE#         513
  C:55A9H         LINE#         514
  C:55C1H         LINE#         515
  C:55E3H         LINE#         516
  C:55F3H         LINE#         517
  C:55FEH         LINE#         518
  C:55FEH         LINE#         519
  C:5605H         LINE#         520
  C:5608H         LINE#         522
  C:5608H         LINE#         523
  C:5639H         LINE#         524
  C:5651H         LINE#         525
  C:5673H         LINE#         526
  C:5683H         LINE#         527
  C:568EH         LINE#         528
  C:568EH         LINE#         529
  C:5694H         LINE#         530
  C:5694H         LINE#         531
  C:56A9H         LINE#         532
  C:56ACH         LINE#         533
  C:56B1H         LINE#         534
  -------         ENDPROC       _LCD_DISPLAY_STRING
  -------         PROC          _SHOW_LOGO
  X:01BDH         SYMBOL        hwXpos
  X:01BFH         SYMBOL        chYpos
  X:01C0H         SYMBOL        hwAddr
  B:0025H.4       SYMBOL        bMode
  -------         DO            
  X:01C2H         SYMBOL        i
  X:01C3H         SYMBOL        j
  X:01C4H         SYMBOL        Picture
  X:01C5H         SYMBOL        chNum
  -------         ENDDO         
  C:74C4H         LINE#         537
  C:74D5H         LINE#         538
  C:74D5H         LINE#         542
BL51 BANKED LINKER/LOCATER V6.22                                                      02/27/2016  16:50:02  PAGE 62


  C:74DEH         LINE#         543
  C:74F9H         LINE#         544
  C:74FEH         LINE#         545
  C:750FH         LINE#         546
  C:752BH         LINE#         547
  C:7530H         LINE#         548
  C:753EH         LINE#         549
  C:755DH         LINE#         550
  C:756AH         LINE#         551
  C:7573H         LINE#         552
  C:7581H         LINE#         553
  C:7589H         LINE#         554
  C:7592H         LINE#         555
  -------         ENDPROC       _SHOW_LOGO
  -------         PROC          _SHOW_POWER
  X:0151H         SYMBOL        hwXpos
  X:0153H         SYMBOL        chYpos
  X:0154H         SYMBOL        hwAddr
  X:0156H         SYMBOL        Pic
  B:0021H.7       SYMBOL        bMode
  C:6B02H         LINE#         562
  C:6B13H         LINE#         563
  C:6B13H         LINE#         564
  C:6B30H         LINE#         565
  C:6B4AH         LINE#         566
  C:6B84H         LINE#         567
  C:6BBEH         LINE#         568
  C:6BF8H         LINE#         569
  C:6BF9H         LINE#         570
  C:6C16H         LINE#         571
  C:6C16H         LINE#         572
  C:6C16H         LINE#         573
  -------         ENDPROC       _SHOW_POWER
  -------         PROC          _LCD_ON
  X:0144H         SYMBOL        chCsrState
  X:0145H         SYMBOL        chDisState1
  X:0146H         SYMBOL        chDisState24
  X:0147H         SYMBOL        chDisState3
  -------         DO            
  X:0148H         SYMBOL        chTemp
  -------         ENDDO         
  C:858CH         LINE#         574
  C:8597H         LINE#         575
  C:8597H         LINE#         576
  C:859CH         LINE#         577
  C:85C1H         LINE#         579
  C:85C6H         LINE#         580
  C:85CEH         LINE#         582
  -------         ENDPROC       _LCD_ON
  -------         PROC          LCD_OFF
  C:891EH         LINE#         584
  C:891EH         LINE#         585
  C:891EH         LINE#         586
  C:8923H         LINE#         587
  -------         ENDPROC       LCD_OFF
  -------         PROC          _SCROLL_SET
  X:0144H         SYMBOL        hwSad1
BL51 BANKED LINKER/LOCATER V6.22                                                      02/27/2016  16:50:02  PAGE 63


  X:0146H         SYMBOL        hwSad2
  X:0148H         SYMBOL        hwSad3
  X:014AH         SYMBOL        hwSad4
  X:014CH         SYMBOL        chSl1
  X:014DH         SYMBOL        chSl2
  C:7F25H         LINE#         589
  C:7F39H         LINE#         590
  C:7F39H         LINE#         591
  C:7F3EH         LINE#         592
  C:7F48H         LINE#         593
  C:7F54H         LINE#         594
  C:7F5CH         LINE#         595
  C:7F66H         LINE#         596
  C:7F72H         LINE#         597
  C:7F7AH         LINE#         598
  C:7F84H         LINE#         599
  C:7F90H         LINE#         600
  C:7F9AH         LINE#         601
  C:7FA6H         LINE#         602
  -------         ENDPROC       _SCROLL_SET
  -------         PROC          _CSR_FORM
  X:0144H         SYMBOL        chForm
  X:0145H         SYMBOL        chLength
  X:0146H         SYMBOL        chHeight
  C:86A9H         LINE#         604
  C:86B4H         LINE#         605
  C:86B4H         LINE#         606
  C:86B9H         LINE#         607
  C:86C1H         LINE#         608
  C:86D6H         LINE#         609
  -------         ENDPROC       _CSR_FORM
  -------         PROC          LCDSYSTEM_INIT
  -------         DO            
  X:0143H         SYMBOL        i
  -------         ENDDO         
  C:79D8H         LINE#         611
  C:79D8H         LINE#         612
  C:79D8H         LINE#         614
  C:79DBH         LINE#         615
  C:79DDH         LINE#         616
  C:79E0H         LINE#         617
  C:79E3H         LINE#         618
  C:79E5H         LINE#         619
  C:79E7H         LINE#         620
  C:79EAH         LINE#         621
  C:79ECH         LINE#         622
  C:79EEH         LINE#         623
  C:79F0H         LINE#         624
  C:79F2H         LINE#         625
  C:79F4H         LINE#         626
  C:79F7H         LINE#         627
  C:79FCH         LINE#         628
  C:7A1DH         LINE#         629
  C:7A3AH         LINE#         630
  C:7A3FH         LINE#         631
  C:7A44H         LINE#         632
  C:7A47H         LINE#         633
BL51 BANKED LINKER/LOCATER V6.22                                                      02/27/2016  16:50:02  PAGE 64


  C:7A50H         LINE#         634
  C:7A5EH         LINE#         635
  C:7A68H         LINE#         636
  C:7A6DH         LINE#         637
  C:7A73H         LINE#         638
  C:7A7BH         LINE#         639
  -------         ENDPROC       LCDSYSTEM_INIT
  -------         ENDMOD        LCD

  -------         MODULE        ?C?FPADD
  C:1581H         PUBLIC        ?C?FPADD
  C:157DH         PUBLIC        ?C?FPSUB
  -------         ENDMOD        ?C?FPADD

  -------         MODULE        ?C?FPDIV
  C:1675H         PUBLIC        ?C?FPDIV
  -------         ENDMOD        ?C?FPDIV

  -------         MODULE        ?C?FCAST
  C:171CH         PUBLIC        ?C?FCASTC
  C:1717H         PUBLIC        ?C?FCASTI
  C:1712H         PUBLIC        ?C?FCASTL
  -------         ENDMOD        ?C?FCAST

  -------         MODULE        ?C?CASTF
  C:1750H         PUBLIC        ?C?CASTF
  -------         ENDMOD        ?C?CASTF

  -------         MODULE        PRINTF
  X:015CH         PUBLIC        ?_PRINTF?BYTE
  X:015CH         PUBLIC        ?_SPRINTF?BYTE
  C:31C5H         PUBLIC        _PRINTF
  C:31BFH         PUBLIC        _SPRINTF
  -------         ENDMOD        PRINTF

  -------         MODULE        SCANF
  X:0151H         PUBLIC        ?_SCANF?BYTE
  X:0151H         PUBLIC        ?_SSCANF?BYTE
  C:4249H         PUBLIC        _SCANF
  C:4245H         PUBLIC        _SSCANF
  -------         ENDMOD        SCANF

  -------         MODULE        ?C?FPROUND
  C:17D1H         PUBLIC        ?C?FPROUND
  -------         ENDMOD        ?C?FPROUND

  -------         MODULE        ?C?FPCONVERT
  C:180EH         PUBLIC        ?C?FPCONVERT
  -------         ENDMOD        ?C?FPCONVERT

  -------         MODULE        ?C?FPMUL
  C:1913H         PUBLIC        ?C?FPMUL
  -------         ENDMOD        ?C?FPMUL

  -------         MODULE        ?C?FPNEG
  C:1A19H         PUBLIC        ?C?FPNEG
  -------         ENDMOD        ?C?FPNEG
BL51 BANKED LINKER/LOCATER V6.22                                                      02/27/2016  16:50:02  PAGE 65



  -------         MODULE        ?C?FTNPWR
  C:1A5AH         PUBLIC        ?C?FTNPWR
  -------         ENDMOD        ?C?FTNPWR

  -------         MODULE        ?C?CLDPTR
  C:1A9AH         PUBLIC        ?C?CLDPTR
  -------         ENDMOD        ?C?CLDPTR

  -------         MODULE        ?C?CLDOPTR
  C:1AB3H         PUBLIC        ?C?CLDOPTR
  -------         ENDMOD        ?C?CLDOPTR

  -------         MODULE        ?C?CILDPTR
  C:1AE0H         PUBLIC        ?C?CILDPTR
  -------         ENDMOD        ?C?CILDPTR

  -------         MODULE        ?C?CSTPTR
  C:1B02H         PUBLIC        ?C?CSTPTR
  -------         ENDMOD        ?C?CSTPTR

  -------         MODULE        ?C?IMUL
  C:1B14H         PUBLIC        ?C?IMUL
  -------         ENDMOD        ?C?IMUL

  -------         MODULE        ?C?UIDIV
  C:1B26H         PUBLIC        ?C?UIDIV
  -------         ENDMOD        ?C?UIDIV

  -------         MODULE        ?C?SIDIV
  C:1B7BH         PUBLIC        ?C?SIDIV
  -------         ENDMOD        ?C?SIDIV

  -------         MODULE        ?C?IILDX
  C:1BB1H         PUBLIC        ?C?IILDX
  -------         ENDMOD        ?C?IILDX

  -------         MODULE        ?C?ILDIX
  C:1BC7H         PUBLIC        ?C?ILDIX
  -------         ENDMOD        ?C?ILDIX

  -------         MODULE        ?C?ILDPTR
  C:1BDDH         PUBLIC        ?C?ILDPTR
  -------         ENDMOD        ?C?ILDPTR

  -------         MODULE        ?C?ISTPTR
  C:1C08H         PUBLIC        ?C?ISTPTR
  -------         ENDMOD        ?C?ISTPTR

  -------         MODULE        ?C?LMUL
  C:1C27H         PUBLIC        ?C?LMUL
  -------         ENDMOD        ?C?LMUL

  -------         MODULE        ?C?ULDIV
  C:1CB2H         PUBLIC        ?C?ULDIV
  -------         ENDMOD        ?C?ULDIV

BL51 BANKED LINKER/LOCATER V6.22                                                      02/27/2016  16:50:02  PAGE 66


  -------         MODULE        ?C?LNEG
  C:1D44H         PUBLIC        ?C?LNEG
  -------         ENDMOD        ?C?LNEG

  -------         MODULE        ?C?LSTPTR
  C:1D52H         PUBLIC        ?C?LSTPTR
  -------         ENDMOD        ?C?LSTPTR

  -------         MODULE        ?C?LSTXDATA
  C:1D6CH         PUBLIC        ?C?LSTXDATA
  -------         ENDMOD        ?C?LSTXDATA

  -------         MODULE        ?C?LSTKXDATA
  C:1D78H         PUBLIC        ?C?LSTKXDATA
  -------         ENDMOD        ?C?LSTKXDATA

  -------         MODULE        ?C?PLDXDATA
  C:1DA9H         PUBLIC        ?C?PLDXDATA
  -------         ENDMOD        ?C?PLDXDATA

  -------         MODULE        ?C?PLDIXDATA
  C:1DB2H         PUBLIC        ?C?PLDIXDATA
  -------         ENDMOD        ?C?PLDIXDATA

  -------         MODULE        ?C?PILDXDATA
  C:1DC9H         PUBLIC        ?C?PILDXDATA
  -------         ENDMOD        ?C?PILDXDATA

  -------         MODULE        ?C?PSTXDATA
  C:1DE0H         PUBLIC        ?C?PSTXDATA
  -------         ENDMOD        ?C?PSTXDATA

  -------         MODULE        ?C?CCASE
  C:1DE9H         PUBLIC        ?C?CCASE
  -------         ENDMOD        ?C?CCASE

  -------         MODULE        ?C?ICASE
  C:1E0FH         PUBLIC        ?C?ICASE
  -------         ENDMOD        ?C?ICASE

  -------         MODULE        PUTCHAR
  C:8752H         PUBLIC        _PUTCHAR
  -------         ENDMOD        PUTCHAR

  -------         MODULE        GETCHAR
  B:0025H.5       PUBLIC        ?C?CHARLOADED
  X:01CEH         PUBLIC        ?_UNGETCHAR?BYTE
  C:0026H         PUBLIC        GETCHAR
  -------         ENDMOD        GETCHAR

  -------         MODULE        UNGETC
  C:0003H         PUBLIC        _UNGETCHAR
  -------         ENDMOD        UNGETC

  -------         MODULE        ISSPACE
  C:88BDH         PUBLIC        _isspace
  -------         ENDMOD        ISSPACE
BL51 BANKED LINKER/LOCATER V6.22                                                      02/27/2016  16:50:02  PAGE 67



  -------         MODULE        ?C?LSTIDATA
  C:1E3CH         PUBLIC        ?C?LSTIDATA
  -------         ENDMOD        ?C?LSTIDATA

  -------         MODULE        ?C?LSTPDATA
  C:1E48H         PUBLIC        ?C?LSTPDATA
  -------         ENDMOD        ?C?LSTPDATA

  -------         MODULE        _GETKEY
  C:890DH         PUBLIC        _GETKEY
  -------         ENDMOD        _GETKEY

*** WARNING L16: UNCALLED SEGMENT, IGNORED FOR OVERLAY PROCESS
    SEGMENT: ?PR?RECCRC?UART

*** WARNING L16: UNCALLED SEGMENT, IGNORED FOR OVERLAY PROCESS
    SEGMENT: ?PR?DACHARDWARERESET?DSPS

*** WARNING L16: UNCALLED SEGMENT, IGNORED FOR OVERLAY PROCESS
    SEGMENT: ?PR?_SHOW_LOGO?LCD

*** WARNING L15: MULTIPLE CALL TO SEGMENT
    SEGMENT: ?PR?_READ_EEPROM?I2C
    CALLER1: ?PR?UART?UART
    CALLER2: ?C_C51STARTUP

*** WARNING L15: MULTIPLE CALL TO SEGMENT
    SEGMENT: ?PR?_READ_EEPROM_ONE?I2C
    CALLER1: ?PR?UART?UART
    CALLER2: ?C_C51STARTUP

*** WARNING L15: MULTIPLE CALL TO SEGMENT
    SEGMENT: ?PR?__NOP?I2C
    CALLER1: ?PR?UART?UART
    CALLER2: ?C_C51STARTUP

*** WARNING L15: MULTIPLE CALL TO SEGMENT
    SEGMENT: ?PR?_WRITE_DAT?I2C
    CALLER1: ?PR?UART?UART
    CALLER2: ?C_C51STARTUP

*** WARNING L15: MULTIPLE CALL TO SEGMENT
    SEGMENT: ?PR?ANSWER_I2C?I2C
    CALLER1: ?PR?UART?UART
    CALLER2: ?C_C51STARTUP

*** WARNING L15: MULTIPLE CALL TO SEGMENT
    SEGMENT: ?PR?READ_DAT?I2C
    CALLER1: ?PR?UART?UART
    CALLER2: ?C_C51STARTUP

*** WARNING L15: MULTIPLE CALL TO SEGMENT
    SEGMENT: ?PR?_WRITE_CMD?LCD
    CALLER1: ?PR?UART?UART
    CALLER2: ?C_C51STARTUP

BL51 BANKED LINKER/LOCATER V6.22                                                      02/27/2016  16:50:02  PAGE 68


*** WARNING L15: MULTIPLE CALL TO SEGMENT
    SEGMENT: ?PR?_WRITE_DATA?LCD
    CALLER1: ?PR?UART?UART
    CALLER2: ?C_C51STARTUP

*** WARNING L15: MULTIPLE CALL TO SEGMENT
    SEGMENT: ?PR?_CSR_LOCATE?LCD
    CALLER1: ?PR?UART?UART
    CALLER2: ?C_C51STARTUP

*** WARNING L15: MULTIPLE CALL TO SEGMENT
    SEGMENT: ?PR?_SHOW_CHAR?LCD
    CALLER1: ?PR?UART?UART
    CALLER2: ?C_C51STARTUP

*** WARNING L15: MULTIPLE CALL TO SEGMENT
    SEGMENT: ?PR?_SEARCH?LCD
    CALLER1: ?PR?UART?UART
    CALLER2: ?C_C51STARTUP

*** WARNING L15: MULTIPLE CALL TO SEGMENT
    SEGMENT: ?PR?_LCD_DISPLAY_STRING?LCD
    CALLER1: ?PR?UART?UART
    CALLER2: ?C_C51STARTUP

*** WARNING L15: MULTIPLE CALL TO SEGMENT
    SEGMENT: ?PR?_SHOW_CHINESE?LCD
    CALLER1: ?PR?UART?UART
    CALLER2: ?C_C51STARTUP

*** WARNING L15: MULTIPLE CALL TO SEGMENT
    SEGMENT: ?PR?PRINTF?PRINTF
    CALLER1: ?PR?UART?UART
    CALLER2: ?C_C51STARTUP

*** WARNING L15: MULTIPLE CALL TO SEGMENT
    SEGMENT: ?PR?_READRAM?HISRECORD
    CALLER1: ?PR?UART?UART
    CALLER2: ?C_C51STARTUP

*** WARNING L15: MULTIPLE CALL TO SEGMENT
    SEGMENT: ?PR?_DELETREC?HISRECORD
    CALLER1: ?PR?UART?UART
    CALLER2: ?C_C51STARTUP

*** WARNING L15: MULTIPLE CALL TO SEGMENT
    SEGMENT: ?PR?_WRITE_EEPROM?I2C
    CALLER1: ?PR?UART?UART
    CALLER2: ?C_C51STARTUP

*** WARNING L15: MULTIPLE CALL TO SEGMENT
    SEGMENT: ?PR?_WRITE_EEPROM_ONE?I2C
    CALLER1: ?PR?UART?UART
    CALLER2: ?C_C51STARTUP

*** WARNING L15: MULTIPLE CALL TO SEGMENT
    SEGMENT: ?PR?_SAVEDEAL?HISRECORD
BL51 BANKED LINKER/LOCATER V6.22                                                      02/27/2016  16:50:02  PAGE 69


    CALLER1: ?PR?UART?UART
    CALLER2: ?C_C51STARTUP

*** WARNING L15: MULTIPLE CALL TO SEGMENT
    SEGMENT: ?PR?PACKBAG?UART
    CALLER1: ?PR?UART?UART
    CALLER2: ?C_C51STARTUP

*** WARNING L15: MULTIPLE CALL TO SEGMENT
    SEGMENT: ?PR?_CRC_CHECK?UART
    CALLER1: ?PR?UART?UART
    CALLER2: ?C_C51STARTUP

*** WARNING L1: UNRESOLVED EXTERNAL SYMBOL
    SYMBOL:  RDACVALUE
    MODULE:  .\output\main.obj (MAIN)

*** WARNING L2: REFERENCE MADE TO UNRESOLVED EXTERNAL
    SYMBOL:  RDACVALUE
    MODULE:  .\output\main.obj (MAIN)
    ADDRESS: 25A1H

*** WARNING L2: REFERENCE MADE TO UNRESOLVED EXTERNAL
    SYMBOL:  RDACVALUE
    MODULE:  .\output\main.obj (MAIN)
    ADDRESS: 25BEH

*** WARNING L2: REFERENCE MADE TO UNRESOLVED EXTERNAL
    SYMBOL:  RDACVALUE
    MODULE:  .\output\main.obj (MAIN)
    ADDRESS: 25EAH

*** WARNING L1: UNRESOLVED EXTERNAL SYMBOL
    SYMBOL:  RDACVALUE
    MODULE:  .\output\SetPara.obj (SETPARA)

*** WARNING L2: REFERENCE MADE TO UNRESOLVED EXTERNAL
    SYMBOL:  RDACVALUE
    MODULE:  .\output\SetPara.obj (SETPARA)
    ADDRESS: 24DDH

*** WARNING L2: REFERENCE MADE TO UNRESOLVED EXTERNAL
    SYMBOL:  RDACVALUE
    MODULE:  .\output\SetPara.obj (SETPARA)
    ADDRESS: 24E7H

*** WARNING L2: REFERENCE MADE TO UNRESOLVED EXTERNAL
    SYMBOL:  RDACVALUE
    MODULE:  .\output\SetPara.obj (SETPARA)
    ADDRESS: 24E9H

Program Size: data=30.6 xdata=463 code=35103
LINK/LOCATE RUN COMPLETE.  32 WARNING(S),  0 ERROR(S)
