BL51 BANKED LINKER/LOCATER V6.22                                                        03/01/2016  20:32:59  PAGE 1


BL51 BANKED LINKER/LOCATER V6.22, INVOKED BY:
E:\KEIL_C51\C51\BIN\BL51.EXE .\output\main.obj, .\output\MeaPro.obj, .\output\SetPara.obj, .\output\HisRecord.obj, .\out
>> put\Uart.obj, .\output\I2C.obj, .\output\DSPs.obj, .\output\lcd.obj TO .\output\IR PRINT (.\listing\IR.m51) RAMSIZE (
>> 256)


MEMORY MODEL: LARGE WITH FLOATING POINT ARITHMETIC


INPUT MODULES INCLUDED:
  .\output\main.obj (MAIN)
  .\output\MeaPro.obj (MEAPRO)
  .\output\SetPara.obj (SETPARA)
  .\output\HisRecord.obj (HISRECORD)
  .\output\Uart.obj (UART)
  .\output\I2C.obj (I2C)
  .\output\DSPs.obj (DSPS)
  .\output\lcd.obj (LCD)
  E:\KEIL_C51\C51\LIB\C51FPL.LIB (?C?FPADD)
  E:\KEIL_C51\C51\LIB\C51FPL.LIB (?C?FPDIV)
  E:\KEIL_C51\C51\LIB\C51FPL.LIB (?C?FPCMP)
  E:\KEIL_C51\C51\LIB\C51FPL.LIB (?C?FCAST)
  E:\KEIL_C51\C51\LIB\C51FPL.LIB (?C?CASTF)
  E:\KEIL_C51\C51\LIB\C51FPL.LIB (PRINTF)
  E:\KEIL_C51\C51\LIB\C51FPL.LIB (SCANF)
  E:\KEIL_C51\C51\LIB\C51FPL.LIB (VSPRINTF)
  E:\KEIL_C51\C51\LIB\C51FPL.LIB (?C?FPGETOPN)
  E:\KEIL_C51\C51\LIB\C51FPL.LIB (?C?FPROUND)
  E:\KEIL_C51\C51\LIB\C51FPL.LIB (?C?FPCONVERT)
  E:\KEIL_C51\C51\LIB\C51FPL.LIB (?C?ATOF)
  E:\KEIL_C51\C51\LIB\C51FPL.LIB (?C?FPMUL)
  E:\KEIL_C51\C51\LIB\C51FPL.LIB (?C?FPNEG)
  E:\KEIL_C51\C51\LIB\C51FPL.LIB (?C?FTNPWR)
  E:\KEIL_C51\C51\LIB\C51L.LIB (?C_STARTUP)
  E:\KEIL_C51\C51\LIB\C51L.LIB (?C?CLDPTR)
  E:\KEIL_C51\C51\LIB\C51L.LIB (?C?CLDOPTR)
  E:\KEIL_C51\C51\LIB\C51L.LIB (?C?CILDPTR)
  E:\KEIL_C51\C51\LIB\C51L.LIB (?C?CSTPTR)
  E:\KEIL_C51\C51\LIB\C51L.LIB (?C?IMUL)
  E:\KEIL_C51\C51\LIB\C51L.LIB (?C?SIDIV)
  E:\KEIL_C51\C51\LIB\C51L.LIB (?C?IILDX)
  E:\KEIL_C51\C51\LIB\C51L.LIB (?C?ILDIX)
  E:\KEIL_C51\C51\LIB\C51L.LIB (?C?ILDPTR)
  E:\KEIL_C51\C51\LIB\C51L.LIB (?C?ISTPTR)
  E:\KEIL_C51\C51\LIB\C51L.LIB (?C?LMUL)
  E:\KEIL_C51\C51\LIB\C51L.LIB (?C?ULDIV)
  E:\KEIL_C51\C51\LIB\C51L.LIB (?C?LNEG)
  E:\KEIL_C51\C51\LIB\C51L.LIB (?C?ULCMP)
  E:\KEIL_C51\C51\LIB\C51L.LIB (?C?LSHL)
  E:\KEIL_C51\C51\LIB\C51L.LIB (?C?LSTPTR)
  E:\KEIL_C51\C51\LIB\C51L.LIB (?C?LSTXDATA)
  E:\KEIL_C51\C51\LIB\C51L.LIB (?C?LSTKXDATA)
  E:\KEIL_C51\C51\LIB\C51L.LIB (?C?PLDXDATA)
  E:\KEIL_C51\C51\LIB\C51L.LIB (?C?PLDIXDATA)
  E:\KEIL_C51\C51\LIB\C51L.LIB (?C?PILDXDATA)
  E:\KEIL_C51\C51\LIB\C51L.LIB (?C?PSTXDATA)
  E:\KEIL_C51\C51\LIB\C51L.LIB (?C?CCASE)
  E:\KEIL_C51\C51\LIB\C51L.LIB (?C?ICASE)
BL51 BANKED LINKER/LOCATER V6.22                                                      03/01/2016  20:32:59  PAGE 2


  E:\KEIL_C51\C51\LIB\C51L.LIB (PUTCHAR)
  E:\KEIL_C51\C51\LIB\C51L.LIB (GETCHAR)
  E:\KEIL_C51\C51\LIB\C51L.LIB (UNGETC)
  E:\KEIL_C51\C51\LIB\C51L.LIB (ISSPACE)
  E:\KEIL_C51\C51\LIB\C51L.LIB (?C_INIT)
  E:\KEIL_C51\C51\LIB\C51L.LIB (?C?UIDIV)
  E:\KEIL_C51\C51\LIB\C51L.LIB (?C?LSTIDATA)
  E:\KEIL_C51\C51\LIB\C51L.LIB (?C?LSTPDATA)
  E:\KEIL_C51\C51\LIB\C51L.LIB (_GETKEY)


LINK MAP OF MODULE:  .\output\IR (MAIN)


            TYPE    BASE      LENGTH    RELOCATION   SEGMENT NAME
            -----------------------------------------------------

            * * * * * * *   D A T A   M E M O R Y   * * * * * * *
            REG     0000H     0008H     ABSOLUTE     "REG BANK 0"
            DATA    0008H     000BH     UNIT         _DATA_GROUP_
                    0013H     000DH                  *** GAP ***
            BIT     0020H.0   0002H.1   UNIT         _BIT_GROUP_
            BIT     0022H.1   0001H.0   UNIT         ?BI?MAIN
            BIT     0023H.1   0000H.5   UNIT         ?BI?UART
            BIT     0023H.6   0000H.1   UNIT         ?BI?GETCHAR
                    0023H.7   0000H.1                *** GAP ***
            IDATA   0024H     0001H     UNIT         ?STACK

            * * * * * * *  X D A T A   M E M O R Y  * * * * * * *
            XDATA   0000H     010BH     UNIT         ?XD?MAIN
            XDATA   010BH     00A9H     UNIT         ?XD?UART
            XDATA   01B4H     0061H     UNIT         ?XD?_USART_DEBUG?UART
            XDATA   0215H     0051H     UNIT         _XDATA_GROUP_
            XDATA   0266H     0006H     UNIT         ?XD?_VSPRINTF?VSPRINTF
            XDATA   026CH     0004H     UNIT         ?XD?MEAPRO
            XDATA   0270H     0001H     UNIT         ?XD?HISRECORD
            XDATA   0271H     0001H     UNIT         ?XD?GETCHAR

            * * * * * * *   C O D E   M E M O R Y   * * * * * * *
            CODE    0000H     0003H     ABSOLUTE     
            CODE    0003H     001DH     UNIT         ?PR?ANSWER_I2C?I2C
                    0020H     0003H                  *** GAP ***
            CODE    0023H     0003H     ABSOLUTE     
            CODE    0026H     0014H     UNIT         ?PR?GETCHAR?GETCHAR
                    003AH     0001H                  *** GAP ***
            CODE    003BH     0003H     ABSOLUTE     
            CODE    003EH     14E5H     UNIT         ?CO?LCD
            CODE    1523H     0A99H     UNIT         ?PR?DATA_PRO?MAIN
            CODE    1FBCH     096BH     UNIT         ?C?LIB_CODE
            CODE    2927H     06DCH     UNIT         ?PR?_PARAPAGE?SETPARA
            CODE    3003H     06B7H     UNIT         ?PR?_PARPAGUPD?SETPARA
            CODE    36BAH     04A4H     UNIT         ?PR?_MEASUREPROPAGE?MEAPRO
            CODE    3B5EH     0483H     UNIT         ?PR?PRINTF?PRINTF
            CODE    3FE1H     0408H     UNIT         ?PR?_SAVEDEAL?HISRECORD
            CODE    43E9H     0365H     UNIT         ?PR?_UPDHISREC?HISRECORD
            CODE    474EH     035AH     UNIT         ?PR?SCANF?SCANF
            CODE    4AA8H     02ECH     UNIT         ?PR?_HISTORYPRO?HISRECORD
BL51 BANKED LINKER/LOCATER V6.22                                                      03/01/2016  20:32:59  PAGE 3


            CODE    4D94H     02D9H     UNIT         ?PR?_DRAW_LINE?LCD
            CODE    506DH     0225H     UNIT         ?PR?_DRAW_ARCFRAME?LCD
            CODE    5292H     020CH     UNIT         ?PR?_DELETREC?HISRECORD
            CODE    549EH     01DAH     UNIT         ?PR?_DRAW_ARC?LCD
            CODE    5678H     01C2H     UNIT         ?CO?MEAPRO
            CODE    583AH     01ABH     UNIT         ?PR?_LCD_DISPLAY_STRING?LCD
            CODE    59E5H     01A4H     UNIT         ?PR?_READRAM?HISRECORD
            CODE    5B89H     017AH     UNIT         ?PR?CHRECSUCCESS?UART
            CODE    5D03H     016AH     UNIT         ?PR?_DATTYPDEF?HISRECORD
            CODE    5E6DH     0169H     UNIT         ?PR?INTERFACEINIT?MAIN
            CODE    5FD6H     0165H     UNIT         ?PR?_MEAPRODEAL?MEAPRO
            CODE    613BH     0163H     UNIT         ?PR?HIS_RECORD?HISRECORD
            CODE    629EH     0156H     UNIT         ?PR?_DACAMPCOMMAND?DSPS
            CODE    63F4H     0156H     UNIT         ?PR?_DACCOMMAND?DSPS
            CODE    654AH     0150H     UNIT         ?CO?SETPARA
            CODE    669AH     0141H     UNIT         ?PR?STARTPARA?SETPARA
            CODE    67DBH     0135H     UNIT         ?PR?PCA_INT?MAIN
            CODE    6910H     0133H     UNIT         ?PR?_SHOW_CHAR?LCD
            CODE    6A43H     0131H     UNIT         ?PR?_SHOW_STRING?LCD
            CODE    6B74H     012AH     UNIT         ?PR?STARTBACMES?MEAPRO
            CODE    6C9EH     0114H     UNIT         ?PR?_CHINESE_STRING?LCD
            CODE    6DB2H     00FFH     UNIT         ?C_INITSEG
            CODE    6EB1H     00F8H     UNIT         ?PR?RECDEAL?UART
            CODE    6FA9H     00F3H     UNIT         ?PR?_MEADETAIL?MEAPRO
            CODE    709CH     00E6H     UNIT         ?PR??C?ATOF??C?ATOF
            CODE    7182H     00E3H     UNIT         ?PR?_SHOW_CHINESE?LCD
            CODE    7265H     00CDH     UNIT         ?PR?_PREMEA?MAIN
            CODE    7332H     00CBH     UNIT         ?PR?MEAVALUEUPD?MEAPRO
            CODE    73FDH     00BAH     UNIT         ?CO?MAIN
            CODE    74B7H     00B9H     UNIT         ?PR?INTFACEPRO?MAIN
            CODE    7570H     00B5H     UNIT         ?PR?_DRAW_FILLRECT?LCD
            CODE    7625H     00ABH     UNIT         ?CO?HISRECORD
            CODE    76D0H     00A9H     UNIT         ?PR?_CLEAR_WINDOWS?LCD
            CODE    7779H     00A9H     UNIT         ?PR?_SHOW_POWER?LCD
            CODE    7822H     00A4H     UNIT         ?PR?PACKBAG?UART
            CODE    78C6H     00A2H     UNIT         ?PR?_USART_DEBUG?UART
            CODE    7968H     00A1H     UNIT         ?PR?_SHOW_LOGO?LCD
            CODE    7A09H     009DH     UNIT         ?PR?_DRAW_POINT?LCD
            CODE    7AA6H     009CH     UNIT         ?PR?MEASUREBUSYPAGE?MEAPRO
            CODE    7B42H     009CH     UNIT         ?PR?_STARTLIQSOLMES?MEAPRO
            CODE    7BDEH     0098H     UNIT         ?PR?_DRAW_SCROLLBAR?LCD
            CODE    7C76H     0097H     UNIT         ?PR?LCDSYSTEM_INIT?LCD
            CODE    7D0DH     0093H     UNIT         ?PR?MAIN?MAIN
            CODE    7DA0H     008FH     UNIT         ?PR?_HISTORYDEL?HISRECORD
            CODE    7E2FH     008CH     UNIT         ?C_C51STARTUP
            CODE    7EBBH     0085H     UNIT         ?PR?_CRC_CHECK?UART
            CODE    7F40H     0085H     UNIT         ?PR?_CRC_CHECK2?UART
            CODE    7FC5H     007CH     UNIT         ?PR?_SHOWNUM?HISRECORD
            CODE    8041H     0074H     UNIT         ?PR?_SEARCH?LCD
            CODE    80B5H     0073H     UNIT         ?PR?_WRITE_EEPROM?I2C
            CODE    8128H     006FH     UNIT         ?PR?_LCD_CLEAR?LCD
            CODE    8197H     006DH     UNIT         ?PR?INITINTER?MAIN
            CODE    8204H     0067H     UNIT         ?PR?PARSETUPDPAGE?SETPARA
            CODE    826BH     0066H     UNIT         ?PR?UART?UART
            CODE    82D1H     0065H     UNIT         ?PR?_UPDATA_TIME?I2C
            CODE    8336H     0061H     UNIT         ?PR?_WRITE_EEPROM_ONE?I2C
            CODE    8397H     005EH     UNIT         ?PR?_MEARESDEAL?MEAPRO
BL51 BANKED LINKER/LOCATER V6.22                                                      03/01/2016  20:32:59  PAGE 4


            CODE    83F5H     0051H     UNIT         ?PR?_SCROLL_SET?LCD
            CODE    8446H     004FH     UNIT         ?PR?_READ_EEPROM?I2C
            CODE    8495H     004DH     UNIT         ?PR?_CSR_LOCATE?LCD
            CODE    84E2H     004CH     UNIT         ?PR?_RTC_INIT?I2C
            CODE    852EH     004AH     UNIT         ?PR?_VSPRINTF?VSPRINTF
            CODE    8578H     0048H     UNIT         ?PR?_SAVEVALUE?HISRECORD
            CODE    85C0H     0048H     UNIT         ?PR?_READ_EEPROM_ONE?I2C
            CODE    8608H     0044H     UNIT         ?PR?GET_KEYNUM?MAIN
            CODE    864CH     0042H     UNIT         ?PR?_WRITE_DAT?I2C
            CODE    868EH     003CH     UNIT         ?PR?STARTMES?MEAPRO
            CODE    86CAH     002FH     UNIT         ?PR?_WRITE_CMD?LCD
            CODE    86F9H     002AH     UNIT         ?PR?_MEADETAILDEAL?MEAPRO
            CODE    8723H     0029H     UNIT         ?PR?_WRITE_DATA?LCD
            CODE    874CH     0028H     UNIT         ?PR?_MAINMENU?MAIN
            CODE    8774H     0028H     UNIT         ?PR?_MEASUREBUSY?MEAPRO
            CODE    879CH     0027H     UNIT         ?PR?_OYLAY?LCD
            CODE    87C3H     0027H     UNIT         ?PR?PUTCHAR?PUTCHAR
            CODE    87EAH     0026H     UNIT         ?PR?MEAMODECOPY?MAIN
            CODE    8810H     0026H     UNIT         ?PR?MEAMODEPASTE?MAIN
            CODE    8836H     0025H     UNIT         ?PR?READ_DAT?I2C
            CODE    885BH     0025H     UNIT         ?PR?_LCD_ON?LCD
            CODE    8880H     0024H     UNIT         ?PR?INITPCA?MAIN
            CODE    88A4H     001DH     UNIT         ?PR?READ_DATA?LCD
            CODE    88C1H     001AH     UNIT         ?PR?CHECK_BUSY?I2C
            CODE    88DBH     001AH     UNIT         ?PR?_CSR_FORM?LCD
            CODE    88F5H     0017H     UNIT         ?PR?CHABANDONDATA?UART
            CODE    890CH     0014H     UNIT         ?PR?_ISSPACE?ISSPACE
            CODE    8920H     0010H     UNIT         ?PR?START_I2C?I2C
            CODE    8930H     000EH     UNIT         ?PR?__NOP?I2C
            CODE    893EH     000DH     UNIT         ?PR?STOP_I2C?I2C
            CODE    894BH     000DH     UNIT         ?PR?DACINITIALIZATION?DSPS
            CODE    8958H     000CH     UNIT         ?PR?DELAY1MS?LCD
            CODE    8964H     000AH     UNIT         ?CO?UART
            CODE    896EH     000AH     UNIT         ?PR?_GETKEY?_GETKEY
            CODE    8978H     0009H     UNIT         ?PR?DELAY200US?LCD
            CODE    8981H     0008H     UNIT         ?PR?GETCHAR?UNGETCHAR
            CODE    8989H     0005H     UNIT         ?PR?LCD_OFF?LCD



OVERLAY MAP OF MODULE:   .\output\IR (MAIN)


SEGMENT                                BIT_GROUP          DATA_GROUP          XDATA_GROUP
  +--> CALLED SEGMENT               START    LENGTH     START    LENGTH     START    LENGTH
-------------------------------------------------------------------------------------------
?PR?PCA_INT?MAIN                    -----    -----      -----    -----      -----    -----
  +--> ?PR?GET_KEYNUM?MAIN

*** NEW ROOT ***************************************************

?PR?UART?UART                       -----    -----      -----    -----      -----    -----
  +--> ?PR?RECDEAL?UART

?PR?RECDEAL?UART                    -----    -----      -----    -----      0215H    0002H
  +--> ?PR?CHABANDONDATA?UART
  +--> ?PR?_CRC_CHECK?UART
BL51 BANKED LINKER/LOCATER V6.22                                                      03/01/2016  20:32:59  PAGE 5



?PR?_CRC_CHECK?UART                 -----    -----      -----    -----      0217H    0007H

*** NEW ROOT ***************************************************

?C_C51STARTUP                       -----    -----      -----    -----      -----    -----
  +--> ?PR?MAIN?MAIN
  +--> ?C_INITSEG

?PR?MAIN?MAIN                       0020H.0  0000H.1    -----    -----      -----    -----
  +--> ?PR?INITINTER?MAIN
  +--> ?PR?_WRITE_EEPROM?I2C
  +--> ?PR?_READ_EEPROM?I2C
  +--> ?PR?LCDSYSTEM_INIT?LCD
  +--> ?PR?DACINITIALIZATION?DSPS
  +--> ?PR?_SHOW_LOGO?LCD
  +--> ?PR?INTERFACEINIT?MAIN
  +--> ?PR?INTFACEPRO?MAIN
  +--> ?PR?DATA_PRO?MAIN
  +--> ?PR?CHRECSUCCESS?UART
  +--> ?CO?MAIN
  +--> ?PR?_LCD_DISPLAY_STRING?LCD

?PR?INITINTER?MAIN                  -----    -----      -----    -----      -----    -----
  +--> ?PR?INITPCA?MAIN

?PR?_WRITE_EEPROM?I2C               -----    -----      -----    -----      0230H    0009H
  +--> ?PR?_WRITE_EEPROM_ONE?I2C
  +--> ?PR?__NOP?I2C
  +--> ?PR?STOP_I2C?I2C

?PR?_WRITE_EEPROM_ONE?I2C           -----    -----      -----    -----      0239H    0007H
  +--> ?PR?CHECK_BUSY?I2C
  +--> ?PR?START_I2C?I2C
  +--> ?PR?_WRITE_DAT?I2C
  +--> ?PR?STOP_I2C?I2C
  +--> ?PR?_READ_EEPROM_ONE?I2C

?PR?START_I2C?I2C                   -----    -----      -----    -----      -----    -----
  +--> ?PR?__NOP?I2C

?PR?_WRITE_DAT?I2C                  -----    -----      -----    -----      -----    -----
  +--> ?PR?__NOP?I2C
  +--> ?PR?ANSWER_I2C?I2C

?PR?ANSWER_I2C?I2C                  0020H.7  0000H.1    -----    -----      -----    -----
  +--> ?PR?__NOP?I2C

?PR?STOP_I2C?I2C                    -----    -----      -----    -----      -----    -----
  +--> ?PR?__NOP?I2C

?PR?_READ_EEPROM_ONE?I2C            -----    -----      -----    -----      0247H    0005H
  +--> ?PR?CHECK_BUSY?I2C
  +--> ?PR?START_I2C?I2C
  +--> ?PR?_WRITE_DAT?I2C
  +--> ?PR?READ_DAT?I2C
  +--> ?PR?STOP_I2C?I2C
BL51 BANKED LINKER/LOCATER V6.22                                                      03/01/2016  20:32:59  PAGE 6



?PR?READ_DAT?I2C                    -----    -----      -----    -----      -----    -----
  +--> ?PR?__NOP?I2C

?PR?_READ_EEPROM?I2C                -----    -----      -----    -----      0240H    0007H
  +--> ?PR?_READ_EEPROM_ONE?I2C
  +--> ?PR?STOP_I2C?I2C

?PR?LCDSYSTEM_INIT?LCD              -----    -----      -----    -----      -----    -----
  +--> ?PR?DELAY200US?LCD
  +--> ?PR?DELAY1MS?LCD
  +--> ?PR?_WRITE_CMD?LCD
  +--> ?CO?LCD
  +--> ?PR?_WRITE_DATA?LCD
  +--> ?PR?_SCROLL_SET?LCD
  +--> ?PR?LCD_OFF?LCD
  +--> ?PR?_CSR_FORM?LCD
  +--> ?PR?_OYLAY?LCD
  +--> ?PR?_LCD_ON?LCD
  +--> ?PR?_LCD_CLEAR?LCD
  +--> ?PR?_CSR_LOCATE?LCD

?PR?_WRITE_CMD?LCD                  -----    -----      -----    -----      -----    -----
  +--> ?PR?_CSR_LOCATE?LCD

?PR?_CSR_LOCATE?LCD                 -----    -----      -----    -----      -----    -----
  +--> ?PR?_WRITE_DATA?LCD

?PR?_SCROLL_SET?LCD                 -----    -----      -----    -----      021EH    000AH
  +--> ?PR?_WRITE_CMD?LCD
  +--> ?PR?_WRITE_DATA?LCD

?PR?LCD_OFF?LCD                     -----    -----      -----    -----      -----    -----
  +--> ?PR?_WRITE_CMD?LCD

?PR?_CSR_FORM?LCD                   -----    -----      -----    -----      -----    -----
  +--> ?PR?_WRITE_CMD?LCD
  +--> ?PR?_WRITE_DATA?LCD

?PR?_OYLAY?LCD                      -----    -----      -----    -----      021EH    0004H
  +--> ?PR?_WRITE_CMD?LCD
  +--> ?PR?_WRITE_DATA?LCD

?PR?_LCD_ON?LCD                     -----    -----      -----    -----      021EH    0004H
  +--> ?PR?_WRITE_CMD?LCD
  +--> ?PR?_WRITE_DATA?LCD

?PR?_LCD_CLEAR?LCD                  -----    -----      -----    -----      -----    -----
  +--> ?PR?_WRITE_CMD?LCD
  +--> ?PR?_WRITE_DATA?LCD

?PR?_SHOW_LOGO?LCD                  0020H.1  0000H.1    -----    -----      021EH    000AH
  +--> ?PR?_WRITE_CMD?LCD
  +--> ?PR?_READ_EEPROM?I2C
  +--> ?PR?_WRITE_DATA?LCD

?PR?INTERFACEINIT?MAIN              -----    -----      -----    -----      -----    -----
BL51 BANKED LINKER/LOCATER V6.22                                                      03/01/2016  20:32:59  PAGE 7


  +--> ?PR?_CLEAR_WINDOWS?LCD
  +--> ?PR?_SHOW_POWER?LCD
  +--> ?CO?MAIN
  +--> ?PR?_LCD_DISPLAY_STRING?LCD
  +--> ?PR?_DRAW_ARCFRAME?LCD

?PR?_CLEAR_WINDOWS?LCD              0021H.0  0000H.1    -----    -----      0236H    000AH
  +--> ?PR?_WRITE_CMD?LCD
  +--> ?PR?_WRITE_DATA?LCD

?PR?_SHOW_POWER?LCD                 0020H.5  0000H.1    -----    -----      022DH    0006H
  +--> ?CO?LCD
  +--> ?PR?_SHOW_STRING?LCD
  +--> ?PR?_DRAW_FILLRECT?LCD

?PR?_SHOW_STRING?LCD                0020H.6  0000H.1    -----    -----      0233H    000DH
  +--> ?PR?_SHOW_CHAR?LCD

?PR?_SHOW_CHAR?LCD                  0021H.2  0000H.2    -----    -----      0248H    000DH
  +--> ?CO?LCD
  +--> ?PR?_SEARCH?LCD
  +--> ?PR?_WRITE_CMD?LCD
  +--> ?PR?_WRITE_DATA?LCD

?PR?_SEARCH?LCD                     0021H.4  0000H.1    -----    -----      0258H    000AH

?PR?_DRAW_FILLRECT?LCD              -----    -----      -----    -----      0235H    000BH
  +--> ?PR?_DRAW_LINE?LCD

?PR?_DRAW_LINE?LCD                  0021H.1  0000H.1    -----    -----      0240H    0012H
  +--> ?PR?_DRAW_POINT?LCD

?PR?_DRAW_POINT?LCD                 0021H.2  0000H.1    -----    -----      0252H    0005H
  +--> ?PR?_CSR_LOCATE?LCD
  +--> ?PR?_WRITE_CMD?LCD
  +--> ?PR?READ_DATA?LCD
  +--> ?PR?_WRITE_DATA?LCD

?PR?_LCD_DISPLAY_STRING?LCD         0021H.0  0000H.2    -----    -----      0236H    0012H
  +--> ?PR?_SHOW_CHINESE?LCD
  +--> ?PR?_SHOW_CHAR?LCD

?PR?_SHOW_CHINESE?LCD               0021H.2  0000H.2    -----    -----      0248H    0010H
  +--> ?CO?LCD
  +--> ?PR?_SEARCH?LCD
  +--> ?PR?_WRITE_CMD?LCD
  +--> ?PR?_WRITE_DATA?LCD

?PR?_DRAW_ARCFRAME?LCD              0021H.0  0000H.1    -----    -----      0230H    0008H
  +--> ?PR?_DRAW_ARC?LCD
  +--> ?PR?_DRAW_LINE?LCD

?PR?_DRAW_ARC?LCD                   0021H.1  0000H.1    -----    -----      0238H    000EH
  +--> ?PR?_DRAW_POINT?LCD

?PR?INTFACEPRO?MAIN                 -----    -----      -----    -----      -----    -----
  +--> ?PR?_MAINMENU?MAIN
BL51 BANKED LINKER/LOCATER V6.22                                                      03/01/2016  20:32:59  PAGE 8


  +--> ?PR?_HISTORYPRO?HISRECORD
  +--> ?PR?_HISTORYDEL?HISRECORD
  +--> ?PR?_PREMEA?MAIN
  +--> ?PR?_MEASUREBUSY?MEAPRO
  +--> ?PR?_MEAPRODEAL?MEAPRO
  +--> ?PR?_MEARESDEAL?MEAPRO
  +--> ?PR?_PARPAGUPD?SETPARA
  +--> ?PR?_MEADETAILDEAL?MEAPRO

?PR?_MAINMENU?MAIN                  -----    -----      -----    -----      022DH    0001H
  +--> ?PR?STARTBACMES?MEAPRO
  +--> ?PR?_STARTLIQSOLMES?MEAPRO
  +--> ?PR?STARTPARA?SETPARA
  +--> ?PR?HIS_RECORD?HISRECORD

?PR?STARTBACMES?MEAPRO              -----    -----      -----    -----      -----    -----
  +--> ?PR?MEAMODECOPY?MAIN
  +--> ?PR?_CLEAR_WINDOWS?LCD
  +--> ?CO?MEAPRO
  +--> ?PR?_LCD_DISPLAY_STRING?LCD
  +--> ?PR?_DRAW_ARCFRAME?LCD
  +--> ?PR?_MEASUREPROPAGE?MEAPRO

?PR?_MEASUREPROPAGE?MEAPRO          0020H.6  0000H.2    -----    -----      022FH    0001H
  +--> ?PR?_CLEAR_WINDOWS?LCD
  +--> ?CO?MEAPRO
  +--> ?PR?_LCD_DISPLAY_STRING?LCD
  +--> ?PR?PRINTF?PRINTF
  +--> ?PR?_DRAW_ARCFRAME?LCD

?PR?PRINTF?PRINTF                   0021H.0  0001H.1    0008H    0005H      0236H    0030H
  +--> ?PR?PUTCHAR?PUTCHAR

?PR?_STARTLIQSOLMES?MEAPRO          -----    -----      -----    -----      022EH    0001H
  +--> ?PR?MEAMODECOPY?MAIN
  +--> ?PR?_CLEAR_WINDOWS?LCD
  +--> ?CO?MEAPRO
  +--> ?PR?_LCD_DISPLAY_STRING?LCD
  +--> ?PR?_PARAPAGE?SETPARA
  +--> ?PR?_MEASUREPROPAGE?MEAPRO

?PR?_PARAPAGE?SETPARA               -----    -----      -----    -----      022FH    0001H
  +--> ?PR?_CLEAR_WINDOWS?LCD
  +--> ?CO?SETPARA
  +--> ?PR?_LCD_DISPLAY_STRING?LCD
  +--> ?PR?_READ_EEPROM?I2C
  +--> ?PR?PRINTF?PRINTF
  +--> ?PR?_SHOW_STRING?LCD
  +--> ?PR?_DRAW_ARCFRAME?LCD
  +--> ?PR?PARSETUPDPAGE?SETPARA

?PR?PARSETUPDPAGE?SETPARA           -----    -----      -----    -----      -----    -----
  +--> ?PR?_LCD_DISPLAY_STRING?LCD

?PR?STARTPARA?SETPARA               -----    -----      -----    -----      -----    -----
  +--> ?PR?MEAMODECOPY?MAIN
  +--> ?PR?_CLEAR_WINDOWS?LCD
BL51 BANKED LINKER/LOCATER V6.22                                                      03/01/2016  20:32:59  PAGE 9


  +--> ?PR?_DRAW_ARCFRAME?LCD
  +--> ?CO?SETPARA
  +--> ?PR?_CHINESE_STRING?LCD
  +--> ?PR?_LCD_DISPLAY_STRING?LCD

?PR?_CHINESE_STRING?LCD             0020H.6  0000H.1    -----    -----      022EH    000FH
  +--> ?PR?_SHOW_CHINESE?LCD

?PR?HIS_RECORD?HISRECORD            -----    -----      -----    -----      -----    -----
  +--> ?PR?_READ_EEPROM?I2C
  +--> ?PR?_CLEAR_WINDOWS?LCD
  +--> ?CO?HISRECORD
  +--> ?PR?_LCD_DISPLAY_STRING?LCD
  +--> ?PR?_SHOW_STRING?LCD
  +--> ?PR?_UPDHISREC?HISRECORD
  +--> ?PR?_SHOWNUM?HISRECORD
  +--> ?PR?_DRAW_SCROLLBAR?LCD
  +--> ?PR?_DRAW_ARCFRAME?LCD

?PR?_UPDHISREC?HISRECORD            -----    -----      -----    -----      022EH    0008H
  +--> ?PR?_READRAM?HISRECORD
  +--> ?PR?_CLEAR_WINDOWS?LCD
  +--> ?CO?HISRECORD
  +--> ?PR?PRINTF?PRINTF
  +--> ?PR?_LCD_DISPLAY_STRING?LCD
  +--> ?PR?_DATTYPDEF?HISRECORD

?PR?_READRAM?HISRECORD              -----    -----      -----    -----      0236H    000AH
  +--> ?PR?_READ_EEPROM?I2C

?PR?_DATTYPDEF?HISRECORD            -----    -----      -----    -----      0236H    0008H

?PR?_SHOWNUM?HISRECORD              -----    -----      -----    -----      022EH    0002H
  +--> ?PR?_READ_EEPROM?I2C
  +--> ?CO?HISRECORD
  +--> ?PR?PRINTF?PRINTF
  +--> ?PR?_LCD_DISPLAY_STRING?LCD

?PR?_DRAW_SCROLLBAR?LCD             0020H.6  0000H.2    -----    -----      022EH    0007H
  +--> ?PR?_DRAW_FILLRECT?LCD

?PR?_HISTORYPRO?HISRECORD           -----    -----      -----    -----      -----    -----
  +--> ?PR?_CLEAR_WINDOWS?LCD
  +--> ?PR?_UPDHISREC?HISRECORD
  +--> ?PR?_SHOWNUM?HISRECORD
  +--> ?CO?HISRECORD
  +--> ?PR?_LCD_DISPLAY_STRING?LCD
  +--> ?PR?_DRAW_SCROLLBAR?LCD
  +--> ?PR?INTERFACEINIT?MAIN

?PR?_HISTORYDEL?HISRECORD           -----    -----      -----    -----      -----    -----
  +--> ?PR?_DELETREC?HISRECORD
  +--> ?PR?_READ_EEPROM?I2C
  +--> ?PR?_MAINMENU?MAIN

?PR?_DELETREC?HISRECORD             -----    -----      -----    -----      0223H    0007H
  +--> ?PR?_READ_EEPROM?I2C
BL51 BANKED LINKER/LOCATER V6.22                                                      03/01/2016  20:32:59  PAGE 10


  +--> ?PR?_WRITE_EEPROM?I2C

?PR?_PREMEA?MAIN                    -----    -----      -----    -----      021EH    0001H
  +--> ?PR?STARTMES?MEAPRO
  +--> ?PR?MEAMODEPASTE?MAIN
  +--> ?PR?_CLEAR_WINDOWS?LCD
  +--> ?CO?MAIN
  +--> ?PR?_LCD_DISPLAY_STRING?LCD
  +--> ?PR?_PARAPAGE?SETPARA
  +--> ?PR?MEASUREBUSYPAGE?MEAPRO
  +--> ?PR?_MEASUREPROPAGE?MEAPRO
  +--> ?PR?INTERFACEINIT?MAIN

?PR?MEASUREBUSYPAGE?MEAPRO          -----    -----      -----    -----      -----    -----
  +--> ?PR?_CLEAR_WINDOWS?LCD
  +--> ?CO?MEAPRO
  +--> ?PR?_LCD_DISPLAY_STRING?LCD
  +--> ?PR?_DRAW_ARCFRAME?LCD

?PR?_MEASUREBUSY?MEAPRO             -----    -----      -----    -----      -----    -----
  +--> ?PR?MEAMODEPASTE?MAIN
  +--> ?PR?_MAINMENU?MAIN

?PR?_MEAPRODEAL?MEAPRO              -----    -----      -----    -----      0225H    0002H
  +--> ?PR?_MEADETAIL?MEAPRO
  +--> ?PR?_CLEAR_WINDOWS?LCD
  +--> ?CO?MEAPRO
  +--> ?PR?_LCD_DISPLAY_STRING?LCD
  +--> ?PR?_DRAW_ARCFRAME?LCD
  +--> ?PR?_MEASUREPROPAGE?MEAPRO
  +--> ?PR?_MAINMENU?MAIN
  +--> ?PR?INTERFACEINIT?MAIN

?PR?_MEADETAIL?MEAPRO               -----    -----      -----    -----      0227H    0001H
  +--> ?PR?_CLEAR_WINDOWS?LCD
  +--> ?CO?MEAPRO
  +--> ?PR?_LCD_DISPLAY_STRING?LCD
  +--> ?PR?_DRAW_ARCFRAME?LCD

?PR?_MEARESDEAL?MEAPRO              -----    -----      -----    -----      0225H    0002H
  +--> ?PR?_MEADETAIL?MEAPRO
  +--> ?PR?STARTMES?MEAPRO
  +--> ?PR?_CLEAR_WINDOWS?LCD
  +--> ?PR?_MEASUREPROPAGE?MEAPRO
  +--> ?PR?_SAVEVALUE?HISRECORD
  +--> ?PR?_MAINMENU?MAIN

?PR?_SAVEVALUE?HISRECORD            0020H.5  0000H.1    -----    -----      0227H    0001H
  +--> ?PR?_SAVEDEAL?HISRECORD
  +--> ?PR?_MAINMENU?MAIN
  +--> ?PR?_CLEAR_WINDOWS?LCD
  +--> ?CO?HISRECORD
  +--> ?PR?_LCD_DISPLAY_STRING?LCD

?PR?_SAVEDEAL?HISRECORD             0020H.6  0000H.1    -----    -----      0228H    0008H
  +--> ?PR?_READ_EEPROM?I2C
  +--> ?PR?_WRITE_EEPROM?I2C
BL51 BANKED LINKER/LOCATER V6.22                                                      03/01/2016  20:32:59  PAGE 11



?PR?_PARPAGUPD?SETPARA              -----    -----      -----    -----      021EH    000FH
  +--> ?CO?MAIN
  +--> ?PR?PARSETUPDPAGE?SETPARA
  +--> ?PR?STARTMES?MEAPRO
  +--> ?CO?SETPARA
  +--> ?PR?SCANF?SCANF
  +--> ?PR?_WRITE_EEPROM?I2C
  +--> ?PR?_MEASUREPROPAGE?MEAPRO
  +--> ?PR?MEASUREBUSYPAGE?MEAPRO
  +--> ?PR?_RTC_INIT?I2C
  +--> ?PR?_DACCOMMAND?DSPS
  +--> ?PR?_DACAMPCOMMAND?DSPS
  +--> ?PR?_LCD_DISPLAY_STRING?LCD
  +--> ?PR?_PARAPAGE?SETPARA
  +--> ?PR?MEAMODEPASTE?MAIN
  +--> ?PR?INTERFACEINIT?MAIN
  +--> ?PR?_MAINMENU?MAIN

?PR?SCANF?SCANF                     0020H.1  0000H.6    0008H    0009H      022DH    002EH
  +--> ?PR?GETCHAR?UNGETCHAR
  +--> ?PR?_ISSPACE?ISSPACE
  +--> ?PR?GETCHAR?GETCHAR
  +--> ?PR??C?ATOF??C?ATOF

?PR?GETCHAR?GETCHAR                 -----    -----      -----    -----      -----    -----
  +--> ?PR?_GETKEY?_GETKEY
  +--> ?PR?PUTCHAR?PUTCHAR

?PR??C?ATOF??C?ATOF                 0020H.7  0000H.5    0011H    0002H      -----    -----

?PR?_RTC_INIT?I2C                   -----    -----      -----    -----      022DH    0005H
  +--> ?PR?CHECK_BUSY?I2C
  +--> ?PR?START_I2C?I2C
  +--> ?PR?_WRITE_DAT?I2C
  +--> ?PR?STOP_I2C?I2C

?PR?_DACCOMMAND?DSPS                -----    -----      -----    -----      022DH    0004H

?PR?_DACAMPCOMMAND?DSPS             -----    -----      -----    -----      022DH    0004H

?PR?_MEADETAILDEAL?MEAPRO           -----    -----      -----    -----      -----    -----
  +--> ?PR?_MEASUREPROPAGE?MEAPRO
  +--> ?PR?DATA_PRO?MAIN
  +--> ?PR?_MEAPRODEAL?MEAPRO

?PR?DATA_PRO?MAIN                   0020H.1  0000H.4    -----    -----      021EH    0007H
  +--> ?PR?_UPDATA_TIME?I2C
  +--> ?PR?_CLEAR_WINDOWS?LCD
  +--> ?CO?MAIN
  +--> ?PR?PRINTF?PRINTF
  +--> ?PR?_LCD_DISPLAY_STRING?LCD
  +--> ?PR?MEAMODEPASTE?MAIN
  +--> ?PR?_MEASUREPROPAGE?MEAPRO
  +--> ?PR?_MEAPRODEAL?MEAPRO
  +--> ?PR?_MEARESDEAL?MEAPRO
  +--> ?PR?STARTMES?MEAPRO
BL51 BANKED LINKER/LOCATER V6.22                                                      03/01/2016  20:32:59  PAGE 12


  +--> ?PR?MEAVALUEUPD?MEAPRO
  +--> ?PR?PACKBAG?UART

?PR?_UPDATA_TIME?I2C                -----    -----      -----    -----      0225H    0005H
  +--> ?PR?CHECK_BUSY?I2C
  +--> ?PR?START_I2C?I2C
  +--> ?PR?_WRITE_DAT?I2C
  +--> ?PR?READ_DAT?I2C
  +--> ?PR?STOP_I2C?I2C

?PR?MEAVALUEUPD?MEAPRO              -----    -----      -----    -----      0225H    0002H

?PR?PACKBAG?UART                    -----    -----      -----    -----      -----    -----
  +--> ?PR?_CRC_CHECK2?UART

?PR?_CRC_CHECK2?UART                -----    -----      -----    -----      0225H    0007H

?PR?CHRECSUCCESS?UART               0020H.1  0000H.1    -----    -----      021EH    0005H
  +--> ?PR?PACKBAG?UART
  +--> ?CO?UART
  +--> ?CO?MEAPRO
  +--> ?PR?PRINTF?PRINTF
  +--> ?PR?_LCD_DISPLAY_STRING?LCD
  +--> ?PR?STARTMES?MEAPRO
  +--> ?PR?_SAVEDEAL?HISRECORD
  +--> ?PR?_READRAM?HISRECORD
  +--> ?PR?_DELETREC?HISRECORD



SYMBOL TABLE OF MODULE:  .\output\IR (MAIN)

  VALUE           TYPE          NAME
  ----------------------------------

  -------         MODULE        MAIN
  C:0000H         SYMBOL        _ICE_DUMMY_
  X:0002H         PUBLIC        chBuzzerTim
  X:0003H         PUBLIC        DisBuffer
  D:0080H         PUBLIC        P0
  D:0090H         PUBLIC        P1
  D:00A0H         PUBLIC        P2
  D:00B0H         PUBLIC        P3
  D:00C0H         PUBLIC        P4
  X:000FH         PUBLIC        chParaNum
  D:00C8H         PUBLIC        P5
  B:00A8H.7       PUBLIC        EA
  D:00E8H         PUBLIC        P6
  B:00C8H.1       PUBLIC        LED1
  D:00F8H         PUBLIC        P7
  B:00B0H.6       PUBLIC        LED2
  X:0010H         PUBLIC        chKeyTime
  B:00C8H.0       PUBLIC        LED3
  B:00D8H.7       PUBLIC        CF
  B:0022H.1       PUBLIC        bKeyFlag
  D:00F9H         PUBLIC        CH
  D:00A8H         PUBLIC        IE
BL51 BANKED LINKER/LOCATER V6.22                                                      03/01/2016  20:32:59  PAGE 13


  C:1523H         PUBLIC        Data_Pro
  D:00E9H         PUBLIC        CL
  X:0011H         PUBLIC        SystemPara
  D:00FAH         PUBLIC        CCAP0H
  X:0085H         PUBLIC        hwMeaCPMVal_Cs
  D:00EAH         PUBLIC        CCAP0L
  B:00D8H.6       PUBLIC        CR
  D:00DAH         PUBLIC        CCAPM0
  B:00A8H.4       PUBLIC        ES
  B:0022H.2       PUBLIC        bConMea
  D:00B8H         PUBLIC        IP
  X:0089H         PUBLIC        Para_Pos
  B:0022H.3       PUBLIC        bShowMea
  B:0022H.4       PUBLIC        bDisDel
  B:00F8H.4       PUBLIC        KEY1
  C:8197H         PUBLIC        InitInter
  B:00F8H.5       PUBLIC        KEY2
  C:8810H         PUBLIC        MeaModePaste
  B:00F8H.6       PUBLIC        KEY3
  B:00F8H.7       PUBLIC        KEY4
  C:874CH         PUBLIC        _MainMenu
  B:00C0H.5       PUBLIC        KEY5
  X:008AH         PUBLIC        Xper
  X:008BH         PUBLIC        Yper
  X:008CH         PUBLIC        hwCpsAll
  D:00D8H         PUBLIC        CCON
  X:008EH         PUBLIC        hwMeaCPMVal_I
  X:0092H         PUBLIC        His
  C:7D0DH         PUBLIC        main
  X:00C4H         PUBLIC        chSetParMode
  X:00C5H         PUBLIC        Xpos
  X:00C6H         PUBLIC        Ypos
  C:5E6DH         PUBLIC        InterfaceInit
  X:00C7H         SYMBOL        HV_Num
  X:00C8H         PUBLIC        ControlRegisterValue
  B:0022H.5       PUBLIC        bSavPar
  X:00CAH         PUBLIC        AccKeyValue
  D:0098H         PUBLIC        SCON
  D:0089H         PUBLIC        TMOD
  D:0088H         PUBLIC        TCON
  C:87EAH         PUBLIC        MeaModeCopy
  C:7265H         PUBLIC        _PreMea
  B:0022H.6       PUBLIC        bAvoidRepeat
  X:00CBH         PUBLIC        hwCpsCs
  D:008EH         PUBLIC        AUXR
  B:0022H.7       PUBLIC        bMeaResuSta
  X:00CDH         PUBLIC        chInterFaceState
  B:0088H.5       PUBLIC        TF0
  X:00CEH         PUBLIC        chPage
  D:008CH         PUBLIC        TH0
  D:008DH         PUBLIC        TH1
  D:00D6H         PUBLIC        T2H
  D:00D2H         PUBLIC        T4H
  D:008AH         PUBLIC        TL0
  C:74B7H         PUBLIC        IntFacePro
  X:00CFH         PUBLIC        hwCpsI
  X:00D1H         PUBLIC        MesCP_Cs
BL51 BANKED LINKER/LOCATER V6.22                                                      03/01/2016  20:32:59  PAGE 14


  C:74B3H         PUBLIC        YposLim
  D:008BH         PUBLIC        TL1
  X:00D5H         PUBLIC        bSetSucFla
  D:00D7H         PUBLIC        T2L
  D:00D3H         PUBLIC        T4L
  B:00B8H.1       PUBLIC        PT0
  B:00B8H.3       PUBLIC        PT1
  B:0088H.4       PUBLIC        TR0
  B:0088H.6       PUBLIC        TR1
  B:0023H.0       PUBLIC        chSec_Fla
  D:00D1H         PUBLIC        T4T3M
  C:8608H         PUBLIC        Get_KeyNum
  C:67DBH         PUBLIC        PCA_Int
  X:00D6H         PUBLIC        MesCP_I
  X:00DAH         PUBLIC        ParaBuffer
  B:00F8H.0       PUBLIC        BUZZER
  X:00FFH         PUBLIC        CSR_Old
  X:0100H         PUBLIC        KEY
  C:8880H         PUBLIC        InitPCA
  X:0101H         PUBLIC        MesCP_ALL
  X:0105H         PUBLIC        chSec_Tim
  X:0107H         PUBLIC        iCount
  D:008FH         PUBLIC        INT_CLKO
  D:00D0H         PUBLIC        PSW
  X:0109H         PUBLIC        RdacValue
  B:00D8H.0       PUBLIC        CCF0
  -------         PROC          MEAMODECOPY
  C:87EAH         LINE#         59
  C:87EAH         LINE#         60
  C:87EAH         LINE#         61
  C:87F6H         LINE#         62
  C:87FDH         LINE#         63
  C:8808H         LINE#         64
  C:880FH         LINE#         65
  -------         ENDPROC       MEAMODECOPY
  -------         PROC          MEAMODEPASTE
  C:8810H         LINE#         67
  C:8810H         LINE#         68
  C:8810H         LINE#         69
  C:881CH         LINE#         70
  C:8823H         LINE#         71
  C:882EH         LINE#         72
  C:8835H         LINE#         73
  -------         ENDPROC       MEAMODEPASTE
  -------         PROC          GET_KEYNUM
  -------         DO            
  D:0007H         SYMBOL        chKeyNum
  -------         ENDDO         
  C:8608H         LINE#         75
  C:8608H         LINE#         76
  C:8608H         LINE#         78
  C:860EH         LINE#         79
  C:8611H         LINE#         80
  C:8612H         LINE#         81
  C:8617H         LINE#         82
  C:8617H         LINE#         83
  C:861AH         LINE#         84
BL51 BANKED LINKER/LOCATER V6.22                                                      03/01/2016  20:32:59  PAGE 15


  C:861CH         LINE#         85
  C:8624H         LINE#         86
  C:8624H         LINE#         87
  C:8627H         LINE#         88
  C:8629H         LINE#         89
  C:8631H         LINE#         90
  C:8631H         LINE#         91
  C:8634H         LINE#         92
  C:8636H         LINE#         93
  C:863EH         LINE#         94
  C:863EH         LINE#         95
  C:8641H         LINE#         96
  C:8643H         LINE#         97
  C:864BH         LINE#         98
  C:864BH         LINE#         99
  C:864BH         LINE#         100
  -------         ENDPROC       GET_KEYNUM
  -------         PROC          INTERFACEINIT
  C:5E6DH         LINE#         102
  C:5E6DH         LINE#         103
  C:5E6DH         LINE#         104
  C:5E75H         LINE#         105
  C:5E7AH         LINE#         106
  C:5E96H         LINE#         107
  C:5EADH         LINE#         108
  C:5EBEH         LINE#         109
  C:5ED7H         LINE#         110
  C:5EF7H         LINE#         111
  C:5F10H         LINE#         112
  C:5F29H         LINE#         113
  C:5F42H         LINE#         114
  C:5F5BH         LINE#         115
  C:5F74H         LINE#         116
  C:5F8DH         LINE#         117
  C:5FA6H         LINE#         118
  C:5FBFH         LINE#         119
  -------         ENDPROC       INTERFACEINIT
  -------         PROC          _MAINMENU
  X:022DH         SYMBOL        chKey
  C:874CH         LINE#         122
  C:8751H         LINE#         123
  C:8751H         LINE#         124
  C:8762H         LINE#         125
  C:8765H         LINE#         126
  C:8765H         LINE#         127
  C:8765H         LINE#         128
  C:876DH         LINE#         129
  C:876DH         LINE#         131
  C:8770H         LINE#         132
  C:8770H         LINE#         133
  C:8773H         LINE#         134
  C:8773H         LINE#         135
  C:8773H         LINE#         136
  C:8773H         LINE#         137
  -------         ENDPROC       _MAINMENU
  -------         PROC          _PREMEA
  X:021EH         SYMBOL        chKey
BL51 BANKED LINKER/LOCATER V6.22                                                      03/01/2016  20:32:59  PAGE 16


  D:0005H         SYMBOL        chMode
  C:7265H         LINE#         139
  C:726AH         LINE#         140
  C:726AH         LINE#         141
  C:7276H         LINE#         142
  C:7285H         LINE#         143
  C:728EH         LINE#         144
  C:728EH         LINE#         145
  C:7291H         LINE#         146
  C:7291H         LINE#         147
  C:7291H         LINE#         148
  C:7293H         LINE#         149
  C:7293H         LINE#         150
  C:729AH         LINE#         151
  C:729DH         LINE#         153
  C:72A4H         LINE#         154
  C:72A4H         LINE#         155
  C:72A7H         LINE#         156
  C:72A7H         LINE#         157
  C:72A7H         LINE#         158
  C:72B9H         LINE#         159
  C:72B9H         LINE#         160
  C:72B9H         LINE#         161
  C:72D1H         LINE#         162
  C:72EAH         LINE#         163
  C:72F4H         LINE#         164
  C:72F7H         LINE#         165
  C:7301H         LINE#         166
  C:7301H         LINE#         167
  C:730BH         LINE#         168
  C:7318H         LINE#         169
  C:7318H         LINE#         170
  C:7320H         LINE#         171
  C:7320H         LINE#         172
  C:7324H         LINE#         173
  C:7327H         LINE#         174
  C:732EH         LINE#         175
  C:732EH         LINE#         176
  C:732EH         LINE#         177
  C:7331H         LINE#         178
  C:7331H         LINE#         179
  C:7331H         LINE#         180
  C:7331H         LINE#         181
  -------         ENDPROC       _PREMEA
  -------         PROC          INTFACEPRO
  C:74B7H         LINE#         183
  C:74B7H         LINE#         184
  C:74B7H         LINE#         185
  C:74DDH         LINE#         186
  C:74DDH         LINE#         187
  C:74E8H         LINE#         188
  C:74F2H         LINE#         189
  C:7506H         LINE#         191
  C:7518H         LINE#         192
  C:7522H         LINE#         193
  C:7534H         LINE#         194
  C:754BH         LINE#         196
BL51 BANKED LINKER/LOCATER V6.22                                                      03/01/2016  20:32:59  PAGE 17


  C:755AH         LINE#         197
  C:756AH         LINE#         199
  C:756AH         LINE#         200
  C:756FH         LINE#         201
  -------         ENDPROC       INTFACEPRO
  -------         PROC          DATA_PRO
  -------         DO            
  B:0020H.1       SYMBOL        bOverFla
  B:0020H.2       SYMBOL        bTestOveFla
  B:0020H.3       SYMBOL        bDebFla
  B:0020H.4       SYMBOL        bMea_Cou
  X:021EH         SYMBOL        RelativeValue
  X:0222H         SYMBOL        Size_CPM
  D:0007H         SYMBOL        Size_CP
  X:0223H         SYMBOL        add
  -------         ENDDO         
  C:1523H         LINE#         203
  C:1523H         LINE#         204
  C:1523H         LINE#         205
  C:1529H         LINE#         209
  C:152BH         LINE#         210
  C:1536H         LINE#         211
  C:153FH         LINE#         212
  C:1546H         LINE#         213
  C:155EH         LINE#         214
  C:1560H         LINE#         215
  C:1565H         LINE#         216
  C:1565H         LINE#         217
  C:15A7H         LINE#         218
  C:15BFH         LINE#         219
  C:15FFH         LINE#         220
  C:1618H         LINE#         233
  C:1620H         LINE#         234
  C:1627H         LINE#         235
  C:1652H         LINE#         236
  C:167DH         LINE#         237
  C:16A8H         LINE#         239
  C:16AEH         LINE#         240
  C:16B2H         LINE#         241
  C:16B8H         LINE#         242
  C:16BBH         LINE#         243
  C:16C2H         LINE#         244
  C:16C8H         LINE#         245
  C:16CBH         LINE#         246
  C:16CBH         LINE#         247
  C:16CBH         LINE#         248
  C:1709H         LINE#         249
  C:1722H         LINE#         251
  C:1728H         LINE#         252
  C:172FH         LINE#         253
  C:174FH         LINE#         254
  C:1751H         LINE#         255
  C:1771H         LINE#         256
  C:1771H         LINE#         257
  C:179FH         LINE#         258
  C:17A9H         LINE#         259
  C:17B0H         LINE#         260
BL51 BANKED LINKER/LOCATER V6.22                                                      03/01/2016  20:32:59  PAGE 18


  C:17B2H         LINE#         261
  C:17BAH         LINE#         262
  C:17C7H         LINE#         263
  C:17C7H         LINE#         264
  C:17C7H         LINE#         266
  C:17DBH         LINE#         267
  C:17E5H         LINE#         268
  C:17ECH         LINE#         269
  C:17EEH         LINE#         270
  C:17F6H         LINE#         271
  C:1803H         LINE#         272
  C:1803H         LINE#         275
  C:1806H         LINE#         276
  C:1809H         LINE#         277
  C:1816H         LINE#         278
  C:1823H         LINE#         279
  C:1832H         LINE#         280
  C:1834H         LINE#         281
  C:1836H         LINE#         282
  C:1839H         LINE#         283
  C:183EH         LINE#         284
  C:1842H         LINE#         285
  C:1846H         LINE#         287
  C:1849H         LINE#         288
  C:185AH         LINE#         289
  C:185AH         LINE#         290
  C:185AH         LINE#         293
  C:185DH         LINE#         294
  C:186AH         LINE#         295
  C:1877H         LINE#         296
  C:1877H         LINE#         297
  C:1877H         LINE#         299
  C:1896H         LINE#         300
  C:1899H         LINE#         301
  C:18A4H         LINE#         302
  C:18C5H         LINE#         303
  C:1923H         LINE#         304
  C:1945H         LINE#         305
  C:199EH         LINE#         306
  C:19BDH         LINE#         307
  C:19C0H         LINE#         309
  C:19CFH         LINE#         310
  C:19E9H         LINE#         311
  C:1A21H         LINE#         312
  C:1A21H         LINE#         313
  C:1A4EH         LINE#         314
  C:1A72H         LINE#         315
  C:1A72H         LINE#         316
  C:1AD0H         LINE#         317
  C:1AF2H         LINE#         319
  C:1B2AH         LINE#         320
  C:1B2AH         LINE#         321
  C:1B57H         LINE#         322
  C:1B7BH         LINE#         323
  C:1B7BH         LINE#         324
  C:1BD9H         LINE#         325
  C:1BF8H         LINE#         326
BL51 BANKED LINKER/LOCATER V6.22                                                      03/01/2016  20:32:59  PAGE 19


  C:1BFBH         LINE#         328
  C:1C59H         LINE#         329
  C:1C7BH         LINE#         330
  C:1CD9H         LINE#         331
  C:1CF8H         LINE#         332
  C:1CFBH         LINE#         334
  C:1CFBH         LINE#         335
  C:1CFBH         LINE#         336
  C:1CFBH         LINE#         337
  C:1D54H         LINE#         338
  C:1D6DH         LINE#         339
  C:1DC6H         LINE#         340
  C:1DDFH         LINE#         341
  C:1E38H         LINE#         342
  C:1E51H         LINE#         344
  C:1EAAH         LINE#         345
  C:1EC3H         LINE#         346
  C:1ED1H         LINE#         347
  C:1ED1H         LINE#         348
  C:1F2AH         LINE#         349
  C:1F43H         LINE#         350
  C:1F9CH         LINE#         351
  C:1FB5H         LINE#         352
  C:1FB5H         LINE#         353
  C:1FB5H         LINE#         354
  C:1FB5H         LINE#         355
  C:1FBBH         LINE#         356
  -------         ENDPROC       DATA_PRO
  -------         PROC          INITPCA
  C:8880H         LINE#         358
  C:8880H         LINE#         359
  C:8880H         LINE#         360
  C:8882H         LINE#         362
  C:8885H         LINE#         363
  C:8887H         LINE#         364
  C:888AH         LINE#         365
  C:8894H         LINE#         366
  C:889FH         LINE#         367
  C:88A1H         LINE#         369
  C:88A3H         LINE#         370
  -------         ENDPROC       INITPCA
  -------         PROC          INITINTER
  C:8197H         LINE#         371
  C:8197H         LINE#         372
  C:8197H         LINE#         374
  C:819EH         LINE#         376
  C:81A1H         LINE#         378
  C:81A3H         LINE#         379
  C:81A5H         LINE#         380
  C:81A7H         LINE#         381
  C:81AFH         LINE#         382
  C:81B2H         LINE#         383
  C:81B5H         LINE#         384
  C:81B8H         LINE#         385
  C:81BDH         LINE#         386
  C:81BFH         LINE#         389
  C:81C1H         LINE#         390
BL51 BANKED LINKER/LOCATER V6.22                                                      03/01/2016  20:32:59  PAGE 20


  C:81C3H         LINE#         391
  C:81C5H         LINE#         392
  C:81CDH         LINE#         393
  C:81D0H         LINE#         394
  C:81D3H         LINE#         395
  C:81D6H         LINE#         396
  C:81DBH         LINE#         397
  C:81DDH         LINE#         400
  C:81E0H         LINE#         401
  C:81E3H         LINE#         402
  C:81E6H         LINE#         403
  C:81EAH         LINE#         404
  C:81EDH         LINE#         407
  C:81F0H         LINE#         408
  C:81F3H         LINE#         409
  C:81F6H         LINE#         410
  C:81F9H         LINE#         411
  C:81FCH         LINE#         412
  C:81FFH         LINE#         413
  C:8201H         LINE#         415
  C:8203H         LINE#         416
  -------         ENDPROC       INITINTER
  -------         PROC          MAIN
  -------         DO            
  B:0020H.0       SYMBOL        Flag
  -------         ENDDO         
  C:7D0DH         LINE#         420
  C:7D0DH         LINE#         421
  C:7D0DH         LINE#         422
  C:7D0FH         LINE#         423
  C:7D12H         LINE#         429
  C:7D2AH         LINE#         430
  C:7D3EH         LINE#         432
  C:7D41H         LINE#         434
  C:7D44H         LINE#         435
  C:7D4DH         LINE#         443
  C:7D5AH         LINE#         444
  C:7D5FH         LINE#         445
  C:7D62H         LINE#         446
  C:7D62H         LINE#         447
  C:7D62H         LINE#         450
  C:7D68H         LINE#         451
  C:7D6BH         LINE#         453
  C:7D6EH         LINE#         454
  C:7D71H         LINE#         456
  C:7D74H         LINE#         457
  C:7D76H         LINE#         458
  C:7D79H         LINE#         459
  C:7D79H         LINE#         461
  C:7D7CH         LINE#         462
  C:7D83H         LINE#         463
  C:7D9CH         LINE#         464
  C:7D9EH         LINE#         465
  C:7D9EH         LINE#         466
  C:7D9EH         LINE#         489
  -------         ENDPROC       MAIN
  -------         PROC          PCA_INT
BL51 BANKED LINKER/LOCATER V6.22                                                      03/01/2016  20:32:59  PAGE 21


  -------         DO            
  X:0000H         SYMBOL        s_KeyNum
  -------         ENDDO         
  C:67DBH         LINE#         492
  C:67F0H         LINE#         495
  C:67F2H         LINE#         496
  C:67F8H         LINE#         497
  C:67F8H         LINE#         498
  C:67FAH         LINE#         499
  C:6808H         LINE#         500
  C:680EH         LINE#         501
  C:6811H         LINE#         503
  C:6817H         LINE#         504
  C:6825H         LINE#         505
  C:682BH         LINE#         508
  C:683AH         LINE#         510
  C:683CH         LINE#         514
  C:6840H         LINE#         516
  C:6843H         LINE#         517
  C:6857H         LINE#         518
  C:685AH         LINE#         519
  C:685DH         LINE#         520
  C:6860H         LINE#         522
  C:6862H         LINE#         523
  C:6874H         LINE#         524
  C:6877H         LINE#         525
  C:687AH         LINE#         526
  C:687CH         LINE#         528
  C:687EH         LINE#         529
  C:6890H         LINE#         530
  C:6893H         LINE#         531
  C:6896H         LINE#         532
  C:6898H         LINE#         534
  C:6898H         LINE#         536
  C:689FH         LINE#         537
  C:68A1H         LINE#         538
  C:68A3H         LINE#         539
  C:68A5H         LINE#         540
  C:68A7H         LINE#         541
  C:68A7H         LINE#         543
  C:68AFH         LINE#         544
  C:68AFH         LINE#         545
  C:68B0H         LINE#         546
  C:68BCH         LINE#         547
  C:68BFH         LINE#         548
  C:68CCH         LINE#         549
  C:68CFH         LINE#         550
  C:68D7H         LINE#         551
  C:68D9H         LINE#         552
  C:68DEH         LINE#         553
  C:68F1H         LINE#         554
  C:68F3H         LINE#         555
  C:68F3H         LINE#         556
  C:68F5H         LINE#         557
  C:68F7H         LINE#         559
  C:68F7H         LINE#         560
  C:68F9H         LINE#         561
BL51 BANKED LINKER/LOCATER V6.22                                                      03/01/2016  20:32:59  PAGE 22


  C:68FBH         LINE#         562
  C:68FDH         LINE#         563
  C:68FDH         LINE#         564
  C:68FDH         LINE#         565
  C:68FDH         LINE#         566
  -------         ENDPROC       PCA_INT
  -------         ENDMOD        MAIN

  -------         MODULE        MEAPRO
  C:0000H         SYMBOL        _ICE_DUMMY_
  D:0080H         PUBLIC        P0
  D:0090H         PUBLIC        P1
  D:00A0H         PUBLIC        P2
  D:00B0H         PUBLIC        P3
  D:00C0H         PUBLIC        P4
  D:00C8H         PUBLIC        P5
  D:00E8H         PUBLIC        P6
  D:00F8H         PUBLIC        P7
  C:5822H         PUBLIC        Kind
  C:36C4H         PUBLIC        _MeasureProPage
  D:00A8H         PUBLIC        IE
  C:7B42H         PUBLIC        _StartLiqSolMes
  D:00B8H         PUBLIC        IP
  X:026CH         PUBLIC        fMeaVal
  D:00D8H         PUBLIC        CCON
  D:0098H         PUBLIC        SCON
  D:0088H         PUBLIC        TCON
  C:868EH         PUBLIC        StartMes
  C:8397H         PUBLIC        _MeaResDeal
  C:7332H         PUBLIC        MeaValueUpd
  C:6B74H         PUBLIC        StartBacMes
  C:5FD6H         PUBLIC        _MeaProDeal
  D:008CH         PUBLIC        TH0
  D:008DH         PUBLIC        TH1
  D:00D2H         PUBLIC        T4H
  D:008AH         PUBLIC        TL0
  D:008BH         PUBLIC        TL1
  D:00D3H         PUBLIC        T4L
  C:57D2H         PUBLIC        Measure
  D:00D1H         PUBLIC        T4T3M
  C:86F9H         PUBLIC        _MeaDetailDeal
  C:6FA9H         PUBLIC        _MeaDetail
  C:5796H         PUBLIC        Reason
  D:00D0H         PUBLIC        PSW
  C:8774H         PUBLIC        _MeasureBusy
  C:7AA6H         PUBLIC        MeasureBusyPage
  -------         PROC          STARTMES
  C:868EH         LINE#         32
  C:868EH         LINE#         33
  C:868EH         LINE#         34
  C:8693H         LINE#         35
  C:8697H         LINE#         36
  C:869BH         LINE#         37
  C:86A5H         LINE#         38
  C:86AFH         LINE#         39
  C:86B9H         LINE#         40
  C:86BEH         LINE#         41
BL51 BANKED LINKER/LOCATER V6.22                                                      03/01/2016  20:32:59  PAGE 23


  C:86C0H         LINE#         42
  C:86C2H         LINE#         44
  C:86C9H         LINE#         46
  -------         ENDPROC       STARTMES
  -------         PROC          MEASUREBUSYPAGE
  C:7AA6H         LINE#         48
  C:7AA6H         LINE#         49
  C:7AA6H         LINE#         50
  C:7ABEH         LINE#         51
  C:7AD7H         LINE#         52
  C:7AF0H         LINE#         53
  C:7B0AH         LINE#         54
  C:7B24H         LINE#         55
  C:7B3BH         LINE#         56
  C:7B41H         LINE#         57
  -------         ENDPROC       MEASUREBUSYPAGE
  -------         PROC          _MEASUREBUSY
  D:0007H         SYMBOL        chKey
  C:8774H         LINE#         59
  C:8774H         LINE#         60
  C:8774H         LINE#         61
  C:877DH         LINE#         62
  C:877DH         LINE#         63
  C:8787H         LINE#         64
  C:878EH         LINE#         65
  C:8790H         LINE#         66
  C:879BH         LINE#         67
  C:879BH         LINE#         68
  C:879BH         LINE#         69
  -------         ENDPROC       _MEASUREBUSY
  -------         PROC          _MEADETAIL
  X:0227H         SYMBOL        chMode
  C:6FA9H         LINE#         71
  C:6FAEH         LINE#         72
  C:6FAEH         LINE#         73
  C:6FB4H         LINE#         74
  C:6FCCH         LINE#         75
  C:6FE6H         LINE#         76
  C:6FFDH         LINE#         78
  C:7016H         LINE#         79
  C:702FH         LINE#         80
  C:7048H         LINE#         82
  C:7061H         LINE#         83
  C:7069H         LINE#         84
  C:7069H         LINE#         85
  C:7082H         LINE#         86
  C:709BH         LINE#         87
  C:709BH         LINE#         88
  -------         ENDPROC       _MEADETAIL
  -------         PROC          L?0078
  -------         ENDPROC       L?0078
  -------         PROC          _MEASUREPROPAGE
  X:022FH         SYMBOL        chMode
  B:0020H.6       SYMBOL        bMeaState
  -------         DO            
  B:0020H.7       SYMBOL        bShoMeaStaF
  -------         ENDDO         
BL51 BANKED LINKER/LOCATER V6.22                                                      03/01/2016  20:32:59  PAGE 24


  C:36C4H         LINE#         90
  C:36C9H         LINE#         91
  C:36C9H         LINE#         93
  C:36CFH         LINE#         94
  C:36D2H         LINE#         95
  C:36D8H         LINE#         96
  C:36DAH         LINE#         97
  C:36F2H         LINE#         98
  C:370BH         LINE#         99
  C:3725H         LINE#         100
  C:373FH         LINE#         101
  C:3759H         LINE#         102
  C:37B2H         LINE#         103
  C:37CAH         LINE#         104
  C:37CCH         LINE#         105
  C:37E4H         LINE#         106
  C:37E4H         LINE#         107
  C:37F9H         LINE#         108
  C:37FCH         LINE#         109
  C:37FCH         LINE#         110
  C:3822H         LINE#         111
  C:3837H         LINE#         112
  C:3839H         LINE#         113
  C:3839H         LINE#         114
  C:386EH         LINE#         115
  C:3887H         LINE#         116
  C:3889H         LINE#         117
  C:3889H         LINE#         118
  C:3889H         LINE#         119
  C:388BH         LINE#         120
  C:388BH         LINE#         121
  C:38B3H         LINE#         122
  C:38BCH         LINE#         123
  C:38E1H         LINE#         124
  C:3905H         LINE#         125
  C:3908H         LINE#         126
  C:3930H         LINE#         127
  C:3958H         LINE#         129
  C:3971H         LINE#         130
  C:398AH         LINE#         131
  C:39E3H         LINE#         132
  C:39FCH         LINE#         134
  C:3A15H         LINE#         135
  C:3A2EH         LINE#         136
  C:3A87H         LINE#         137
  C:3AA0H         LINE#         138
  C:3AA0H         LINE#         139
  C:3AA3H         LINE#         140
  C:3AA9H         LINE#         141
  C:3AC2H         LINE#         142
  C:3ADCH         LINE#         143
  C:3AF6H         LINE#         144
  C:3B10H         LINE#         145
  C:3B2EH         LINE#         150
  C:3B2EH         LINE#         151
  C:3B47H         LINE#         152
  -------         ENDPROC       _MEASUREPROPAGE
BL51 BANKED LINKER/LOCATER V6.22                                                      03/01/2016  20:32:59  PAGE 25


  -------         PROC          _MEAPRODEAL
  D:0007H         SYMBOL        chKey
  X:0225H         SYMBOL        chMode
  -------         DO            
  X:0226H         SYMBOL        chReason
  -------         ENDDO         
  C:5FD6H         LINE#         156
  C:5FDBH         LINE#         157
  C:5FDBH         LINE#         159
  C:5FEEH         LINE#         160
  C:5FF6H         LINE#         161
  C:5FFDH         LINE#         162
  C:6019H         LINE#         163
  C:601BH         LINE#         164
  C:6020H         LINE#         165
  C:6026H         LINE#         166
  C:603EH         LINE#         167
  C:6063H         LINE#         168
  C:607CH         LINE#         169
  C:6096H         LINE#         170
  C:60B0H         LINE#         171
  C:60CAH         LINE#         172
  C:60EAH         LINE#         173
  C:6101H         LINE#         174
  C:6112H         LINE#         175
  C:6114H         LINE#         176
  C:6115H         LINE#         177
  C:6137H         LINE#         178
  C:613AH         LINE#         179
  C:613AH         LINE#         180
  C:613AH         LINE#         181
  C:613AH         LINE#         182
  -------         ENDPROC       _MEAPRODEAL
  -------         PROC          _MEARESDEAL
  D:0007H         SYMBOL        chKey
  X:0225H         SYMBOL        chMode
  X:0226H         SYMBOL        bMeaResuSta
  C:8397H         LINE#         184
  C:839FH         LINE#         185
  C:839FH         LINE#         186
  C:83AEH         LINE#         187
  C:83B6H         LINE#         188
  C:83B9H         LINE#         189
  C:83D1H         LINE#         190
  C:83DEH         LINE#         191
  C:83E4H         LINE#         192
  C:83ECH         LINE#         193
  C:83ECH         LINE#         194
  C:83ECH         LINE#         195
  C:83F4H         LINE#         196
  C:83F4H         LINE#         197
  C:83F4H         LINE#         198
  -------         ENDPROC       _MEARESDEAL
  -------         PROC          _MEADETAILDEAL
  D:0007H         SYMBOL        chKey
  D:0005H         SYMBOL        chMesMode
  C:86F9H         LINE#         199
BL51 BANKED LINKER/LOCATER V6.22                                                      03/01/2016  20:32:59  PAGE 26


  C:86F9H         LINE#         200
  C:86F9H         LINE#         201
  C:86FEH         LINE#         202
  C:8705H         LINE#         203
  C:870CH         LINE#         204
  C:870CH         LINE#         205
  C:8712H         LINE#         206
  C:8715H         LINE#         207
  C:8722H         LINE#         208
  C:8722H         LINE#         209
  C:8722H         LINE#         210
  C:8722H         LINE#         211
  C:8722H         LINE#         212
  -------         ENDPROC       _MEADETAILDEAL
  -------         PROC          STARTBACMES
  C:6B74H         LINE#         214
  C:6B74H         LINE#         215
  C:6B74H         LINE#         216
  C:6B8FH         LINE#         217
  C:6B8FH         LINE#         218
  C:6B95H         LINE#         219
  C:6B9DH         LINE#         220
  C:6BA7H         LINE#         221
  C:6BABH         LINE#         222
  C:6BAEH         LINE#         223
  C:6BAEH         LINE#         224
  C:6BB5H         LINE#         225
  C:6BB5H         LINE#         226
  C:6BCDH         LINE#         227
  C:6BECH         LINE#         228
  C:6C05H         LINE#         229
  C:6C1EH         LINE#         230
  C:6C38H         LINE#         231
  C:6C51H         LINE#         232
  C:6C6AH         LINE#         233
  C:6C83H         LINE#         234
  C:6C9AH         LINE#         235
  C:6C9AH         LINE#         236
  C:6C9DH         LINE#         237
  -------         ENDPROC       STARTBACMES
  -------         PROC          _STARTLIQSOLMES
  X:022EH         SYMBOL        chKey
  C:7B42H         LINE#         239
  C:7B47H         LINE#         240
  C:7B47H         LINE#         241
  C:7B63H         LINE#         242
  C:7B63H         LINE#         243
  C:7B6AH         LINE#         244
  C:7B78H         LINE#         245
  C:7B7FH         LINE#         246
  C:7B82H         LINE#         247
  C:7B82H         LINE#         248
  C:7B95H         LINE#         249
  C:7B9BH         LINE#         250
  C:7BA1H         LINE#         251
  C:7BA1H         LINE#         252
  C:7BB9H         LINE#         253
BL51 BANKED LINKER/LOCATER V6.22                                                      03/01/2016  20:32:59  PAGE 27


  C:7BD2H         LINE#         254
  C:7BDAH         LINE#         255
  C:7BDAH         LINE#         256
  C:7BDDH         LINE#         257
  -------         ENDPROC       _STARTLIQSOLMES
  -------         PROC          MEAVALUEUPD
  -------         DO            
  X:0225H         SYMBOL        MeaSecTim
  -------         ENDDO         
  C:7332H         LINE#         259
  C:7332H         LINE#         260
  C:7332H         LINE#         264
  C:735FH         LINE#         275
  C:7393H         LINE#         276
  C:73C8H         LINE#         277
  -------         ENDPROC       MEAVALUEUPD
  -------         ENDMOD        MEAPRO

  -------         MODULE        SETPARA
  C:0000H         SYMBOL        _ICE_DUMMY_
  D:0080H         PUBLIC        P0
  D:0090H         PUBLIC        P1
  D:00A0H         PUBLIC        P2
  D:00B0H         PUBLIC        P3
  D:00C0H         PUBLIC        P4
  D:00C8H         PUBLIC        P5
  C:2927H         PUBLIC        _ParaPage
  D:00E8H         PUBLIC        P6
  D:00F8H         PUBLIC        P7
  D:00A8H         PUBLIC        IE
  C:669AH         PUBLIC        StartPara
  D:00B8H         PUBLIC        IP
  D:00D8H         PUBLIC        CCON
  D:0098H         PUBLIC        SCON
  D:0088H         PUBLIC        TCON
  C:3003H         PUBLIC        _ParPagUpd
  D:00D0H         PUBLIC        PSW
  C:8204H         PUBLIC        ParSetUpdPage
  -------         PROC          PARSETUPDPAGE
  C:8204H         LINE#         11
  C:8204H         LINE#         12
  C:8204H         LINE#         13
  C:820AH         LINE#         14
  C:821CH         LINE#         15
  C:821FH         LINE#         16
  C:823FH         LINE#         17
  -------         ENDPROC       PARSETUPDPAGE
  -------         PROC          _PARAPAGE
  X:022FH         SYMBOL        chMode
  C:2927H         LINE#         20
  C:292CH         LINE#         21
  C:292CH         LINE#         22
  C:2931H         LINE#         23
  C:2935H         LINE#         24
  C:2939H         LINE#         25
  C:2958H         LINE#         26
  C:2976H         LINE#         27
BL51 BANKED LINKER/LOCATER V6.22                                                      03/01/2016  20:32:59  PAGE 28


  C:298FH         LINE#         28
  C:29A8H         LINE#         29
  C:29C1H         LINE#         30
  C:29E5H         LINE#         31
  C:29FDH         LINE#         32
  C:29FDH         LINE#         33
  C:29FDH         LINE#         34
  C:2A00H         LINE#         35
  C:2A19H         LINE#         36
  C:2A32H         LINE#         37
  C:2A4BH         LINE#         38
  C:2A64H         LINE#         39
  C:2A7DH         LINE#         40
  C:2AA1H         LINE#         41
  C:2AC5H         LINE#         42
  C:2B03H         LINE#         43
  C:2B1CH         LINE#         44
  C:2B28H         LINE#         45
  C:2B2BH         LINE#         46
  C:2B44H         LINE#         47
  C:2B5DH         LINE#         48
  C:2B76H         LINE#         49
  C:2B8FH         LINE#         50
  C:2BA8H         LINE#         51
  C:2BC1H         LINE#         52
  C:2BDAH         LINE#         53
  C:2BF3H         LINE#         54
  C:2C17H         LINE#         55
  C:2C37H         LINE#         56
  C:2C5BH         LINE#         57
  C:2C7FH         LINE#         62
  C:2CCEH         LINE#         63
  C:2CCEH         LINE#         64
  C:2CCEH         LINE#         65
  C:2CD1H         LINE#         66
  C:2CEAH         LINE#         67
  C:2D03H         LINE#         68
  C:2D1CH         LINE#         69
  C:2D35H         LINE#         70
  C:2D4EH         LINE#         71
  C:2D67H         LINE#         72
  C:2DC5H         LINE#         73
  C:2E23H         LINE#         74
  C:2E61H         LINE#         75
  C:2E85H         LINE#         85
  C:2F48H         LINE#         86
  C:2F61H         LINE#         87
  C:2F6DH         LINE#         88
  C:2F6DH         LINE#         89
  C:2F6DH         LINE#         90
  C:2F6DH         LINE#         91
  C:2F85H         LINE#         92
  C:2F9DH         LINE#         93
  C:2FB5H         LINE#         94
  C:2FCFH         LINE#         95
  C:2FE9H         LINE#         96
  C:3000H         LINE#         97
BL51 BANKED LINKER/LOCATER V6.22                                                      03/01/2016  20:32:59  PAGE 29


  -------         ENDPROC       _PARAPAGE
  -------         PROC          _PARPAGUPD
  D:0007H         SYMBOL        chKey
  X:021EH         SYMBOL        chMode
  -------         DO            
  X:021FH         SYMBOL        i
  X:0220H         SYMBOL        j
  X:0221H         SYMBOL        k1
  X:0222H         SYMBOL        k2
  X:0223H         SYMBOL        chSetNum
  X:0224H         SYMBOL        chSetNumShad
  X:0225H         SYMBOL        piPtrShad
  X:0228H         SYMBOL        piPtr
  X:022BH         SYMBOL        SetValueBuf
  -------         ENDDO         
  C:3003H         LINE#         100
  C:3008H         LINE#         101
  C:3008H         LINE#         106
  C:3026H         LINE#         107
  C:3037H         LINE#         108
  C:3059H         LINE#         109
  C:3059H         LINE#         110
  C:305CH         LINE#         111
  C:306DH         LINE#         112
  C:308FH         LINE#         113
  C:308FH         LINE#         114
  C:3092H         LINE#         115
  C:3098H         LINE#         116
  C:309FH         LINE#         117
  C:30ACH         LINE#         118
  C:30AEH         LINE#         119
  C:30B2H         LINE#         120
  C:30B6H         LINE#         121
  C:30B6H         LINE#         122
  C:3104H         LINE#         123
  C:3115H         LINE#         124
  C:311CH         LINE#         125
  C:312FH         LINE#         126
  C:3134H         LINE#         127
  C:313DH         LINE#         128
  C:3143H         LINE#         129
  C:3143H         LINE#         130
  C:3146H         LINE#         131
  C:3146H         LINE#         132
  C:314BH         LINE#         133
  C:3166H         LINE#         134
  C:3166H         LINE#         135
  C:3170H         LINE#         136
  C:3173H         LINE#         137
  C:3177H         LINE#         138
  C:3185H         LINE#         139
  C:319DH         LINE#         140
  C:31ABH         LINE#         141
  C:31D7H         LINE#         142
  C:31E1H         LINE#         143
  C:31E7H         LINE#         144
  C:31EDH         LINE#         145
BL51 BANKED LINKER/LOCATER V6.22                                                      03/01/2016  20:32:59  PAGE 30


  C:320DH         LINE#         146
  C:321AH         LINE#         147
  C:3246H         LINE#         148
  C:324CH         LINE#         153
  C:3264H         LINE#         154
  C:3271H         LINE#         155
  C:3274H         LINE#         156
  C:3274H         LINE#         157
  C:3274H         LINE#         158
  C:327EH         LINE#         159
  C:3289H         LINE#         160
  C:328BH         LINE#         161
  C:3296H         LINE#         162
  C:3296H         LINE#         163
  C:32ABH         LINE#         164
  C:32C3H         LINE#         165
  C:3303H         LINE#         166
  C:3353H         LINE#         167
  C:3371H         LINE#         168
  C:339DH         LINE#         169
  C:33A4H         LINE#         170
  C:33A7H         LINE#         174
  C:3407H         LINE#         176
  C:3407H         LINE#         177
  C:3425H         LINE#         178
  C:3451H         LINE#         179
  C:3458H         LINE#         180
  C:345BH         LINE#         181
  C:3479H         LINE#         182
  C:348FH         LINE#         183
  C:348FH         LINE#         184
  C:34AFH         LINE#         185
  C:34AFH         LINE#         186
  C:34C4H         LINE#         187
  C:350EH         LINE#         189
  C:3518H         LINE#         190
  C:3518H         LINE#         191
  C:3518H         LINE#         192
  C:351EH         LINE#         193
  C:3524H         LINE#         194
  C:3526H         LINE#         195
  C:3544H         LINE#         196
  C:3544H         LINE#         197
  C:3551H         LINE#         198
  C:3557H         LINE#         199
  C:3583H         LINE#         200
  C:358AH         LINE#         201
  C:359AH         LINE#         202
  C:359DH         LINE#         203
  C:35A9H         LINE#         204
  C:35B5H         LINE#         206
  C:35C1H         LINE#         207
  C:35CDH         LINE#         209
  C:35D8H         LINE#         211
  C:360DH         LINE#         213
  C:361AH         LINE#         214
  C:3627H         LINE#         215
BL51 BANKED LINKER/LOCATER V6.22                                                      03/01/2016  20:32:59  PAGE 31


  C:3637H         LINE#         216
  C:3637H         LINE#         217
  C:365CH         LINE#         219
  C:3675H         LINE#         220
  C:367DH         LINE#         221
  C:367FH         LINE#         222
  C:3680H         LINE#         223
  C:3680H         LINE#         224
  C:3692H         LINE#         225
  C:3692H         LINE#         226
  C:36A3H         LINE#         227
  C:36A3H         LINE#         228
  C:36AAH         LINE#         229
  C:36AAH         LINE#         230
  C:36B1H         LINE#         231
  C:36B4H         LINE#         232
  C:36B4H         LINE#         233
  C:36B9H         LINE#         234
  C:36B9H         LINE#         235
  C:36B9H         LINE#         236
  C:36B9H         LINE#         237
  -------         ENDPROC       _PARPAGUPD
  -------         PROC          STARTPARA
  C:669AH         LINE#         242
  C:669AH         LINE#         243
  C:669AH         LINE#         244
  C:66A0H         LINE#         245
  C:66A8H         LINE#         246
  C:66AFH         LINE#         247
  C:66B3H         LINE#         248
  C:66B6H         LINE#         249
  C:66B6H         LINE#         250
  C:66B6H         LINE#         251
  C:66BDH         LINE#         252
  C:66D5H         LINE#         253
  C:66FDH         LINE#         254
  C:6714H         LINE#         255
  C:672BH         LINE#         256
  C:6742H         LINE#         257
  C:6763H         LINE#         258
  C:677AH         LINE#         259
  C:6794H         LINE#         260
  C:67ADH         LINE#         261
  C:67C4H         LINE#         262
  -------         ENDPROC       STARTPARA
  -------         ENDMOD        SETPARA

  -------         MODULE        HISRECORD
  C:0000H         SYMBOL        _ICE_DUMMY_
  D:0080H         PUBLIC        P0
  D:0090H         PUBLIC        P1
  D:00A0H         PUBLIC        P2
  D:00B0H         PUBLIC        P3
  D:00C0H         PUBLIC        P4
  D:00C8H         PUBLIC        P5
  D:00E8H         PUBLIC        P6
  D:00F8H         PUBLIC        P7
BL51 BANKED LINKER/LOCATER V6.22                                                      03/01/2016  20:32:59  PAGE 32


  C:3FE1H         PUBLIC        _SaveDeal
  C:5292H         PUBLIC        _DeletRec
  C:7DA0H         PUBLIC        _HistoryDel
  D:00A8H         PUBLIC        IE
  C:8578H         PUBLIC        _SaveValue
  D:00B8H         PUBLIC        IP
  D:00D8H         PUBLIC        CCON
  C:4AA8H         PUBLIC        _HistoryPro
  D:0098H         PUBLIC        SCON
  D:0088H         PUBLIC        TCON
  X:0270H         PUBLIC        shun
  C:7FD0H         PUBLIC        _ShowNum
  C:59E5H         PUBLIC        _ReadRAM
  C:613BH         PUBLIC        His_Record
  C:5D08H         PUBLIC        _DatTypDef
  C:43EEH         PUBLIC        _UpdHisRec
  D:00D0H         PUBLIC        PSW
  C:7FC5H         SYMBOL        L?0137
  -------         PROC          L?0136
  -------         ENDPROC       L?0136
  C:7FC5H         SYMBOL        L?0137
  -------         PROC          _SHOWNUM
  X:022EH         SYMBOL        Ptr
  X:022FH         SYMBOL        NowPageAddr
  C:7FD0H         LINE#         13
  C:7FD8H         LINE#         14
  C:7FD8H         LINE#         15
  C:7FECH         LINE#         16
  C:8028H         LINE#         18
  -------         ENDPROC       _SHOWNUM
  -------         PROC          _READRAM
  D:0007H         SYMBOL        NowPageAddr
  X:0237H         SYMBOL        k
  X:023AH         SYMBOL        NowPos
  -------         DO            
  X:023DH         SYMBOL        NowAddr
  X:023EH         SYMBOL        hwCurRAM
  X:023FH         SYMBOL        chNext
  -------         ENDDO         
  C:59E5H         LINE#         21
  C:59F0H         LINE#         22
  C:59F0H         LINE#         24
  C:59F5H         LINE#         26
  C:5A09H         LINE#         27
  C:5A1DH         LINE#         28
  C:5A2AH         LINE#         30
  C:5A2FH         LINE#         31
  C:5A2FH         LINE#         32
  C:5A47H         LINE#         33
  C:5A62H         LINE#         34
  C:5A68H         LINE#         35
  C:5A70H         LINE#         36
  C:5A72H         LINE#         37
  C:5A7AH         LINE#         38
  C:5A92H         LINE#         39
  C:5A9DH         LINE#         40
  C:5AACH         LINE#         41
BL51 BANKED LINKER/LOCATER V6.22                                                      03/01/2016  20:32:59  PAGE 33


  C:5AC2H         LINE#         42
  C:5AD2H         LINE#         43
  C:5AF7H         LINE#         44
  C:5B17H         LINE#         45
  C:5B1CH         LINE#         46
  C:5B23H         LINE#         47
  C:5B2BH         LINE#         48
  C:5B3EH         LINE#         49
  C:5B46H         LINE#         50
  C:5B46H         LINE#         51
  C:5B48H         LINE#         52
  C:5B58H         LINE#         53
  C:5B72H         LINE#         54
  C:5B7AH         LINE#         55
  C:5B7AH         LINE#         56
  C:5B85H         LINE#         57
  C:5B88H         LINE#         58
  -------         ENDPROC       _READRAM
  C:5D03H         SYMBOL        L?0139
  -------         PROC          L?0138
  -------         ENDPROC       L?0138
  C:5D03H         SYMBOL        L?0139
  -------         PROC          _DATTYPDEF
  X:0236H         SYMBOL        b_char
  -------         DO            
  X:0239H         SYMBOL        i
  X:023AH         SYMBOL        hw_int
  -------         ENDDO         
  C:5D08H         LINE#         59
  C:5D13H         LINE#         60
  C:5D13H         LINE#         61
  C:5D17H         LINE#         63
  C:5D4DH         LINE#         64
  C:5D66H         LINE#         65
  C:5D70H         LINE#         66
  C:5DA8H         LINE#         67
  C:5DC1H         LINE#         68
  C:5DCBH         LINE#         69
  C:5E03H         LINE#         70
  C:5E1CH         LINE#         71
  C:5E26H         LINE#         72
  C:5E5EH         LINE#         73
  C:5E6CH         LINE#         74
  -------         ENDPROC       _DATTYPDEF
  C:43E9H         SYMBOL        L?0141
  -------         PROC          L?0140
  -------         ENDPROC       L?0140
  C:43E9H         SYMBOL        L?0141
  -------         PROC          _UPDHISREC
  X:022EH         SYMBOL        NowPageAddr
  -------         DO            
  X:022FH         SYMBOL        Gap_Value
  X:0233H         SYMBOL        NowPos
  X:0234H         SYMBOL        chNum
  X:0235H         SYMBOL        k
  -------         ENDDO         
  C:43EEH         LINE#         77
BL51 BANKED LINKER/LOCATER V6.22                                                      03/01/2016  20:32:59  PAGE 34


  C:43F3H         LINE#         78
  C:43F3H         LINE#         80
  C:43F8H         LINE#         81
  C:440EH         LINE#         82
  C:4426H         LINE#         83
  C:4433H         LINE#         90
  C:44E2H         LINE#         91
  C:4505H         LINE#         92
  C:451BH         LINE#         93
  C:4574H         LINE#         94
  C:4597H         LINE#         98
  C:45FDH         LINE#         99
  C:4620H         LINE#         100
  C:4636H         LINE#         101
  C:468FH         LINE#         102
  C:46B2H         LINE#         103
  C:46C8H         LINE#         104
  C:4721H         LINE#         105
  C:4744H         LINE#         106
  C:474AH         LINE#         107
  C:474DH         LINE#         108
  -------         ENDPROC       _UPDHISREC
  -------         PROC          HIS_RECORD
  C:613BH         LINE#         111
  C:613BH         LINE#         112
  C:613BH         LINE#         113
  C:6141H         LINE#         114
  C:6145H         LINE#         115
  C:614AH         LINE#         116
  C:614AH         LINE#         117
  C:615EH         LINE#         118
  C:6160H         LINE#         119
  C:6182H         LINE#         120
  C:619AH         LINE#         121
  C:61B3H         LINE#         122
  C:61CDH         LINE#         123
  C:61D3H         LINE#         124
  C:61D3H         LINE#         125
  C:61EBH         LINE#         126
  C:6203H         LINE#         127
  C:621DH         LINE#         128
  C:6237H         LINE#         129
  C:625AH         LINE#         130
  C:625DH         LINE#         131
  C:6260H         LINE#         132
  C:6280H         LINE#         133
  C:6280H         LINE#         134
  C:6297H         LINE#         135
  C:629DH         LINE#         136
  -------         ENDPROC       HIS_RECORD
  -------         PROC          _SAVEDEAL
  D:0007H         SYMBOL        chMode
  -------         DO            
  B:0020H.6       SYMBOL        bSavFla
  D:0001H         SYMBOL        p
  X:0228H         SYMBOL        i
  X:0229H         SYMBOL        k
BL51 BANKED LINKER/LOCATER V6.22                                                      03/01/2016  20:32:59  PAGE 35


  X:022AH         SYMBOL        hwCurRAM
  X:022CH         SYMBOL        NowAddr
  X:022EH         SYMBOL        NowPos
  -------         ENDDO         
  C:3FE1H         LINE#         138
  C:3FE1H         LINE#         139
  C:3FE1H         LINE#         140
  C:3FE3H         LINE#         144
  C:3FF8H         LINE#         145
  C:400CH         LINE#         146
  C:4020H         LINE#         147
  C:4034H         LINE#         148
  C:4036H         LINE#         149
  C:4039H         LINE#         150
  C:4039H         LINE#         151
  C:404DH         LINE#         152
  C:4061H         LINE#         153
  C:406BH         LINE#         155
  C:406FH         LINE#         156
  C:4071H         LINE#         158
  C:4074H         LINE#         159
  C:4077H         LINE#         160
  C:4079H         LINE#         161
  C:407BH         LINE#         163
  C:407DH         LINE#         165
  C:4081H         LINE#         166
  C:4084H         LINE#         167
  C:4086H         LINE#         169
  C:4089H         LINE#         170
  C:408CH         LINE#         172
  C:4092H         LINE#         173
  C:4096H         LINE#         174
  C:4099H         LINE#         175
  C:40A8H         LINE#         176
[...]
  X:0253H         SYMBOL        i
  D:0006H         SYMBOL        j
  D:0001H         SYMBOL        pCode
  X:0254H         SYMBOL        num
  D:0006H         SYMBOL        addr
  -------         ENDDO         
  C:6910H         LINE#         363
  C:691EH         LINE#         364
  C:691EH         LINE#         368
  C:6944H         LINE#         369
  C:6949H         LINE#         370
  C:6953H         LINE#         371
  C:6953H         LINE#         372
  C:699BH         LINE#         373
  C:699BH         LINE#         374
  C:69B4H         LINE#         375
  C:69BFH         LINE#         376
  C:69DFH         LINE#         377
  C:69DFH         LINE#         378
  C:69E4H         LINE#         379
  C:69F6H         LINE#         380
  C:6A05H         LINE#         381
  C:6A08H         LINE#         382
  C:6A12H         LINE#         383
  C:6A25H         LINE#         384
  C:6A2DH         LINE#         385
  C:6A37H         LINE#         386
  C:6A3AH         LINE#         387
  C:6A42H         LINE#         388
  C:6A42H         LINE#         389
  -------         ENDPROC       _SHOW_CHAR
  -------         PROC          L?0243
  -------         ENDPROC       L?0243
  -------         PROC          _SHOW_STRING
  X:0233H         SYMBOL        hwXpos
  D:0005H         SYMBOL        chYpos
  X:0236H         SYMBOL        pText
  X:0239H         SYMBOL        hwAddr
  B:0020H.6       SYMBOL        Mode
  -------         DO            
  D:0004H         SYMBOL        chTemp
  X:023BH         SYMBOL        j
BL51 BANKED LINKER/LOCATER V6.22                                                      03/01/2016  20:32:59  PAGE 62


  X:023CH         SYMBOL        x
  X:023DH         SYMBOL        y
  X:023EH         SYMBOL        i
  -------         ENDDO         
  C:6A4EH         LINE#         391
  C:6A61H         LINE#         392
  C:6A61H         LINE#         396
  C:6A76H         LINE#         397
  C:6A76H         LINE#         398
  C:6A76H         LINE#         399
  C:6A8AH         LINE#         400
  C:6AAEH         LINE#         401
  C:6AB2H         LINE#         402
  C:6ABDH         LINE#         403
  C:6ABDH         LINE#         404
  C:6ACAH         LINE#         405
  C:6ACAH         LINE#         406
  C:6ACEH         LINE#         407
  C:6ACEH         LINE#         408
  C:6AD9H         LINE#         409
  C:6AE8H         LINE#         410
  C:6AEAH         LINE#         411
  C:6AEAH         LINE#         412
  C:6B11H         LINE#         413
  C:6B2CH         LINE#         414
  C:6B45H         LINE#         415
  C:6B54H         LINE#         416
  C:6B5FH         LINE#         417
  C:6B5FH         LINE#         418
  C:6B5FH         LINE#         419
  C:6B5FH         LINE#         420
  C:6B73H         LINE#         422
  -------         ENDPROC       _SHOW_STRING
  -------         PROC          _SHOW_CHINESE
  X:0248H         SYMBOL        hwXpos
  X:024AH         SYMBOL        chYpos
  D:0006H         SYMBOL        hwChinese
  X:024DH         SYMBOL        hwAddr
  B:0021H.2       SYMBOL        Mode
  -------         DO            
  B:0021H.3       SYMBOL        bFlag
  X:024FH         SYMBOL        i
  D:0004H         SYMBOL        j
  X:0251H         SYMBOL        x
  X:0253H         SYMBOL        y
  D:0001H         SYMBOL        pCode
  X:0255H         SYMBOL        pStr
  D:0007H         SYMBOL        addr
  -------         ENDDO         
  C:7182H         LINE#         424
  C:7191H         LINE#         425
  C:7191H         LINE#         430
  C:7197H         LINE#         431
  C:71A6H         LINE#         432
  C:71A8H         LINE#         433
  C:71AFH         LINE#         434
  C:71B4H         LINE#         435
BL51 BANKED LINKER/LOCATER V6.22                                                      03/01/2016  20:32:59  PAGE 63


  C:71E4H         LINE#         436
  C:71E9H         LINE#         437
  C:7206H         LINE#         438
  C:7215H         LINE#         439
  C:7218H         LINE#         440
  C:7228H         LINE#         441
  C:723BH         LINE#         442
  C:7243H         LINE#         443
  C:724DH         LINE#         444
  C:7254H         LINE#         445
  C:7264H         LINE#         446
  -------         ENDPROC       _SHOW_CHINESE
  -------         PROC          _CHINESE_STRING
  X:022EH         SYMBOL        hwXpos
  D:0005H         SYMBOL        chYpos
  X:0231H         SYMBOL        pText
  X:0234H         SYMBOL        hwAddr
  B:0020H.6       SYMBOL        Mode
  -------         DO            
  X:0236H         SYMBOL        dat
  X:0238H         SYMBOL        j
  X:0239H         SYMBOL        x
  X:023AH         SYMBOL        y
  X:023BH         SYMBOL        i
  -------         ENDDO         
  C:6C9EH         LINE#         448
  C:6CB1H         LINE#         449
  C:6CB1H         LINE#         456
  C:6CC6H         LINE#         457
  C:6CC6H         LINE#         458
  C:6CC6H         LINE#         459
  C:6CDDH         LINE#         460
  C:6CFEH         LINE#         461
  C:6D02H         LINE#         462
  C:6D0DH         LINE#         463
  C:6D0DH         LINE#         464
  C:6D17H         LINE#         465
  C:6D17H         LINE#         466
  C:6D2EH         LINE#         467
  C:6D57H         LINE#         468
  C:6D6FH         LINE#         469
  C:6D83H         LINE#         470
  C:6D92H         LINE#         471
  C:6D9DH         LINE#         472
  C:6D9DH         LINE#         473
  C:6D9DH         LINE#         474
  C:6D9DH         LINE#         475
  C:6DB1H         LINE#         477
  -------         ENDPROC       _CHINESE_STRING
  -------         PROC          _LCD_DISPLAY_STRING
  X:0236H         SYMBOL        hwXpos
  D:0005H         SYMBOL        chYpos
  X:0239H         SYMBOL        pText
  X:023CH         SYMBOL        hwAddr
  B:0021H.0       SYMBOL        EMode
  B:0021H.1       SYMBOL        CMode
  -------         DO            
BL51 BANKED LINKER/LOCATER V6.22                                                      03/01/2016  20:32:59  PAGE 64


  X:023EH         SYMBOL        len
  X:023FH         SYMBOL        dat
  X:0241H         SYMBOL        j
  X:0242H         SYMBOL        x1
  X:0243H         SYMBOL        y1
  X:0244H         SYMBOL        x2
  X:0245H         SYMBOL        y2
  X:0246H         SYMBOL        i
  -------         ENDDO         
  C:583AH         LINE#         479
  C:584DH         LINE#         480
  C:584DH         LINE#         481
  C:5852H         LINE#         489
  C:585FH         LINE#         490
  C:586FH         LINE#         491
  C:586FH         LINE#         492
  C:586FH         LINE#         493
  C:5886H         LINE#         498
  C:588AH         LINE#         499
  C:588AH         LINE#         500
  C:58A1H         LINE#         501
  C:58A3H         LINE#         503
  C:58A3H         LINE#         504
  C:58AAH         LINE#         505
  C:58AAH         LINE#         506
  C:58C6H         LINE#         507
  C:58D5H         LINE#         508
  C:58D7H         LINE#         509
  C:58D7H         LINE#         510
  C:58D7H         LINE#         511
  C:58DEH         LINE#         512
  C:58DEH         LINE#         513
  C:5909H         LINE#         514
  C:5921H         LINE#         515
  C:5935H         LINE#         516
  C:5944H         LINE#         517
  C:594FH         LINE#         518
  C:594FH         LINE#         519
  C:5956H         LINE#         520
  C:5958H         LINE#         522
  C:5958H         LINE#         523
  C:5980H         LINE#         524
  C:5998H         LINE#         525
  C:59ACH         LINE#         526
  C:59BBH         LINE#         527
  C:59C6H         LINE#         528
  C:59C6H         LINE#         529
  C:59CCH         LINE#         530
  C:59CCH         LINE#         531
  C:59DFH         LINE#         533
  C:59E4H         LINE#         534
  -------         ENDPROC       _LCD_DISPLAY_STRING
  -------         PROC          _SHOW_LOGO
  X:021EH         SYMBOL        hwXpos
  X:0220H         SYMBOL        chYpos
  X:0221H         SYMBOL        hwAddr
  B:0020H.1       SYMBOL        bMode
BL51 BANKED LINKER/LOCATER V6.22                                                      03/01/2016  20:32:59  PAGE 65


  -------         DO            
  X:0223H         SYMBOL        i
  X:0224H         SYMBOL        j
  X:0225H         SYMBOL        Picture
  X:0226H         SYMBOL        chNum
  -------         ENDDO         
  C:7968H         LINE#         537
  C:797BH         LINE#         538
  C:797BH         LINE#         542
  C:7984H         LINE#         543
  C:7995H         LINE#         544
  C:799AH         LINE#         545
  C:79A9H         LINE#         546
  C:79B4H         LINE#         547
  C:79B7H         LINE#         548
  C:79BCH         LINE#         549
  C:79D8H         LINE#         550
  C:79E1H         LINE#         551
  C:79E6H         LINE#         552
  C:79F4H         LINE#         553
  C:7A00H         LINE#         554
  C:7A08H         LINE#         555
  -------         ENDPROC       _SHOW_LOGO
  -------         PROC          _SHOW_POWER
  X:022DH         SYMBOL        hwXpos
  X:022FH         SYMBOL        chYpos
  X:0230H         SYMBOL        hwAddr
  X:0232H         SYMBOL        Pic
  B:0020H.5       SYMBOL        bMode
  C:7779H         LINE#         562
  C:778CH         LINE#         563
  C:778CH         LINE#         564
  C:7793H         LINE#         565
  C:77A5H         LINE#         566
  C:77BCH         LINE#         567
  C:77D3H         LINE#         568
  C:780FH         LINE#         569
  C:780FH         LINE#         570
  C:7821H         LINE#         571
  C:7821H         LINE#         572
  C:7821H         LINE#         573
  -------         ENDPROC       _SHOW_POWER
  -------         PROC          _LCD_ON
  D:0007H         SYMBOL        chCsrState
  D:0005H         SYMBOL        chDisState1
  D:0003H         SYMBOL        chDisState24
  X:0221H         SYMBOL        chDisState3
  -------         DO            
  D:0006H         SYMBOL        chTemp
  -------         ENDDO         
  C:885BH         LINE#         574
  C:885BH         LINE#         575
  C:885BH         LINE#         576
  C:885BH         LINE#         577
  C:8877H         LINE#         579
  C:887CH         LINE#         580
  -------         ENDPROC       _LCD_ON
BL51 BANKED LINKER/LOCATER V6.22                                                      03/01/2016  20:32:59  PAGE 66


  -------         PROC          LCD_OFF
  C:8989H         LINE#         584
  C:8989H         LINE#         585
  C:8989H         LINE#         586
  -------         ENDPROC       LCD_OFF
  -------         PROC          _SCROLL_SET
  X:021EH         SYMBOL        hwSad1
  D:0004H         SYMBOL        hwSad2
  D:0002H         SYMBOL        hwSad3
  X:0224H         SYMBOL        hwSad4
  X:0226H         SYMBOL        chSl1
  X:0227H         SYMBOL        chSl2
  C:83F5H         LINE#         589
  C:83FDH         LINE#         590
  C:83FDH         LINE#         591
  C:8402H         LINE#         592
  C:840BH         LINE#         593
  C:8413H         LINE#         594
  C:841BH         LINE#         595
  C:8420H         LINE#         596
  C:8425H         LINE#         597
  C:842BH         LINE#         598
  C:8430H         LINE#         599
  C:8435H         LINE#         600
  C:843EH         LINE#         601
  -------         ENDPROC       _SCROLL_SET
  -------         PROC          _CSR_FORM
  D:0006H         SYMBOL        chForm
  D:0005H         SYMBOL        chLength
  D:0003H         SYMBOL        chHeight
  C:88DBH         LINE#         604
  C:88DDH         LINE#         605
  C:88DDH         LINE#         606
  C:88E2H         LINE#         607
  C:88E7H         LINE#         608
  -------         ENDPROC       _CSR_FORM
  -------         PROC          LCDSYSTEM_INIT
  -------         DO            
  D:0006H         SYMBOL        i
  -------         ENDDO         
  C:7C76H         LINE#         611
  C:7C76H         LINE#         612
  C:7C76H         LINE#         614
  C:7C79H         LINE#         615
  C:7C7BH         LINE#         616
  C:7C7EH         LINE#         617
  C:7C81H         LINE#         618
  C:7C83H         LINE#         619
  C:7C85H         LINE#         620
  C:7C88H         LINE#         621
  C:7C8AH         LINE#         622
  C:7C8CH         LINE#         623
  C:7C8EH         LINE#         624
  C:7C90H         LINE#         625
  C:7C92H         LINE#         626
  C:7C95H         LINE#         627
  C:7C9AH         LINE#         628
BL51 BANKED LINKER/LOCATER V6.22                                                      03/01/2016  20:32:59  PAGE 67


  C:7CADH         LINE#         629
  C:7CCAH         LINE#         630
  C:7CCFH         LINE#         631
  C:7CD4H         LINE#         632
  C:7CD7H         LINE#         633
  C:7CE0H         LINE#         634
  C:7CEEH         LINE#         635
  C:7CFAH         LINE#         636
  C:7CFFH         LINE#         637
  C:7D05H         LINE#         638
  -------         ENDPROC       LCDSYSTEM_INIT
  -------         ENDMOD        LCD

  -------         MODULE        ?C?FPADD
  C:1FC3H         PUBLIC        ?C?FPADD
  C:1FBFH         PUBLIC        ?C?FPSUB
  -------         ENDMOD        ?C?FPADD

  -------         MODULE        ?C?FPDIV
  C:20B7H         PUBLIC        ?C?FPDIV
  -------         ENDMOD        ?C?FPDIV

  -------         MODULE        ?C?FPCMP
  C:2156H         PUBLIC        ?C?FPCMP
  C:2154H         PUBLIC        ?C?FPCMP3
  -------         ENDMOD        ?C?FPCMP

  -------         MODULE        ?C?FCAST
  C:21CBH         PUBLIC        ?C?FCASTC
  C:21C6H         PUBLIC        ?C?FCASTI
  C:21C1H         PUBLIC        ?C?FCASTL
  -------         ENDMOD        ?C?FCAST

  -------         MODULE        ?C?CASTF
  C:21FFH         PUBLIC        ?C?CASTF
  -------         ENDMOD        ?C?CASTF

  -------         MODULE        PRINTF
  X:0236H         PUBLIC        ?_PRINTF?BYTE
  X:0236H         PUBLIC        ?_SPRINTF?BYTE
  C:3BC9H         PUBLIC        _PRINTF
  C:3BC3H         PUBLIC        _SPRINTF
  -------         ENDMOD        PRINTF

  -------         MODULE        SCANF
  X:022DH         PUBLIC        ?_SCANF?BYTE
  X:022DH         PUBLIC        ?_SSCANF?BYTE
  C:47DBH         PUBLIC        _SCANF
  C:47D7H         PUBLIC        _SSCANF
  -------         ENDMOD        SCANF

  -------         MODULE        VSPRINTF
  X:0263H         PUBLIC        ?_VSPRINTF?BYTE
  C:852EH         PUBLIC        _VSPRINTF
  -------         ENDMOD        VSPRINTF

  -------         MODULE        ?C?FPROUND
BL51 BANKED LINKER/LOCATER V6.22                                                      03/01/2016  20:32:59  PAGE 68


  C:2280H         PUBLIC        ?C?FPROUND
  -------         ENDMOD        ?C?FPROUND

  -------         MODULE        ?C?FPCONVERT
  C:22BDH         PUBLIC        ?C?FPCONVERT
  -------         ENDMOD        ?C?FPCONVERT

  -------         MODULE        ?C?FPMUL
  C:23C2H         PUBLIC        ?C?FPMUL
  -------         ENDMOD        ?C?FPMUL

  -------         MODULE        ?C?FPNEG
  C:24C8H         PUBLIC        ?C?FPNEG
  -------         ENDMOD        ?C?FPNEG

  -------         MODULE        ?C?FTNPWR
  C:2509H         PUBLIC        ?C?FTNPWR
  -------         ENDMOD        ?C?FTNPWR

  -------         MODULE        ?C?CLDPTR
  C:2549H         PUBLIC        ?C?CLDPTR
  -------         ENDMOD        ?C?CLDPTR

  -------         MODULE        ?C?CLDOPTR
  C:2562H         PUBLIC        ?C?CLDOPTR
  -------         ENDMOD        ?C?CLDOPTR

  -------         MODULE        ?C?CILDPTR
  C:258FH         PUBLIC        ?C?CILDPTR
  -------         ENDMOD        ?C?CILDPTR

  -------         MODULE        ?C?CSTPTR
  C:25B1H         PUBLIC        ?C?CSTPTR
  -------         ENDMOD        ?C?CSTPTR

  -------         MODULE        ?C?IMUL
  C:25C3H         PUBLIC        ?C?IMUL
  -------         ENDMOD        ?C?IMUL

  -------         MODULE        ?C?SIDIV
  C:25D5H         PUBLIC        ?C?SIDIV
  -------         ENDMOD        ?C?SIDIV

  -------         MODULE        ?C?IILDX
  C:260BH         PUBLIC        ?C?IILDX
  -------         ENDMOD        ?C?IILDX

  -------         MODULE        ?C?ILDIX
  C:2621H         PUBLIC        ?C?ILDIX
  -------         ENDMOD        ?C?ILDIX

  -------         MODULE        ?C?ILDPTR
  C:2637H         PUBLIC        ?C?ILDPTR
  -------         ENDMOD        ?C?ILDPTR

  -------         MODULE        ?C?ISTPTR
  C:2662H         PUBLIC        ?C?ISTPTR
BL51 BANKED LINKER/LOCATER V6.22                                                      03/01/2016  20:32:59  PAGE 69


  -------         ENDMOD        ?C?ISTPTR

  -------         MODULE        ?C?LMUL
  C:2681H         PUBLIC        ?C?LMUL
  -------         ENDMOD        ?C?LMUL

  -------         MODULE        ?C?ULDIV
  C:270CH         PUBLIC        ?C?ULDIV
  -------         ENDMOD        ?C?ULDIV

  -------         MODULE        ?C?LNEG
  C:279EH         PUBLIC        ?C?LNEG
  -------         ENDMOD        ?C?LNEG

  -------         MODULE        ?C?ULCMP
  C:27ACH         PUBLIC        ?C?ULCMP
  -------         ENDMOD        ?C?ULCMP

  -------         MODULE        ?C?LSHL
  C:27BDH         PUBLIC        ?C?LSHL
  -------         ENDMOD        ?C?LSHL

  -------         MODULE        ?C?LSTPTR
  C:27D0H         PUBLIC        ?C?LSTPTR
  -------         ENDMOD        ?C?LSTPTR

  -------         MODULE        ?C?LSTXDATA
  C:27EAH         PUBLIC        ?C?LSTXDATA
  -------         ENDMOD        ?C?LSTXDATA

  -------         MODULE        ?C?LSTKXDATA
  C:27F6H         PUBLIC        ?C?LSTKXDATA
  -------         ENDMOD        ?C?LSTKXDATA

  -------         MODULE        ?C?PLDXDATA
  C:2827H         PUBLIC        ?C?PLDXDATA
  -------         ENDMOD        ?C?PLDXDATA

  -------         MODULE        ?C?PLDIXDATA
  C:2830H         PUBLIC        ?C?PLDIXDATA
  -------         ENDMOD        ?C?PLDIXDATA

  -------         MODULE        ?C?PILDXDATA
  C:2847H         PUBLIC        ?C?PILDXDATA
  -------         ENDMOD        ?C?PILDXDATA

  -------         MODULE        ?C?PSTXDATA
  C:285EH         PUBLIC        ?C?PSTXDATA
  -------         ENDMOD        ?C?PSTXDATA

  -------         MODULE        ?C?CCASE
  C:2867H         PUBLIC        ?C?CCASE
  -------         ENDMOD        ?C?CCASE

  -------         MODULE        ?C?ICASE
  C:288DH         PUBLIC        ?C?ICASE
  -------         ENDMOD        ?C?ICASE
BL51 BANKED LINKER/LOCATER V6.22                                                      03/01/2016  20:32:59  PAGE 70



  -------         MODULE        PUTCHAR
  C:87C3H         PUBLIC        _PUTCHAR
  -------         ENDMOD        PUTCHAR

  -------         MODULE        GETCHAR
  B:0023H.6       PUBLIC        ?C?CHARLOADED
  X:0271H         PUBLIC        ?_UNGETCHAR?BYTE
  C:0026H         PUBLIC        GETCHAR
  -------         ENDMOD        GETCHAR

  -------         MODULE        UNGETC
  C:8981H         PUBLIC        _UNGETCHAR
  -------         ENDMOD        UNGETC

  -------         MODULE        ISSPACE
  C:890CH         PUBLIC        _isspace
  -------         ENDMOD        ISSPACE

  -------         MODULE        ?C?UIDIV
  C:28BAH         PUBLIC        ?C?UIDIV
  -------         ENDMOD        ?C?UIDIV

  -------         MODULE        ?C?LSTIDATA
  C:290FH         PUBLIC        ?C?LSTIDATA
  -------         ENDMOD        ?C?LSTIDATA

  -------         MODULE        ?C?LSTPDATA
  C:291BH         PUBLIC        ?C?LSTPDATA
  -------         ENDMOD        ?C?LSTPDATA

  -------         MODULE        _GETKEY
  C:896EH         PUBLIC        _GETKEY
  -------         ENDMOD        _GETKEY

*** WARNING L16: UNCALLED SEGMENT, IGNORED FOR OVERLAY PROCESS
    SEGMENT: ?PR?_USART_DEBUG?UART

Program Size: data=23.7 xdata=626 code=35210
LINK/LOCATE RUN COMPLETE.  1 WARNING(S),  0 ERROR(S)
